../Core/Src/main.c:89:5:__io_putchar	16	static
../Core/Src/main.c:94:5:_write	24	static
../Core/Src/main.c:161:5:main	8	static
../Core/Src/main.c:219:6:SystemClock_Config	88	static
../Core/Src/main.c:267:13:MX_ADC2_Init	40	static
../Core/Src/main.c:326:13:MX_FDCAN2_Init	8	static
../Core/Src/main.c:369:13:MX_I2C2_Init	8	static
../Core/Src/main.c:417:13:MX_TIM1_Init	104	static
../Core/Src/main.c:489:13:MX_TIM2_Init	48	static
../Core/Src/main.c:538:13:MX_TIM3_Init	48	static
../Core/Src/main.c:587:13:MX_TIM4_Init	40	static
../Core/Src/main.c:633:13:MX_TIM15_Init	40	static
../Core/Src/main.c:680:13:MX_TIM20_Init	40	static
../Core/Src/main.c:728:13:MX_USART2_UART_Init	8	static
../Core/Src/main.c:776:13:MX_USB_PCD_Init	8	static
../Core/Src/main.c:809:13:MX_GPIO_Init	40	static
../Core/Src/main.c:859:6:Error_Handler	4	static,ignoring_inline_asm
