../Core/Src/main.c:86:5:__io_putchar	1
../Core/Src/main.c:91:5:_write	1
../Core/Src/main.c:158:5:main	1
../Core/Src/main.c:215:6:SystemClock_Config	3
../Core/Src/main.c:263:13:MX_FDCAN2_Init	2
../Core/Src/main.c:306:13:MX_I2C2_Init	4
../Core/Src/main.c:354:13:MX_TIM1_Init	5
../Core/Src/main.c:426:13:MX_TIM2_Init	4
../Core/Src/main.c:475:13:MX_TIM3_Init	4
../Core/Src/main.c:524:13:MX_TIM4_Init	4
../Core/Src/main.c:570:13:MX_TIM8_Init	4
../Core/Src/main.c:618:13:MX_TIM20_Init	4
../Core/Src/main.c:666:13:MX_USART2_UART_Init	5
../Core/Src/main.c:714:13:MX_USB_PCD_Init	2
../Core/Src/main.c:747:13:MX_GPIO_Init	1
../Core/Src/main.c:810:6:Error_Handler	1
