../Core/Src/stm32g4xx_it.c:73:6:NMI_Handler	4	static
../Core/Src/stm32g4xx_it.c:88:6:HardFault_Handler	4	static
../Core/Src/stm32g4xx_it.c:103:6:MemManage_Handler	4	static
../Core/Src/stm32g4xx_it.c:118:6:BusFault_Handler	4	static
../Core/Src/stm32g4xx_it.c:133:6:UsageFault_Handler	4	static
../Core/Src/stm32g4xx_it.c:148:6:SVC_Handler	4	static
../Core/Src/stm32g4xx_it.c:161:6:DebugMon_Handler	4	static
../Core/Src/stm32g4xx_it.c:174:6:PendSV_Handler	4	static
../Core/Src/stm32g4xx_it.c:187:6:SysTick_Handler	8	static
../Core/Src/stm32g4xx_it.c:208:6:TIM1_BRK_TIM15_IRQHandler	8	static
../Core/Src/stm32g4xx_it.c:223:6:TIM4_IRQHandler	8	static
../Core/Src/stm32g4xx_it.c:237:6:I2C2_EV_IRQHandler	8	static
../Core/Src/stm32g4xx_it.c:251:6:I2C2_ER_IRQHandler	8	static
../Core/Src/stm32g4xx_it.c:265:6:TIM20_BRK_IRQHandler	8	static
../Core/Src/stm32g4xx_it.c:279:6:TIM20_UP_IRQHandler	8	static
