Archive member included to satisfy reference by file (symbol)

/mnt/data/gentoo/opt/st/stm32cubeide_1.18.1/plugins/com.st.stm32cube.ide.mcu.externaltools.gnu-tools-for-stm32.13.3.rel1.linux64_1.0.0.202410170706/tools/bin/../lib/gcc/arm-none-eabi/13.3.1/../../../../arm-none-eabi/lib/thumb/v7e-m+fp/hard/libc_nano.a(libc_a-exit.o)
                              /mnt/data/gentoo/opt/st/stm32cubeide_1.18.1/plugins/com.st.stm32cube.ide.mcu.externaltools.gnu-tools-for-stm32.13.3.rel1.linux64_1.0.0.202410170706/tools/bin/../lib/gcc/arm-none-eabi/13.3.1/../../../../arm-none-eabi/lib/thumb/v7e-m+fp/hard/crt0.o (exit)
/mnt/data/gentoo/opt/st/stm32cubeide_1.18.1/plugins/com.st.stm32cube.ide.mcu.externaltools.gnu-tools-for-stm32.13.3.rel1.linux64_1.0.0.202410170706/tools/bin/../lib/gcc/arm-none-eabi/13.3.1/../../../../arm-none-eabi/lib/thumb/v7e-m+fp/hard/libc_nano.a(libc_a-findfp.o)
                              /mnt/data/gentoo/opt/st/stm32cubeide_1.18.1/plugins/com.st.stm32cube.ide.mcu.externaltools.gnu-tools-for-stm32.13.3.rel1.linux64_1.0.0.202410170706/tools/bin/../lib/gcc/arm-none-eabi/13.3.1/../../../../arm-none-eabi/lib/thumb/v7e-m+fp/hard/libc_nano.a(libc_a-exit.o) (__stdio_exit_handler)
/mnt/data/gentoo/opt/st/stm32cubeide_1.18.1/plugins/com.st.stm32cube.ide.mcu.externaltools.gnu-tools-for-stm32.13.3.rel1.linux64_1.0.0.202410170706/tools/bin/../lib/gcc/arm-none-eabi/13.3.1/../../../../arm-none-eabi/lib/thumb/v7e-m+fp/hard/libc_nano.a(libc_a-fwalk.o)
                              /mnt/data/gentoo/opt/st/stm32cubeide_1.18.1/plugins/com.st.stm32cube.ide.mcu.externaltools.gnu-tools-for-stm32.13.3.rel1.linux64_1.0.0.202410170706/tools/bin/../lib/gcc/arm-none-eabi/13.3.1/../../../../arm-none-eabi/lib/thumb/v7e-m+fp/hard/libc_nano.a(libc_a-findfp.o) (_fwalk_sglue)
/mnt/data/gentoo/opt/st/stm32cubeide_1.18.1/plugins/com.st.stm32cube.ide.mcu.externaltools.gnu-tools-for-stm32.13.3.rel1.linux64_1.0.0.202410170706/tools/bin/../lib/gcc/arm-none-eabi/13.3.1/../../../../arm-none-eabi/lib/thumb/v7e-m+fp/hard/libc_nano.a(libc_a-printf.o)
                              ./Core/Src/console.o (printf)
/mnt/data/gentoo/opt/st/stm32cubeide_1.18.1/plugins/com.st.stm32cube.ide.mcu.externaltools.gnu-tools-for-stm32.13.3.rel1.linux64_1.0.0.202410170706/tools/bin/../lib/gcc/arm-none-eabi/13.3.1/../../../../arm-none-eabi/lib/thumb/v7e-m+fp/hard/libc_nano.a(libc_a-puts.o)
                              ./Core/Src/runtime.o (puts)
/mnt/data/gentoo/opt/st/stm32cubeide_1.18.1/plugins/com.st.stm32cube.ide.mcu.externaltools.gnu-tools-for-stm32.13.3.rel1.linux64_1.0.0.202410170706/tools/bin/../lib/gcc/arm-none-eabi/13.3.1/../../../../arm-none-eabi/lib/thumb/v7e-m+fp/hard/libc_nano.a(libc_a-sprintf.o)
                              ./Core/Src/console.o (sprintf)
/mnt/data/gentoo/opt/st/stm32cubeide_1.18.1/plugins/com.st.stm32cube.ide.mcu.externaltools.gnu-tools-for-stm32.13.3.rel1.linux64_1.0.0.202410170706/tools/bin/../lib/gcc/arm-none-eabi/13.3.1/../../../../arm-none-eabi/lib/thumb/v7e-m+fp/hard/libc_nano.a(libc_a-sscanf.o)
                              ./Core/Src/console.o (sscanf)
/mnt/data/gentoo/opt/st/stm32cubeide_1.18.1/plugins/com.st.stm32cube.ide.mcu.externaltools.gnu-tools-for-stm32.13.3.rel1.linux64_1.0.0.202410170706/tools/bin/../lib/gcc/arm-none-eabi/13.3.1/../../../../arm-none-eabi/lib/thumb/v7e-m+fp/hard/libc_nano.a(libc_a-stdio.o)
                              /mnt/data/gentoo/opt/st/stm32cubeide_1.18.1/plugins/com.st.stm32cube.ide.mcu.externaltools.gnu-tools-for-stm32.13.3.rel1.linux64_1.0.0.202410170706/tools/bin/../lib/gcc/arm-none-eabi/13.3.1/../../../../arm-none-eabi/lib/thumb/v7e-m+fp/hard/libc_nano.a(libc_a-findfp.o) (__sread)
/mnt/data/gentoo/opt/st/stm32cubeide_1.18.1/plugins/com.st.stm32cube.ide.mcu.externaltools.gnu-tools-for-stm32.13.3.rel1.linux64_1.0.0.202410170706/tools/bin/../lib/gcc/arm-none-eabi/13.3.1/../../../../arm-none-eabi/lib/thumb/v7e-m+fp/hard/libc_nano.a(libc_a-wbuf.o)
                              /mnt/data/gentoo/opt/st/stm32cubeide_1.18.1/plugins/com.st.stm32cube.ide.mcu.externaltools.gnu-tools-for-stm32.13.3.rel1.linux64_1.0.0.202410170706/tools/bin/../lib/gcc/arm-none-eabi/13.3.1/../../../../arm-none-eabi/lib/thumb/v7e-m+fp/hard/libc_nano.a(libc_a-puts.o) (__swbuf_r)
/mnt/data/gentoo/opt/st/stm32cubeide_1.18.1/plugins/com.st.stm32cube.ide.mcu.externaltools.gnu-tools-for-stm32.13.3.rel1.linux64_1.0.0.202410170706/tools/bin/../lib/gcc/arm-none-eabi/13.3.1/../../../../arm-none-eabi/lib/thumb/v7e-m+fp/hard/libc_nano.a(libc_a-wsetup.o)
                              /mnt/data/gentoo/opt/st/stm32cubeide_1.18.1/plugins/com.st.stm32cube.ide.mcu.externaltools.gnu-tools-for-stm32.13.3.rel1.linux64_1.0.0.202410170706/tools/bin/../lib/gcc/arm-none-eabi/13.3.1/../../../../arm-none-eabi/lib/thumb/v7e-m+fp/hard/libc_nano.a(libc_a-puts.o) (__swsetup_r)
[...]
Memory Configuration

Name             Origin             Length             Attributes
RAM              0x20000000         0x0001c000         xrw
FLASH            0x08000000         0x00080000         xr
*default*        0x00000000         0xffffffff

Linker script and memory map

LOAD /mnt/data/gentoo/opt/st/stm32cubeide_1.18.1/plugins/com.st.stm32cube.ide.mcu.externaltools.gnu-tools-for-stm32.13.3.rel1.linux64_1.0.0.202410170706/tools/bin/../lib/gcc/arm-none-eabi/13.3.1/thumb/v7e-m+fp/hard/crti.o
LOAD /mnt/data/gentoo/opt/st/stm32cubeide_1.18.1/plugins/com.st.stm32cube.ide.mcu.externaltools.gnu-tools-for-stm32.13.3.rel1.linux64_1.0.0.202410170706/tools/bin/../lib/gcc/arm-none-eabi/13.3.1/thumb/v7e-m+fp/hard/crtbegin.o
LOAD /mnt/data/gentoo/opt/st/stm32cubeide_1.18.1/plugins/com.st.stm32cube.ide.mcu.externaltools.gnu-tools-for-stm32.13.3.rel1.linux64_1.0.0.202410170706/tools/bin/../lib/gcc/arm-none-eabi/13.3.1/../../../../arm-none-eabi/lib/thumb/v7e-m+fp/hard/crt0.o
LOAD ./Core/Src/console.o
LOAD ./Core/Src/loop.o
LOAD ./Core/Src/main.o
LOAD ./Core/Src/misc.o
LOAD ./Core/Src/rampe.o
LOAD ./Core/Src/runtime.o
LOAD ./Core/Src/stepper_control.o
LOAD ./Core/Src/stm32g4xx_hal_msp.o
LOAD ./Core/Src/stm32g4xx_it.o
LOAD ./Core/Src/syscalls.o
LOAD ./Core/Src/sysmem.o
LOAD ./Core/Src/system_stm32g4xx.o
LOAD ./Core/Src/time.o
LOAD ./Core/Startup/startup_stm32g491keux.o
LOAD ./Drivers/STM32G4xx_HAL_Driver/Src/stm32g4xx_hal.o
LOAD ./Drivers/STM32G4xx_HAL_Driver/Src/stm32g4xx_hal_cortex.o
LOAD ./Drivers/STM32G4xx_HAL_Driver/Src/stm32g4xx_hal_dma.o
LOAD ./Drivers/STM32G4xx_HAL_Driver/Src/stm32g4xx_hal_dma_ex.o
LOAD ./Drivers/STM32G4xx_HAL_Driver/Src/stm32g4xx_hal_exti.o
LOAD ./Drivers/STM32G4xx_HAL_Driver/Src/stm32g4xx_hal_fdcan.o
LOAD ./Drivers/STM32G4xx_HAL_Driver/Src/stm32g4xx_hal_flash.o
LOAD ./Drivers/STM32G4xx_HAL_Driver/Src/stm32g4xx_hal_flash_ex.o
LOAD ./Drivers/STM32G4xx_HAL_Driver/Src/stm32g4xx_hal_flash_ramfunc.o
LOAD ./Drivers/STM32G4xx_HAL_Driver/Src/stm32g4xx_hal_gpio.o
LOAD ./Drivers/STM32G4xx_HAL_Driver/Src/stm32g4xx_hal_i2c.o
LOAD ./Drivers/STM32G4xx_HAL_Driver/Src/stm32g4xx_hal_i2c_ex.o
LOAD ./Drivers/STM32G4xx_HAL_Driver/Src/stm32g4xx_hal_pcd.o
LOAD ./Drivers/STM32G4xx_HAL_Driver/Src/stm32g4xx_hal_pcd_ex.o
LOAD ./Drivers/STM32G4xx_HAL_Driver/Src/stm32g4xx_hal_pwr.o
LOAD ./Drivers/STM32G4xx_HAL_Driver/Src/stm32g4xx_hal_pwr_ex.o
LOAD ./Drivers/STM32G4xx_HAL_Driver/Src/stm32g4xx_hal_rcc.o
LOAD ./Drivers/STM32G4xx_HAL_Driver/Src/stm32g4xx_hal_rcc_ex.o
LOAD ./Drivers/STM32G4xx_HAL_Driver/Src/stm32g4xx_hal_tim.o
LOAD ./Drivers/STM32G4xx_HAL_Driver/Src/stm32g4xx_hal_tim_ex.o
LOAD ./Drivers/STM32G4xx_HAL_Driver/Src/stm32g4xx_hal_uart.o
LOAD ./Drivers/STM32G4xx_HAL_Driver/Src/stm32g4xx_hal_uart_ex.o
LOAD ./Drivers/STM32G4xx_HAL_Driver/Src/stm32g4xx_ll_usb.o
START GROUP
LOAD /mnt/data/gentoo/opt/st/stm32cubeide_1.18.1/plugins/com.st.stm32cube.ide.mcu.externaltools.gnu-tools-for-stm32.13.3.rel1.linux64_1.0.0.202410170706/tools/bin/../lib/gcc/arm-none-eabi/13.3.1/../../../../arm-none-eabi/lib/thumb/v7e-m+fp/hard/libc_nano.a
LOAD /mnt/data/gentoo/opt/st/stm32cubeide_1.18.1/plugins/com.st.stm32cube.ide.mcu.externaltools.gnu-tools-for-stm32.13.3.rel1.linux64_1.0.0.202410170706/tools/bin/../lib/gcc/arm-none-eabi/13.3.1/../../../../arm-none-eabi/lib/thumb/v7e-m+fp/hard/libm.a
END GROUP
START GROUP
LOAD /mnt/data/gentoo/opt/st/stm32cubeide_1.18.1/plugins/com.st.stm32cube.ide.mcu.externaltools.gnu-tools-for-stm32.13.3.rel1.linux64_1.0.0.202410170706/tools/bin/../lib/gcc/arm-none-eabi/13.3.1/thumb/v7e-m+fp/hard/libgcc.a
LOAD /mnt/data/gentoo/opt/st/stm32cubeide_1.18.1/plugins/com.st.stm32cube.ide.mcu.externaltools.gnu-tools-for-stm32.13.3.rel1.linux64_1.0.0.202410170706/tools/bin/../lib/gcc/arm-none-eabi/13.3.1/../../../../arm-none-eabi/lib/thumb/v7e-m+fp/hard/libc_nano.a
END GROUP
START GROUP
LOAD /mnt/data/gentoo/opt/st/stm32cubeide_1.18.1/plugins/com.st.stm32cube.ide.mcu.externaltools.gnu-tools-for-stm32.13.3.rel1.linux64_1.0.0.202410170706/tools/bin/../lib/gcc/arm-none-eabi/13.3.1/thumb/v7e-m+fp/hard/libgcc.a
LOAD /mnt/data/gentoo/opt/st/stm32cubeide_1.18.1/plugins/com.st.stm32cube.ide.mcu.externaltools.gnu-tools-for-stm32.13.3.rel1.linux64_1.0.0.202410170706/tools/bin/../lib/gcc/arm-none-eabi/13.3.1/../../../../arm-none-eabi/lib/thumb/v7e-m+fp/hard/libc_nano.a
LOAD /mnt/data/gentoo/opt/st/stm32cubeide_1.18.1/plugins/com.st.stm32cube.ide.mcu.externaltools.gnu-tools-for-stm32.13.3.rel1.linux64_1.0.0.202410170706/tools/bin/../lib/gcc/arm-none-eabi/13.3.1/../../../../arm-none-eabi/lib/thumb/v7e-m+fp/hard/libnosys.a
END GROUP
START GROUP
LOAD /mnt/data/gentoo/opt/st/stm32cubeide_1.18.1/plugins/com.st.stm32cube.ide.mcu.externaltools.gnu-tools-for-stm32.13.3.rel1.linux64_1.0.0.202410170706/tools/bin/../lib/gcc/arm-none-eabi/13.3.1/thumb/v7e-m+fp/hard/libgcc.a
LOAD /mnt/data/gentoo/opt/st/stm32cubeide_1.18.1/plugins/com.st.stm32cube.ide.mcu.externaltools.gnu-tools-for-stm32.13.3.rel1.linux64_1.0.0.202410170706/tools/bin/../lib/gcc/arm-none-eabi/13.3.1/../../../../arm-none-eabi/lib/thumb/v7e-m+fp/hard/libc_nano.a
LOAD /mnt/data/gentoo/opt/st/stm32cubeide_1.18.1/plugins/com.st.stm32cube.ide.mcu.externaltools.gnu-tools-for-stm32.13.3.rel1.linux64_1.0.0.202410170706/tools/bin/../lib/gcc/arm-none-eabi/13.3.1/../../../../arm-none-eabi/lib/thumb/v7e-m+fp/hard/libnosys.a
END GROUP
LOAD /mnt/data/gentoo/opt/st/stm32cubeide_1.18.1/plugins/com.st.stm32cube.ide.mcu.externaltools.gnu-tools-for-stm32.13.3.rel1.linux64_1.0.0.202410170706/tools/bin/../lib/gcc/arm-none-eabi/13.3.1/thumb/v7e-m+fp/hard/crtend.o
LOAD /mnt/data/gentoo/opt/st/stm32cubeide_1.18.1/plugins/com.st.stm32cube.ide.mcu.externaltools.gnu-tools-for-stm32.13.3.rel1.linux64_1.0.0.202410170706/tools/bin/../lib/gcc/arm-none-eabi/13.3.1/thumb/v7e-m+fp/hard/crtn.o
                0x2001c000                        _estack = (ORIGIN (RAM) + LENGTH (RAM))
                0x00000200                        _Min_Heap_Size = 0x200
                0x00000400                        _Min_Stack_Size = 0x400

.isr_vector     0x08000000      0x1d8
                0x08000000                        . = ALIGN (0x4)
 *(.isr_vector)
 .isr_vector    0x08000000      0x1d8 ./Core/Startup/startup_stm32g491keux.o
                0x08000000                g_pfnVectors
                0x080001d8                        . = ALIGN (0x4)

.text           0x080001e0     0xc9f0
                0x080001e0                        . = ALIGN (0x4)
 *(.text)
 .text          0x080001e0       0x40 /mnt/data/gentoo/opt/st/stm32cubeide_1.18.1/plugins/com.st.stm32cube.ide.mcu.externaltools.gnu-tools-for-stm32.13.3.rel1.linux64_1.0.0.202410170706/tools/bin/../lib/gcc/arm-none-eabi/13.3.1/thumb/v7e-m+fp/hard/crtbegin.o
 .text          0x08000220       0x10 /mnt/data/gentoo/opt/st/stm32cubeide_1.18.1/plugins/com.st.stm32cube.ide.mcu.externaltools.gnu-tools-for-stm32.13.3.rel1.linux64_1.0.0.202410170706/tools/bin/../lib/gcc/arm-none-eabi/13.3.1/../../../../arm-none-eabi/lib/thumb/v7e-m+fp/hard/libc_nano.a(libc_a-strlen.o)
                0x08000220                strlen
 .text          0x08000230       0xa0 /mnt/data/gentoo/opt/st/stm32cubeide_1.18.1/plugins/com.st.stm32cube.ide.mcu.externaltools.gnu-tools-for-stm32.13.3.rel1.linux64_1.0.0.202410170706/tools/bin/../lib/gcc/arm-none-eabi/13.3.1/../../../../arm-none-eabi/lib/thumb/v7e-m+fp/hard/libc_nano.a(libc_a-memchr.o)
                0x08000230                memchr
 .text          0x080002d0      0x378 /mnt/data/gentoo/opt/st/stm32cubeide_1.18.1/plugins/com.st.stm32cube.ide.mcu.externaltools.gnu-tools-for-stm32.13.3.rel1.linux64_1.0.0.202410170706/tools/bin/../lib/gcc/arm-none-eabi/13.3.1/thumb/v7e-m+fp/hard/libgcc.a(_arm_addsubdf3.o)
                0x080002d0                __aeabi_drsub
                0x080002d8                __aeabi_dsub
                0x080002d8                __subdf3
                0x080002dc                __adddf3
                0x080002dc                __aeabi_dadd
                0x08000554                __aeabi_ui2d
                0x08000554                __floatunsidf
                0x08000574                __floatsidf
                0x08000574                __aeabi_i2d
                0x08000598                __extendsfdf2
                0x08000598                __aeabi_f2d
                0x080005dc                __aeabi_ul2d
                0x080005dc                __floatundidf
                0x080005ec                __floatdidf
                0x080005ec                __aeabi_l2d
 .text          0x08000648      0x424 /mnt/data/gentoo/opt/st/stm32cubeide_1.18.1/plugins/com.st.stm32cube.ide.mcu.externaltools.gnu-tools-for-stm32.13.3.rel1.linux64_1.0.0.202410170706/tools/bin/../lib/gcc/arm-none-eabi/13.3.1/thumb/v7e-m+fp/hard/libgcc.a(_arm_muldivdf3.o)
                0x08000648                __aeabi_dmul
                0x08000648                __muldf3
                0x0800089c                __aeabi_ddiv
                0x0800089c                __divdf3
 .text          0x08000a6c      0x110 /mnt/data/gentoo/opt/st/stm32cubeide_1.18.1/plugins/com.st.stm32cube.ide.mcu.externaltools.gnu-tools-for-stm32.13.3.rel1.linux64_1.0.0.202410170706/tools/bin/../lib/gcc/arm-none-eabi/13.3.1/thumb/v7e-m+fp/hard/libgcc.a(_arm_cmpdf2.o)
                0x08000a6c                __gtdf2
                0x08000a6c                __gedf2
                0x08000a74                __ltdf2
                0x08000a74                __ledf2
                0x08000a7c                __cmpdf2
                0x08000a7c                __eqdf2
                0x08000a7c                __nedf2
                0x08000af8                __aeabi_cdrcmple
                0x08000b08                __aeabi_cdcmple
                0x08000b08                __aeabi_cdcmpeq
                0x08000b18                __aeabi_dcmpeq
                0x08000b2c                __aeabi_dcmplt
                0x08000b40                __aeabi_dcmple
                0x08000b54                __aeabi_dcmpge
                0x08000b68                __aeabi_dcmpgt
 .text          0x08000b7c       0x50 /mnt/data/gentoo/opt/st/stm32cubeide_1.18.1/plugins/com.st.stm32cube.ide.mcu.externaltools.gnu-tools-for-stm32.13.3.rel1.linux64_1.0.0.202410170706/tools/bin/../lib/gcc/arm-none-eabi/13.3.1/thumb/v7e-m+fp/hard/libgcc.a(_arm_fixdfsi.o)
                0x08000b7c                __fixdfsi
                0x08000b7c                __aeabi_d2iz
 .text          0x08000bcc       0xa0 /mnt/data/gentoo/opt/st/stm32cubeide_1.18.1/plugins/com.st.stm32cube.ide.mcu.externaltools.gnu-tools-for-stm32.13.3.rel1.linux64_1.0.0.202410170706/tools/bin/../lib/gcc/arm-none-eabi/13.3.1/thumb/v7e-m+fp/hard/libgcc.a(_arm_truncdfsf2.o)
                0x08000bcc                __aeabi_d2f
                0x08000bcc                __truncdfsf2
 .text          0x08000c6c       0x30 /mnt/data/gentoo/opt/st/stm32cubeide_1.18.1/plugins/com.st.stm32cube.ide.mcu.externaltools.gnu-tools-for-stm32.13.3.rel1.linux64_1.0.0.202410170706/tools/bin/../lib/gcc/arm-none-eabi/13.3.1/thumb/v7e-m+fp/hard/libgcc.a(_aeabi_uldivmod.o)
                0x08000c6c                __aeabi_uldivmod
 .text          0x08000c9c      0x2f8 /mnt/data/gentoo/opt/st/stm32cubeide_1.18.1/plugins/com.st.stm32cube.ide.mcu.externaltools.gnu-tools-for-stm32.13.3.rel1.linux64_1.0.0.202410170706/tools/bin/../lib/gcc/arm-none-eabi/13.3.1/thumb/v7e-m+fp/hard/libgcc.a(_udivmoddi4.o)
                0x08000c9c                __udivmoddi4
 .text          0x08000f94        0x4 /mnt/data/gentoo/opt/st/stm32cubeide_1.18.1/plugins/com.st.stm32cube.ide.mcu.externaltools.gnu-tools-for-stm32.13.3.rel1.linux64_1.0.0.202410170706/tools/bin/../lib/gcc/arm-none-eabi/13.3.1/thumb/v7e-m+fp/hard/libgcc.a(_dvmd_tls.o)
                0x08000f94                __aeabi_ldiv0
                0x08000f94                __aeabi_idiv0
 *(.text*)
 .text._discardWarning
                0x08000f98       0x14 ./Core/Src/console.o
 .text.cmd_callback_test
                0x08000fac       0x30 ./Core/Src/console.o
 .text.cmd_callback_help
                0x08000fdc       0xcc ./Core/Src/console.o
 .text.cmd_callback_reset
                0x080010a8       0x22 ./Core/Src/console.o
 .text._bckspace
                0x080010ca       0xac ./Core/Src/console.o
 .text._compare
                0x08001176       0x52 ./Core/Src/console.o
 .text.autoComplete
                0x080011c8       0x14 ./Core/Src/console.o
 .text.parseArgs
                0x080011dc      0x108 ./Core/Src/console.o
 .text.parse    0x080012e4      0x23c ./Core/Src/console.o
 .text.consoleDataReady
                0x08001520       0xb8 ./Core/Src/console.o
                0x08001520                consoleDataReady
 .text.consoleInit
                0x080015d8       0x3a ./Core/Src/console.o
                0x080015d8                consoleInit
 .text.loop_init
                0x08001612       0x2e ./Core/Src/loop.o
                0x08001612                loop_init
 .text.loop_tick
                0x08001640       0xb8 ./Core/Src/loop.o
                0x08001640                loop_tick
 .text.loop_get_avg_delta_time
                0x080016f8       0x1e ./Core/Src/loop.o
                0x080016f8                loop_get_avg_delta_time
 *fill*         0x08001716        0x2 
 .text._write   0x08001718       0x2c ./Core/Src/main.o
                0x08001718                _write
 .text.main     0x08001744       0x58 ./Core/Src/main.o
                0x08001744                main
 .text.SystemClock_Config
                0x0800179c       0x9a ./Core/Src/main.o
                0x0800179c                SystemClock_Config
 *fill*         0x08001836        0x2 
 .text.MX_FDCAN2_Init
                0x08001838       0x8c ./Core/Src/main.o
 .text.MX_I2C2_Init
                0x080018c4       0x80 ./Core/Src/main.o
 .text.MX_TIM1_Init
                0x08001944      0x128 ./Core/Src/main.o
 .text.MX_TIM2_Init
                0x08001a6c       0xb4 ./Core/Src/main.o
 .text.MX_TIM3_Init
                0x08001b20       0xb4 ./Core/Src/main.o
 .text.MX_TIM4_Init
                0x08001bd4       0xa0 ./Core/Src/main.o
 .text.MX_TIM8_Init
                0x08001c74       0xac ./Core/Src/main.o
 .text.MX_TIM20_Init
                0x08001d20       0xac ./Core/Src/main.o
 .text.MX_USART2_UART_Init
                0x08001dcc       0x98 ./Core/Src/main.o
 .text.MX_USB_PCD_Init
                0x08001e64       0x50 ./Core/Src/main.o
 .text.MX_GPIO_Init
                0x08001eb4      0x100 ./Core/Src/main.o
 .text.Error_Handler
                0x08001fb4        0xc ./Core/Src/main.o
                0x08001fb4                Error_Handler
 .text.misc_abs
                0x08001fc0       0x34 ./Core/Src/rampe.o
 .text.misc_max
                0x08001ff4       0x38 ./Core/Src/rampe.o
 .text.misc_min
                0x0800202c       0x38 ./Core/Src/rampe.o
 .text.misc_sign
                0x08002064       0x38 ./Core/Src/rampe.o
 .text.misc_clamp
                0x0800209c       0x3c ./Core/Src/rampe.o
 .text.rampe_init
                0x080020d8       0x6c ./Core/Src/rampe.o
                0x080020d8                rampe_init
 .text.rampe_set_target_pos
                0x08002144       0x1e ./Core/Src/rampe.o
                0x08002144                rampe_set_target_pos
 .text.rampe_get_target_pos
                0x08002162       0x1e ./Core/Src/rampe.o
                0x08002162                rampe_get_target_pos
 .text.rampe_set_current_pos
                0x08002180       0x1e ./Core/Src/rampe.o
                0x08002180                rampe_set_current_pos
 .text.rampe_set_real_speed
                0x0800219e       0x1e ./Core/Src/rampe.o
                0x0800219e                rampe_set_real_speed
 .text.rampe_update_goal
                0x080021bc       0x3a ./Core/Src/rampe.o
                0x080021bc                rampe_update_goal
 .text.rampe_is_target_reached
                0x080021f6       0x5e ./Core/Src/rampe.o
 *fill*         0x08002254        0x4 
 .text.rampe_tick
                0x08002258      0x380 ./Core/Src/rampe.o
                0x08002258                rampe_tick
 .text.rampe_get_current_speed
                0x080025d8       0x1e ./Core/Src/rampe.o
                0x080025d8                rampe_get_current_speed
 *fill*         0x080025f6        0x2 
 .text.enable_steppers
                0x080025f8       0x44 ./Core/Src/runtime.o
 .text.disable_steppers
                0x0800263c       0x44 ./Core/Src/runtime.o
 .text.on_stepper_home
                0x08002680       0x58 ./Core/Src/runtime.o
                0x08002680                on_stepper_home
 .text.on_stepper_go_to
                0x080026d8       0x94 ./Core/Src/runtime.o
                0x080026d8                on_stepper_go_to
 .text.on_stepper_move_by
                0x0800276c       0xa0 ./Core/Src/runtime.o
                0x0800276c                on_stepper_move_by
 .text.on_stepper_sensor_triggered
                0x0800280c       0x8c ./Core/Src/runtime.o
                0x0800280c                on_stepper_sensor_triggered
 .text.setup    0x08002898       0xd0 ./Core/Src/runtime.o
                0x08002898                setup
 .text.loop     0x08002968      0x14c ./Core/Src/runtime.o
                0x08002968                loop
 .text.HAL_UART_RxCpltCallback
                0x08002ab4       0x24 ./Core/Src/runtime.o
                0x08002ab4                HAL_UART_RxCpltCallback
 .text.HAL_TIM_PeriodElapsedCallback
                0x08002ad8       0x58 ./Core/Src/runtime.o
                0x08002ad8                HAL_TIM_PeriodElapsedCallback
 .text.HAL_GPIO_EXTI_Callback
                0x08002b30       0x3a ./Core/Src/runtime.o
                0x08002b30                HAL_GPIO_EXTI_Callback
 *fill*         0x08002b6a        0x2 
 .text.HAL_I2C_ListenCpltCallback
                0x08002b6c       0x24 ./Core/Src/runtime.o
                0x08002b6c                HAL_I2C_ListenCpltCallback
 .text.HAL_I2C_AddrCallback
                0x08002b90       0x58 ./Core/Src/runtime.o
                0x08002b90                HAL_I2C_AddrCallback
 .text.HAL_I2C_SlaveTxCpltCallback
                0x08002be8       0x30 ./Core/Src/runtime.o
                0x08002be8                HAL_I2C_SlaveTxCpltCallback
 .text.HAL_I2C_SlaveRxCpltCallback
                0x08002c18      0x154 ./Core/Src/runtime.o
                0x08002c18                HAL_I2C_SlaveRxCpltCallback
 .text.HAL_I2C_ErrorCallback
                0x08002d6c       0x40 ./Core/Src/runtime.o
                0x08002d6c                HAL_I2C_ErrorCallback
 .text.add_int32_with_overflow
                0x08002dac       0x32 ./Core/Src/stepper_control.o
                0x08002dac                add_int32_with_overflow
 .text.timerStart
                0x08002dde       0x24 ./Core/Src/stepper_control.o
 .text.timerStop
                0x08002e02       0x24 ./Core/Src/stepper_control.o
 .text.timerEnableInterrupt
                0x08002e26       0x24 ./Core/Src/stepper_control.o
 .text.stepperTimerRollBack
                0x08002e4a       0x14 ./Core/Src/stepper_control.o
                0x08002e4a                stepperTimerRollBack
 .text.stepperCounterTimerRollBack
                0x08002e5e       0x3c ./Core/Src/stepper_control.o
                0x08002e5e                stepperCounterTimerRollBack
 .text.stepperSetFrequency
                0x08002e9a       0x42 ./Core/Src/stepper_control.o
                0x08002e9a                stepperSetFrequency
 .text.stepperInit
                0x08002edc      0x134 ./Core/Src/stepper_control.o
                0x08002edc                stepperInit
 .text.stepperHome
                0x08003010       0x2a ./Core/Src/stepper_control.o
                0x08003010                stepperHome
 *fill*         0x0800303a        0x2 
 .text.stepperHandle
                0x0800303c      0x1c8 ./Core/Src/stepper_control.o
                0x0800303c                stepperHandle
 .text.stepperUpdateGoal
                0x08003204       0x1c ./Core/Src/stepper_control.o
                0x08003204                stepperUpdateGoal
 .text.HAL_MspInit
                0x08003220       0x48 ./Core/Src/stm32g4xx_hal_msp.o
                0x08003220                HAL_MspInit
 .text.HAL_FDCAN_MspInit
                0x08003268       0xb4 ./Core/Src/stm32g4xx_hal_msp.o
                0x08003268                HAL_FDCAN_MspInit
 .text.HAL_I2C_MspInit
                0x0800331c       0xd0 ./Core/Src/stm32g4xx_hal_msp.o
                0x0800331c                HAL_I2C_MspInit
 .text.HAL_TIM_PWM_MspInit
                0x080033ec       0xc8 ./Core/Src/stm32g4xx_hal_msp.o
                0x080033ec                HAL_TIM_PWM_MspInit
 .text.HAL_TIM_Base_MspInit
                0x080034b4       0xbc ./Core/Src/stm32g4xx_hal_msp.o
                0x080034b4                HAL_TIM_Base_MspInit
 .text.HAL_TIM_MspPostInit
                0x08003570      0x100 ./Core/Src/stm32g4xx_hal_msp.o
                0x08003570                HAL_TIM_MspPostInit
 .text.HAL_UART_MspInit
                0x08003670       0xc0 ./Core/Src/stm32g4xx_hal_msp.o
                0x08003670                HAL_UART_MspInit
 .text.HAL_PCD_MspInit
                0x08003730       0x68 ./Core/Src/stm32g4xx_hal_msp.o
                0x08003730                HAL_PCD_MspInit
 .text.NMI_Handler
                0x08003798        0x8 ./Core/Src/stm32g4xx_it.o
                0x08003798                NMI_Handler
 .text.HardFault_Handler
                0x080037a0        0x8 ./Core/Src/stm32g4xx_it.o
                0x080037a0                HardFault_Handler
 .text.MemManage_Handler
                0x080037a8        0x8 ./Core/Src/stm32g4xx_it.o
                0x080037a8                MemManage_Handler
 .text.BusFault_Handler
                0x080037b0        0x8 ./Core/Src/stm32g4xx_it.o
                0x080037b0                BusFault_Handler
 .text.UsageFault_Handler
                0x080037b8        0x8 ./Core/Src/stm32g4xx_it.o
                0x080037b8                UsageFault_Handler
 .text.SVC_Handler
                0x080037c0        0xe ./Core/Src/stm32g4xx_it.o
                0x080037c0                SVC_Handler
 .text.DebugMon_Handler
                0x080037ce        0xe ./Core/Src/stm32g4xx_it.o
                0x080037ce                DebugMon_Handler
 .text.PendSV_Handler
                0x080037dc        0xe ./Core/Src/stm32g4xx_it.o
                0x080037dc                PendSV_Handler
 .text.SysTick_Handler
                0x080037ea        0xc ./Core/Src/stm32g4xx_it.o
                0x080037ea                SysTick_Handler
 .text.EXTI1_IRQHandler
                0x080037f6        0xe ./Core/Src/stm32g4xx_it.o
                0x080037f6                EXTI1_IRQHandler
 .text.EXTI9_5_IRQHandler
                0x08003804       0x14 ./Core/Src/stm32g4xx_it.o
                0x08003804                EXTI9_5_IRQHandler
 .text.TIM1_BRK_TIM15_IRQHandler
                0x08003818       0x14 ./Core/Src/stm32g4xx_it.o
                0x08003818                TIM1_BRK_TIM15_IRQHandler
 .text.TIM1_UP_TIM16_IRQHandler
                0x0800382c       0x14 ./Core/Src/stm32g4xx_it.o
                0x0800382c                TIM1_UP_TIM16_IRQHandler
 .text.TIM2_IRQHandler
                0x08003840       0x14 ./Core/Src/stm32g4xx_it.o
                0x08003840                TIM2_IRQHandler
 .text.TIM3_IRQHandler
                0x08003854       0x14 ./Core/Src/stm32g4xx_it.o
                0x08003854                TIM3_IRQHandler
 .text.TIM4_IRQHandler
                0x08003868       0x14 ./Core/Src/stm32g4xx_it.o
                0x08003868                TIM4_IRQHandler
 .text.I2C2_EV_IRQHandler
                0x0800387c       0x14 ./Core/Src/stm32g4xx_it.o
                0x0800387c                I2C2_EV_IRQHandler
 .text.I2C2_ER_IRQHandler
                0x08003890       0x14 ./Core/Src/stm32g4xx_it.o
                0x08003890                I2C2_ER_IRQHandler
 .text.USART2_IRQHandler
                0x080038a4       0x14 ./Core/Src/stm32g4xx_it.o
                0x080038a4                USART2_IRQHandler
 .text.TIM8_UP_IRQHandler
                0x080038b8       0x14 ./Core/Src/stm32g4xx_it.o
                0x080038b8                TIM8_UP_IRQHandler
 .text.TIM20_UP_IRQHandler
                0x080038cc       0x14 ./Core/Src/stm32g4xx_it.o
                0x080038cc                TIM20_UP_IRQHandler
 .text._read    0x080038e0       0x3a ./Core/Src/syscalls.o
                0x080038e0                _read
 .text._close   0x0800391a       0x18 ./Core/Src/syscalls.o
                0x0800391a                _close
 .text._fstat   0x08003932       0x20 ./Core/Src/syscalls.o
                0x08003932                _fstat
 .text._isatty  0x08003952       0x16 ./Core/Src/syscalls.o
                0x08003952                _isatty
 .text._lseek   0x08003968       0x1a ./Core/Src/syscalls.o
                0x08003968                _lseek
 *fill*         0x08003982        0x2 
 .text._sbrk    0x08003984       0x6c ./Core/Src/sysmem.o
                0x08003984                _sbrk
 .text.SystemInit
                0x080039f0       0x24 ./Core/Src/system_stm32g4xx.o
                0x080039f0                SystemInit
 .text.get_time_us
                0x08003a14       0xc0 ./Core/Src/time.o
                0x08003a14                get_time_us
 .text.Reset_Handler
                0x08003ad4       0x50 ./Core/Startup/startup_stm32g491keux.o
                0x08003ad4                Reset_Handler
 .text.Default_Handler
                0x08003b24        0x2 ./Core/Startup/startup_stm32g491keux.o
                0x08003b24                RTC_Alarm_IRQHandler
                0x08003b24                EXTI2_IRQHandler
                0x08003b24                TIM8_TRG_COM_IRQHandler
                0x08003b24                TIM8_CC_IRQHandler
                0x08003b24                TIM1_CC_IRQHandler
                0x08003b24                USB_HP_IRQHandler
                0x08003b24                CORDIC_IRQHandler
                0x08003b24                DMA2_Channel8_IRQHandler
                0x08003b24                EXTI3_IRQHandler
                0x08003b24                I2C3_ER_IRQHandler
                0x08003b24                EXTI0_IRQHandler
                0x08003b24                FPU_IRQHandler
                0x08003b24                FDCAN1_IT1_IRQHandler
                0x08003b24                ADC1_2_IRQHandler
                0x08003b24                SPI1_IRQHandler
                0x08003b24                TIM6_DAC_IRQHandler
                0x08003b24                DMA2_Channel2_IRQHandler
                0x08003b24                DMA1_Channel4_IRQHandler
                0x08003b24                TIM20_TRG_COM_IRQHandler
                0x08003b24                USART3_IRQHandler
                0x08003b24                DMA1_Channel7_IRQHandler
                0x08003b24                UART5_IRQHandler
                0x08003b24                ADC3_IRQHandler
                0x08003b24                DMA2_Channel1_IRQHandler
                0x08003b24                QUADSPI_IRQHandler
                0x08003b24                I2C1_EV_IRQHandler
                0x08003b24                DMA1_Channel6_IRQHandler
                0x08003b24                UART4_IRQHandler
                0x08003b24                DMA2_Channel4_IRQHandler
                0x08003b24                RCC_IRQHandler
                0x08003b24                DMA1_Channel1_IRQHandler
                0x08003b24                Default_Handler
                0x08003b24                DMA2_Channel7_IRQHandler
                0x08003b24                RTC_TAMP_LSECSS_IRQHandler
                0x08003b24                FMAC_IRQHandler
                0x08003b24                EXTI15_10_IRQHandler
                0x08003b24                DMA1_Channel8_IRQHandler
                0x08003b24                TIM7_IRQHandler
                0x08003b24                UCPD1_IRQHandler
                0x08003b24                I2C3_EV_IRQHandler
                0x08003b24                RTC_WKUP_IRQHandler
                0x08003b24                PVD_PVM_IRQHandler
                0x08003b24                SPI2_IRQHandler
                0x08003b24                DMA2_Channel5_IRQHandler
                0x08003b24                CRS_IRQHandler
                0x08003b24                DMA1_Channel5_IRQHandler
                0x08003b24                USB_LP_IRQHandler
                0x08003b24                EXTI4_IRQHandler
                0x08003b24                RNG_IRQHandler
                0x08003b24                TIM1_TRG_COM_TIM17_IRQHandler
                0x08003b24                FDCAN2_IT1_IRQHandler
                0x08003b24                DMA1_Channel3_IRQHandler
                0x08003b24                WWDG_IRQHandler
                0x08003b24                FDCAN2_IT0_IRQHandler
                0x08003b24                LPUART1_IRQHandler
                0x08003b24                DMA2_Channel6_IRQHandler
                0x08003b24                FDCAN1_IT0_IRQHandler
                0x08003b24                COMP1_2_3_IRQHandler
                0x08003b24                TIM20_BRK_IRQHandler
                0x08003b24                DMA1_Channel2_IRQHandler
                0x08003b24                TIM8_BRK_IRQHandler
                0x08003b24                FLASH_IRQHandler
                0x08003b24                TIM20_CC_IRQHandler
                0x08003b24                USART1_IRQHandler
                0x08003b24                SPI3_IRQHandler
                0x08003b24                I2C1_ER_IRQHandler
                0x08003b24                LPTIM1_IRQHandler
                0x08003b24                DMAMUX_OVR_IRQHandler
                0x08003b24                USBWakeUp_IRQHandler
                0x08003b24                SAI1_IRQHandler
                0x08003b24                DMA2_Channel3_IRQHandler
                0x08003b24                COMP4_IRQHandler
 .text.HAL_Init
                0x08003b26       0x30 ./Drivers/STM32G4xx_HAL_Driver/Src/stm32g4xx_hal.o
                0x08003b26                HAL_Init
 *fill*         0x08003b56        0x2 
 .text.HAL_InitTick
                0x08003b58       0x74 ./Drivers/STM32G4xx_HAL_Driver/Src/stm32g4xx_hal.o
                0x08003b58                HAL_InitTick
 .text.HAL_IncTick
                0x08003bcc       0x24 ./Drivers/STM32G4xx_HAL_Driver/Src/stm32g4xx_hal.o
                0x08003bcc                HAL_IncTick
 .text.HAL_GetTick
                0x08003bf0       0x18 ./Drivers/STM32G4xx_HAL_Driver/Src/stm32g4xx_hal.o
                0x08003bf0                HAL_GetTick
 .text.HAL_Delay
                0x08003c08       0x44 ./Drivers/STM32G4xx_HAL_Driver/Src/stm32g4xx_hal.o
                0x08003c08                HAL_Delay
 .text.__NVIC_SetPriorityGrouping
                0x08003c4c       0x48 ./Drivers/STM32G4xx_HAL_Driver/Src/stm32g4xx_hal_cortex.o
 .text.__NVIC_GetPriorityGrouping
                0x08003c94       0x1c ./Drivers/STM32G4xx_HAL_Driver/Src/stm32g4xx_hal_cortex.o
 .text.__NVIC_EnableIRQ
                0x08003cb0       0x3c ./Drivers/STM32G4xx_HAL_Driver/Src/stm32g4xx_hal_cortex.o
 .text.__NVIC_SetPriority
                0x08003cec       0x54 ./Drivers/STM32G4xx_HAL_Driver/Src/stm32g4xx_hal_cortex.o
 .text.NVIC_EncodePriority
                0x08003d40       0x66 ./Drivers/STM32G4xx_HAL_Driver/Src/stm32g4xx_hal_cortex.o
 *fill*         0x08003da6        0x2 
 .text.__NVIC_SystemReset
                0x08003da8       0x2c ./Drivers/STM32G4xx_HAL_Driver/Src/stm32g4xx_hal_cortex.o
 .text.SysTick_Config
                0x08003dd4       0x44 ./Drivers/STM32G4xx_HAL_Driver/Src/stm32g4xx_hal_cortex.o
 .text.HAL_NVIC_SetPriorityGrouping
                0x08003e18       0x16 ./Drivers/STM32G4xx_HAL_Driver/Src/stm32g4xx_hal_cortex.o
                0x08003e18                HAL_NVIC_SetPriorityGrouping
 .text.HAL_NVIC_SetPriority
                0x08003e2e       0x34 ./Drivers/STM32G4xx_HAL_Driver/Src/stm32g4xx_hal_cortex.o
                0x08003e2e                HAL_NVIC_SetPriority
 .text.HAL_NVIC_EnableIRQ
                0x08003e62       0x1c ./Drivers/STM32G4xx_HAL_Driver/Src/stm32g4xx_hal_cortex.o
                0x08003e62                HAL_NVIC_EnableIRQ
 .text.HAL_NVIC_SystemReset
                0x08003e7e        0x8 ./Drivers/STM32G4xx_HAL_Driver/Src/stm32g4xx_hal_cortex.o
                0x08003e7e                HAL_NVIC_SystemReset
 .text.HAL_SYSTICK_Config
                0x08003e86       0x18 ./Drivers/STM32G4xx_HAL_Driver/Src/stm32g4xx_hal_cortex.o
                0x08003e86                HAL_SYSTICK_Config
 .text.HAL_DMA_Abort
                0x08003e9e       0xb2 ./Drivers/STM32G4xx_HAL_Driver/Src/stm32g4xx_hal_dma.o
                0x08003e9e                HAL_DMA_Abort
 .text.HAL_DMA_Abort_IT
                0x08003f50       0xce ./Drivers/STM32G4xx_HAL_Driver/Src/stm32g4xx_hal_dma.o
                0x08003f50                HAL_DMA_Abort_IT
 .text.HAL_DMA_GetState
                0x0800401e       0x1c ./Drivers/STM32G4xx_HAL_Driver/Src/stm32g4xx_hal_dma.o
                0x0800401e                HAL_DMA_GetState
 *fill*         0x0800403a        0x2 
 .text.HAL_FDCAN_Init
                0x0800403c      0x2b4 ./Drivers/STM32G4xx_HAL_Driver/Src/stm32g4xx_hal_fdcan.o
                0x0800403c                HAL_FDCAN_Init
 .text.FDCAN_CalcultateRamBlockAddresses
                0x080042f0       0xc4 ./Drivers/STM32G4xx_HAL_Driver/Src/stm32g4xx_hal_fdcan.o
 .text.HAL_GPIO_Init
                0x080043b4      0x304 ./Drivers/STM32G4xx_HAL_Driver/Src/stm32g4xx_hal_gpio.o
                0x080043b4                HAL_GPIO_Init
 .text.HAL_GPIO_WritePin
                0x080046b8       0x30 ./Drivers/STM32G4xx_HAL_Driver/Src/stm32g4xx_hal_gpio.o
                0x080046b8                HAL_GPIO_WritePin
 .text.HAL_GPIO_EXTI_IRQHandler
                0x080046e8       0x30 ./Drivers/STM32G4xx_HAL_Driver/Src/stm32g4xx_hal_gpio.o
                0x080046e8                HAL_GPIO_EXTI_IRQHandler
 .text.HAL_I2C_Init
                0x08004718      0x136 ./Drivers/STM32G4xx_HAL_Driver/Src/stm32g4xx_hal_i2c.o
                0x08004718                HAL_I2C_Init
 *fill*         0x0800484e        0x2 
 .text.HAL_I2C_Slave_Seq_Transmit_IT
                0x08004850      0x164 ./Drivers/STM32G4xx_HAL_Driver/Src/stm32g4xx_hal_i2c.o
                0x08004850                HAL_I2C_Slave_Seq_Transmit_IT
 .text.HAL_I2C_Slave_Seq_Receive_IT
                0x080049b4      0x164 ./Drivers/STM32G4xx_HAL_Driver/Src/stm32g4xx_hal_i2c.o
                0x080049b4                HAL_I2C_Slave_Seq_Receive_IT
 .text.HAL_I2C_EnableListen_IT
                0x08004b18       0x40 ./Drivers/STM32G4xx_HAL_Driver/Src/stm32g4xx_hal_i2c.o
                0x08004b18                HAL_I2C_EnableListen_IT
 .text.HAL_I2C_EV_IRQHandler
                0x08004b58       0x34 ./Drivers/STM32G4xx_HAL_Driver/Src/stm32g4xx_hal_i2c.o
                0x08004b58                HAL_I2C_EV_IRQHandler
 .text.HAL_I2C_ER_IRQHandler
                0x08004b8c       0xc2 ./Drivers/STM32G4xx_HAL_Driver/Src/stm32g4xx_hal_i2c.o
                0x08004b8c                HAL_I2C_ER_IRQHandler
 .text.HAL_I2C_MasterTxCpltCallback
                0x08004c4e       0x14 ./Drivers/STM32G4xx_HAL_Driver/Src/stm32g4xx_hal_i2c.o
                0x08004c4e                HAL_I2C_MasterTxCpltCallback
 .text.HAL_I2C_MasterRxCpltCallback
                0x08004c62       0x14 ./Drivers/STM32G4xx_HAL_Driver/Src/stm32g4xx_hal_i2c.o
                0x08004c62                HAL_I2C_MasterRxCpltCallback
 .text.HAL_I2C_MemTxCpltCallback
                0x08004c76       0x14 ./Drivers/STM32G4xx_HAL_Driver/Src/stm32g4xx_hal_i2c.o
                0x08004c76                HAL_I2C_MemTxCpltCallback
 .text.HAL_I2C_MemRxCpltCallback
                0x08004c8a       0x14 ./Drivers/STM32G4xx_HAL_Driver/Src/stm32g4xx_hal_i2c.o
                0x08004c8a                HAL_I2C_MemRxCpltCallback
 .text.HAL_I2C_AbortCpltCallback
                0x08004c9e       0x14 ./Drivers/STM32G4xx_HAL_Driver/Src/stm32g4xx_hal_i2c.o
                0x08004c9e                HAL_I2C_AbortCpltCallback
 .text.HAL_I2C_GetError
                0x08004cb2       0x18 ./Drivers/STM32G4xx_HAL_Driver/Src/stm32g4xx_hal_i2c.o
                0x08004cb2                HAL_I2C_GetError
 .text.I2C_Slave_ISR_IT
                0x08004cca      0x208 ./Drivers/STM32G4xx_HAL_Driver/Src/stm32g4xx_hal_i2c.o
 .text.I2C_Master_ISR_DMA
                0x08004ed2      0x1e6 ./Drivers/STM32G4xx_HAL_Driver/Src/stm32g4xx_hal_i2c.o
 .text.I2C_Mem_ISR_DMA
                0x080050b8      0x260 ./Drivers/STM32G4xx_HAL_Driver/Src/stm32g4xx_hal_i2c.o
 .text.I2C_Slave_ISR_DMA
                0x08005318      0x1c2 ./Drivers/STM32G4xx_HAL_Driver/Src/stm32g4xx_hal_i2c.o
 .text.I2C_ITAddrCplt
                0x080054da      0x108 ./Drivers/STM32G4xx_HAL_Driver/Src/stm32g4xx_hal_i2c.o
 .text.I2C_ITMasterSeqCplt
                0x080055e2       0x7a ./Drivers/STM32G4xx_HAL_Driver/Src/stm32g4xx_hal_i2c.o
 .text.I2C_ITSlaveSeqCplt
                0x0800565c       0xbc ./Drivers/STM32G4xx_HAL_Driver/Src/stm32g4xx_hal_i2c.o
 .text.I2C_ITMasterCplt
                0x08005718      0x194 ./Drivers/STM32G4xx_HAL_Driver/Src/stm32g4xx_hal_i2c.o
 .text.I2C_ITSlaveCplt
                0x080058ac      0x2d4 ./Drivers/STM32G4xx_HAL_Driver/Src/stm32g4xx_hal_i2c.o
 .text.I2C_ITListenCplt
                0x08005b80       0xac ./Drivers/STM32G4xx_HAL_Driver/Src/stm32g4xx_hal_i2c.o
 .text.I2C_ITError
                0x08005c2c      0x1e0 ./Drivers/STM32G4xx_HAL_Driver/Src/stm32g4xx_hal_i2c.o
 .text.I2C_TreatErrorCallback
                0x08005e0c       0x4e ./Drivers/STM32G4xx_HAL_Driver/Src/stm32g4xx_hal_i2c.o
 .text.I2C_Flush_TXDR
                0x08005e5a       0x48 ./Drivers/STM32G4xx_HAL_Driver/Src/stm32g4xx_hal_i2c.o
 .text.I2C_DMAAbort
                0x08005ea2       0x3c ./Drivers/STM32G4xx_HAL_Driver/Src/stm32g4xx_hal_i2c.o
 *fill*         0x08005ede        0x2 
 .text.I2C_TransferConfig
                0x08005ee0       0x64 ./Drivers/STM32G4xx_HAL_Driver/Src/stm32g4xx_hal_i2c.o
 .text.I2C_Enable_IRQ
                0x08005f44      0x108 ./Drivers/STM32G4xx_HAL_Driver/Src/stm32g4xx_hal_i2c.o
 .text.I2C_Disable_IRQ
                0x0800604c       0xbc ./Drivers/STM32G4xx_HAL_Driver/Src/stm32g4xx_hal_i2c.o
 .text.HAL_I2CEx_ConfigAnalogFilter
                0x08006108       0x96 ./Drivers/STM32G4xx_HAL_Driver/Src/stm32g4xx_hal_i2c_ex.o
                0x08006108                HAL_I2CEx_ConfigAnalogFilter
 .text.HAL_I2CEx_ConfigDigitalFilter
                0x0800619e       0x98 ./Drivers/STM32G4xx_HAL_Driver/Src/stm32g4xx_hal_i2c_ex.o
                0x0800619e                HAL_I2CEx_ConfigDigitalFilter
 .text.HAL_PCD_Init
                0x08006236      0x19c ./Drivers/STM32G4xx_HAL_Driver/Src/stm32g4xx_hal_pcd.o
                0x08006236                HAL_PCD_Init
 .text.HAL_PCDEx_ActivateLPM
                0x080063d2       0x54 ./Drivers/STM32G4xx_HAL_Driver/Src/stm32g4xx_hal_pcd_ex.o
                0x080063d2                HAL_PCDEx_ActivateLPM
 *fill*         0x08006426        0x2 
 .text.HAL_PWREx_ControlVoltageScaling
                0x08006428      0x148 ./Drivers/STM32G4xx_HAL_Driver/Src/stm32g4xx_hal_pwr_ex.o
                0x08006428                HAL_PWREx_ControlVoltageScaling
 .text.HAL_PWREx_DisableUCPDDeadBattery
                0x08006570       0x20 ./Drivers/STM32G4xx_HAL_Driver/Src/stm32g4xx_hal_pwr_ex.o
                0x08006570                HAL_PWREx_DisableUCPDDeadBattery
 .text.HAL_RCC_OscConfig
                0x08006590      0x624 ./Drivers/STM32G4xx_HAL_Driver/Src/stm32g4xx_hal_rcc.o
                0x08006590                HAL_RCC_OscConfig
 .text.HAL_RCC_ClockConfig
                0x08006bb4      0x278 ./Drivers/STM32G4xx_HAL_Driver/Src/stm32g4xx_hal_rcc.o
                0x08006bb4                HAL_RCC_ClockConfig
 .text.HAL_RCC_GetSysClockFreq
                0x08006e2c       0xc4 ./Drivers/STM32G4xx_HAL_Driver/Src/stm32g4xx_hal_rcc.o
                0x08006e2c                HAL_RCC_GetSysClockFreq
 .text.HAL_RCC_GetHCLKFreq
                0x08006ef0       0x18 ./Drivers/STM32G4xx_HAL_Driver/Src/stm32g4xx_hal_rcc.o
                0x08006ef0                HAL_RCC_GetHCLKFreq
 .text.HAL_RCC_GetPCLK1Freq
                0x08006f08       0x2c ./Drivers/STM32G4xx_HAL_Driver/Src/stm32g4xx_hal_rcc.o
                0x08006f08                HAL_RCC_GetPCLK1Freq
 .text.HAL_RCC_GetPCLK2Freq
                0x08006f34       0x2c ./Drivers/STM32G4xx_HAL_Driver/Src/stm32g4xx_hal_rcc.o
                0x08006f34                HAL_RCC_GetPCLK2Freq
 .text.RCC_GetSysClockFreqFromPLLSource
                0x08006f60       0x8c ./Drivers/STM32G4xx_HAL_Driver/Src/stm32g4xx_hal_rcc.o
 .text.HAL_RCCEx_PeriphCLKConfig
                0x08006fec      0x478 ./Drivers/STM32G4xx_HAL_Driver/Src/stm32g4xx_hal_rcc_ex.o
                0x08006fec                HAL_RCCEx_PeriphCLKConfig
 .text.HAL_TIM_Base_Init
                0x08007464       0xae ./Drivers/STM32G4xx_HAL_Driver/Src/stm32g4xx_hal_tim.o
                0x08007464                HAL_TIM_Base_Init
 .text.HAL_TIM_PWM_Init
                0x08007512       0xae ./Drivers/STM32G4xx_HAL_Driver/Src/stm32g4xx_hal_tim.o
                0x08007512                HAL_TIM_PWM_Init
 .text.HAL_TIM_PWM_Start
                0x080075c0      0x218 ./Drivers/STM32G4xx_HAL_Driver/Src/stm32g4xx_hal_tim.o
                0x080075c0                HAL_TIM_PWM_Start
 .text.HAL_TIM_IRQHandler
                0x080077d8      0x29e ./Drivers/STM32G4xx_HAL_Driver/Src/stm32g4xx_hal_tim.o
                0x080077d8                HAL_TIM_IRQHandler
 *fill*         0x08007a76        0x2 
 .text.HAL_TIM_PWM_ConfigChannel
                0x08007a78      0x228 ./Drivers/STM32G4xx_HAL_Driver/Src/stm32g4xx_hal_tim.o
                0x08007a78                HAL_TIM_PWM_ConfigChannel
 .text.HAL_TIM_SlaveConfigSynchro
                0x08007ca0       0x84 ./Drivers/STM32G4xx_HAL_Driver/Src/stm32g4xx_hal_tim.o
                0x08007ca0                HAL_TIM_SlaveConfigSynchro
 .text.HAL_TIM_OC_DelayElapsedCallback
                0x08007d24       0x14 ./Drivers/STM32G4xx_HAL_Driver/Src/stm32g4xx_hal_tim.o
                0x08007d24                HAL_TIM_OC_DelayElapsedCallback
 .text.HAL_TIM_IC_CaptureCallback
                0x08007d38       0x14 ./Drivers/STM32G4xx_HAL_Driver/Src/stm32g4xx_hal_tim.o
                0x08007d38                HAL_TIM_IC_CaptureCallback
 .text.HAL_TIM_PWM_PulseFinishedCallback
                0x08007d4c       0x14 ./Drivers/STM32G4xx_HAL_Driver/Src/stm32g4xx_hal_tim.o
                0x08007d4c                HAL_TIM_PWM_PulseFinishedCallback
 .text.HAL_TIM_TriggerCallback
                0x08007d60       0x14 ./Drivers/STM32G4xx_HAL_Driver/Src/stm32g4xx_hal_tim.o
                0x08007d60                HAL_TIM_TriggerCallback
 .text.TIM_Base_SetConfig
                0x08007d74      0x154 ./Drivers/STM32G4xx_HAL_Driver/Src/stm32g4xx_hal_tim.o
                0x08007d74                TIM_Base_SetConfig
 .text.TIM_OC1_SetConfig
                0x08007ec8      0x134 ./Drivers/STM32G4xx_HAL_Driver/Src/stm32g4xx_hal_tim.o
 .text.TIM_OC2_SetConfig
                0x08007ffc      0x128 ./Drivers/STM32G4xx_HAL_Driver/Src/stm32g4xx_hal_tim.o
                0x08007ffc                TIM_OC2_SetConfig
 .text.TIM_OC3_SetConfig
                0x08008124      0x124 ./Drivers/STM32G4xx_HAL_Driver/Src/stm32g4xx_hal_tim.o
 .text.TIM_OC4_SetConfig
                0x08008248      0x128 ./Drivers/STM32G4xx_HAL_Driver/Src/stm32g4xx_hal_tim.o
 .text.TIM_OC5_SetConfig
                0x08008370       0xd4 ./Drivers/STM32G4xx_HAL_Driver/Src/stm32g4xx_hal_tim.o
 .text.TIM_OC6_SetConfig
                0x08008444       0xd8 ./Drivers/STM32G4xx_HAL_Driver/Src/stm32g4xx_hal_tim.o
 .text.TIM_SlaveTimer_SetConfig
                0x0800851c      0x19c ./Drivers/STM32G4xx_HAL_Driver/Src/stm32g4xx_hal_tim.o
 .text.TIM_TI1_ConfigInputStage
                0x080086b8       0x5e ./Drivers/STM32G4xx_HAL_Driver/Src/stm32g4xx_hal_tim.o
 .text.TIM_TI2_ConfigInputStage
                0x08008716       0x60 ./Drivers/STM32G4xx_HAL_Driver/Src/stm32g4xx_hal_tim.o
 .text.TIM_ETR_SetConfig
                0x08008776       0x40 ./Drivers/STM32G4xx_HAL_Driver/Src/stm32g4xx_hal_tim.o
                0x08008776                TIM_ETR_SetConfig
 .text.TIM_CCxChannelCmd
                0x080087b6       0x4a ./Drivers/STM32G4xx_HAL_Driver/Src/stm32g4xx_hal_tim.o
                0x080087b6                TIM_CCxChannelCmd
 .text.HAL_TIMEx_PWMN_Start
                0x08008800      0x174 ./Drivers/STM32G4xx_HAL_Driver/Src/stm32g4xx_hal_tim_ex.o
                0x08008800                HAL_TIMEx_PWMN_Start
 .text.HAL_TIMEx_MasterConfigSynchronization
                0x08008974      0x11c ./Drivers/STM32G4xx_HAL_Driver/Src/stm32g4xx_hal_tim_ex.o
                0x08008974                HAL_TIMEx_MasterConfigSynchronization
 .text.HAL_TIMEx_ConfigBreakDeadTime
                0x08008a90      0x128 ./Drivers/STM32G4xx_HAL_Driver/Src/stm32g4xx_hal_tim_ex.o
                0x08008a90                HAL_TIMEx_ConfigBreakDeadTime
 .text.HAL_TIMEx_CommutCallback
                0x08008bb8       0x14 ./Drivers/STM32G4xx_HAL_Driver/Src/stm32g4xx_hal_tim_ex.o
                0x08008bb8                HAL_TIMEx_CommutCallback
 .text.HAL_TIMEx_BreakCallback
                0x08008bcc       0x14 ./Drivers/STM32G4xx_HAL_Driver/Src/stm32g4xx_hal_tim_ex.o
                0x08008bcc                HAL_TIMEx_BreakCallback
 .text.HAL_TIMEx_Break2Callback
                0x08008be0       0x14 ./Drivers/STM32G4xx_HAL_Driver/Src/stm32g4xx_hal_tim_ex.o
                0x08008be0                HAL_TIMEx_Break2Callback
 .text.HAL_TIMEx_EncoderIndexCallback
                0x08008bf4       0x14 ./Drivers/STM32G4xx_HAL_Driver/Src/stm32g4xx_hal_tim_ex.o
                0x08008bf4                HAL_TIMEx_EncoderIndexCallback
 .text.HAL_TIMEx_DirectionChangeCallback
                0x08008c08       0x14 ./Drivers/STM32G4xx_HAL_Driver/Src/stm32g4xx_hal_tim_ex.o
                0x08008c08                HAL_TIMEx_DirectionChangeCallback
 .text.HAL_TIMEx_IndexErrorCallback
                0x08008c1c       0x14 ./Drivers/STM32G4xx_HAL_Driver/Src/stm32g4xx_hal_tim_ex.o
                0x08008c1c                HAL_TIMEx_IndexErrorCallback
 .text.HAL_TIMEx_TransitionErrorCallback
                0x08008c30       0x14 ./Drivers/STM32G4xx_HAL_Driver/Src/stm32g4xx_hal_tim_ex.o
                0x08008c30                HAL_TIMEx_TransitionErrorCallback
 .text.TIM_CCxNChannelCmd
                0x08008c44       0x4a ./Drivers/STM32G4xx_HAL_Driver/Src/stm32g4xx_hal_tim_ex.o
 .text.HAL_UART_Init
                0x08008c8e       0xa0 ./Drivers/STM32G4xx_HAL_Driver/Src/stm32g4xx_hal_uart.o
                0x08008c8e                HAL_UART_Init
 .text.HAL_UART_Transmit
                0x08008d2e      0x11c ./Drivers/STM32G4xx_HAL_Driver/Src/stm32g4xx_hal_uart.o
                0x08008d2e                HAL_UART_Transmit
 *fill*         0x08008e4a        0x2 
 .text.HAL_UART_Receive_IT
                0x08008e4c       0x98 ./Drivers/STM32G4xx_HAL_Driver/Src/stm32g4xx_hal_uart.o
                0x08008e4c                HAL_UART_Receive_IT
 .text.HAL_UART_IRQHandler
                0x08008ee4      0x684 ./Drivers/STM32G4xx_HAL_Driver/Src/stm32g4xx_hal_uart.o
                0x08008ee4                HAL_UART_IRQHandler
 .text.HAL_UART_TxCpltCallback
                0x08009568       0x14 ./Drivers/STM32G4xx_HAL_Driver/Src/stm32g4xx_hal_uart.o
                0x08009568                HAL_UART_TxCpltCallback
 .text.HAL_UART_ErrorCallback
                0x0800957c       0x14 ./Drivers/STM32G4xx_HAL_Driver/Src/stm32g4xx_hal_uart.o
                0x0800957c                HAL_UART_ErrorCallback
 .text.HAL_UARTEx_RxEventCallback
                0x08009590       0x18 ./Drivers/STM32G4xx_HAL_Driver/Src/stm32g4xx_hal_uart.o
                0x08009590                HAL_UARTEx_RxEventCallback
 .text.UART_SetConfig
                0x080095a8      0x5f8 ./Drivers/STM32G4xx_HAL_Driver/Src/stm32g4xx_hal_uart.o
                0x080095a8                UART_SetConfig
 .text.UART_AdvFeatureConfig
                0x08009ba0      0x144 ./Drivers/STM32G4xx_HAL_Driver/Src/stm32g4xx_hal_uart.o
                0x08009ba0                UART_AdvFeatureConfig
 .text.UART_CheckIdleState
                0x08009ce4      0x154 ./Drivers/STM32G4xx_HAL_Driver/Src/stm32g4xx_hal_uart.o
                0x08009ce4                UART_CheckIdleState
 .text.UART_WaitOnFlagUntilTimeout
                0x08009e38       0xda ./Drivers/STM32G4xx_HAL_Driver/Src/stm32g4xx_hal_uart.o
                0x08009e38                UART_WaitOnFlagUntilTimeout
 *fill*         0x08009f12        0x2 
 .text.UART_Start_Receive_IT
                0x08009f14      0x244 ./Drivers/STM32G4xx_HAL_Driver/Src/stm32g4xx_hal_uart.o
                0x08009f14                UART_Start_Receive_IT
 .text.UART_EndRxTransfer
                0x0800a158       0xcc ./Drivers/STM32G4xx_HAL_Driver/Src/stm32g4xx_hal_uart.o
 .text.UART_DMAAbortOnError
                0x0800a224       0x24 ./Drivers/STM32G4xx_HAL_Driver/Src/stm32g4xx_hal_uart.o
 .text.UART_EndTransmit_IT
                0x0800a248       0x56 ./Drivers/STM32G4xx_HAL_Driver/Src/stm32g4xx_hal_uart.o
 *fill*         0x0800a29e        0x2 
 .text.UART_RxISR_8BIT
                0x0800a2a0      0x1b8 ./Drivers/STM32G4xx_HAL_Driver/Src/stm32g4xx_hal_uart.o
 .text.UART_RxISR_16BIT
                0x0800a458      0x1b8 ./Drivers/STM32G4xx_HAL_Driver/Src/stm32g4xx_hal_uart.o
 .text.UART_RxISR_8BIT_FIFOEN
                0x0800a610      0x364 ./Drivers/STM32G4xx_HAL_Driver/Src/stm32g4xx_hal_uart.o
 .text.UART_RxISR_16BIT_FIFOEN
                0x0800a974      0x36c ./Drivers/STM32G4xx_HAL_Driver/Src/stm32g4xx_hal_uart.o
 .text.HAL_UARTEx_WakeupCallback
                0x0800ace0       0x14 ./Drivers/STM32G4xx_HAL_Driver/Src/stm32g4xx_hal_uart_ex.o
                0x0800ace0                HAL_UARTEx_WakeupCallback
 .text.HAL_UARTEx_RxFifoFullCallback
                0x0800acf4       0x14 ./Drivers/STM32G4xx_HAL_Driver/Src/stm32g4xx_hal_uart_ex.o
                0x0800acf4                HAL_UARTEx_RxFifoFullCallback
 .text.HAL_UARTEx_TxFifoEmptyCallback
                0x0800ad08       0x14 ./Drivers/STM32G4xx_HAL_Driver/Src/stm32g4xx_hal_uart_ex.o
                0x0800ad08                HAL_UARTEx_TxFifoEmptyCallback
 .text.HAL_UARTEx_DisableFifoMode
                0x0800ad1c       0x72 ./Drivers/STM32G4xx_HAL_Driver/Src/stm32g4xx_hal_uart_ex.o
                0x0800ad1c                HAL_UARTEx_DisableFifoMode
 .text.HAL_UARTEx_SetTxFifoThreshold
                0x0800ad8e       0x7c ./Drivers/STM32G4xx_HAL_Driver/Src/stm32g4xx_hal_uart_ex.o
                0x0800ad8e                HAL_UARTEx_SetTxFifoThreshold
 .text.HAL_UARTEx_SetRxFifoThreshold
                0x0800ae0a       0x7c ./Drivers/STM32G4xx_HAL_Driver/Src/stm32g4xx_hal_uart_ex.o
                0x0800ae0a                HAL_UARTEx_SetRxFifoThreshold
 *fill*         0x0800ae86        0x2 
 .text.UARTEx_SetNbDataToProcess
                0x0800ae88       0x9c ./Drivers/STM32G4xx_HAL_Driver/Src/stm32g4xx_hal_uart_ex.o
 .text.USB_DisableGlobalInt
                0x0800af24       0x36 ./Drivers/STM32G4xx_HAL_Driver/Src/stm32g4xx_ll_usb.o
                0x0800af24                USB_DisableGlobalInt
 .text.USB_DevInit
                0x0800af5a       0x3c ./Drivers/STM32G4xx_HAL_Driver/Src/stm32g4xx_ll_usb.o
                0x0800af5a                USB_DevInit
 *fill*         0x0800af96        0x2 
 .text.std      0x0800af98       0x6c /mnt/data/gentoo/opt/st/stm32cubeide_1.18.1/plugins/com.st.stm32cube.ide.mcu.externaltools.gnu-tools-for-stm32.13.3.rel1.linux64_1.0.0.202410170706/tools/bin/../lib/gcc/arm-none-eabi/13.3.1/../../../../arm-none-eabi/lib/thumb/v7e-m+fp/hard/libc_nano.a(libc_a-findfp.o)
 .text.stdio_exit_handler
                0x0800b004       0x18 /mnt/data/gentoo/opt/st/stm32cubeide_1.18.1/plugins/com.st.stm32cube.ide.mcu.externaltools.gnu-tools-for-stm32.13.3.rel1.linux64_1.0.0.202410170706/tools/bin/../lib/gcc/arm-none-eabi/13.3.1/../../../../arm-none-eabi/lib/thumb/v7e-m+fp/hard/libc_nano.a(libc_a-findfp.o)
 .text.cleanup_stdio
                0x0800b01c       0x40 /mnt/data/gentoo/opt/st/stm32cubeide_1.18.1/plugins/com.st.stm32cube.ide.mcu.externaltools.gnu-tools-for-stm32.13.3.rel1.linux64_1.0.0.202410170706/tools/bin/../lib/gcc/arm-none-eabi/13.3.1/../../../../arm-none-eabi/lib/thumb/v7e-m+fp/hard/libc_nano.a(libc_a-findfp.o)
 .text.global_stdio_init.part.0
                0x0800b05c       0x3c /mnt/data/gentoo/opt/st/stm32cubeide_1.18.1/plugins/com.st.stm32cube.ide.mcu.externaltools.gnu-tools-for-stm32.13.3.rel1.linux64_1.0.0.202410170706/tools/bin/../lib/gcc/arm-none-eabi/13.3.1/../../../../arm-none-eabi/lib/thumb/v7e-m+fp/hard/libc_nano.a(libc_a-findfp.o)
 .text.__sfp_lock_acquire
                0x0800b098        0xc /mnt/data/gentoo/opt/st/stm32cubeide_1.18.1/plugins/com.st.stm32cube.ide.mcu.externaltools.gnu-tools-for-stm32.13.3.rel1.linux64_1.0.0.202410170706/tools/bin/../lib/gcc/arm-none-eabi/13.3.1/../../../../arm-none-eabi/lib/thumb/v7e-m+fp/hard/libc_nano.a(libc_a-findfp.o)
                0x0800b098                __sfp_lock_acquire
 .text.__sfp_lock_release
                0x0800b0a4        0xc /mnt/data/gentoo/opt/st/stm32cubeide_1.18.1/plugins/com.st.stm32cube.ide.mcu.externaltools.gnu-tools-for-stm32.13.3.rel1.linux64_1.0.0.202410170706/tools/bin/../lib/gcc/arm-none-eabi/13.3.1/../../../../arm-none-eabi/lib/thumb/v7e-m+fp/hard/libc_nano.a(libc_a-findfp.o)
                0x0800b0a4                __sfp_lock_release
 .text.__sinit  0x0800b0b0       0x30 /mnt/data/gentoo/opt/st/stm32cubeide_1.18.1/plugins/com.st.stm32cube.ide.mcu.externaltools.gnu-tools-for-stm32.13.3.rel1.linux64_1.0.0.202410170706/tools/bin/../lib/gcc/arm-none-eabi/13.3.1/../../../../arm-none-eabi/lib/thumb/v7e-m+fp/hard/libc_nano.a(libc_a-findfp.o)
                0x0800b0b0                __sinit
 .text._fwalk_sglue
                0x0800b0e0       0x3c /mnt/data/gentoo/opt/st/stm32cubeide_1.18.1/plugins/com.st.stm32cube.ide.mcu.externaltools.gnu-tools-for-stm32.13.3.rel1.linux64_1.0.0.202410170706/tools/bin/../lib/gcc/arm-none-eabi/13.3.1/../../../../arm-none-eabi/lib/thumb/v7e-m+fp/hard/libc_nano.a(libc_a-fwalk.o)
                0x0800b0e0                _fwalk_sglue
 .text.printf   0x0800b11c       0x24 /mnt/data/gentoo/opt/st/stm32cubeide_1.18.1/plugins/com.st.stm32cube.ide.mcu.externaltools.gnu-tools-for-stm32.13.3.rel1.linux64_1.0.0.202410170706/tools/bin/../lib/gcc/arm-none-eabi/13.3.1/../../../../arm-none-eabi/lib/thumb/v7e-m+fp/hard/libc_nano.a(libc_a-printf.o)
                0x0800b11c                printf
                0x0800b11c                iprintf
 .text._puts_r  0x0800b140       0xaa /mnt/data/gentoo/opt/st/stm32cubeide_1.18.1/plugins/com.st.stm32cube.ide.mcu.externaltools.gnu-tools-for-stm32.13.3.rel1.linux64_1.0.0.202410170706/tools/bin/../lib/gcc/arm-none-eabi/13.3.1/../../../../arm-none-eabi/lib/thumb/v7e-m+fp/hard/libc_nano.a(libc_a-puts.o)
                0x0800b140                _puts_r
 *fill*         0x0800b1ea        0x2 
 .text.puts     0x0800b1ec       0x10 /mnt/data/gentoo/opt/st/stm32cubeide_1.18.1/plugins/com.st.stm32cube.ide.mcu.externaltools.gnu-tools-for-stm32.13.3.rel1.linux64_1.0.0.202410170706/tools/bin/../lib/gcc/arm-none-eabi/13.3.1/../../../../arm-none-eabi/lib/thumb/v7e-m+fp/hard/libc_nano.a(libc_a-puts.o)
                0x0800b1ec                puts
 .text.sprintf  0x0800b1fc       0x44 /mnt/data/gentoo/opt/st/stm32cubeide_1.18.1/plugins/com.st.stm32cube.ide.mcu.externaltools.gnu-tools-for-stm32.13.3.rel1.linux64_1.0.0.202410170706/tools/bin/../lib/gcc/arm-none-eabi/13.3.1/../../../../arm-none-eabi/lib/thumb/v7e-m+fp/hard/libc_nano.a(libc_a-sprintf.o)
                0x0800b1fc                sprintf
                0x0800b1fc                siprintf
 .text.sscanf   0x0800b240       0x58 /mnt/data/gentoo/opt/st/stm32cubeide_1.18.1/plugins/com.st.stm32cube.ide.mcu.externaltools.gnu-tools-for-stm32.13.3.rel1.linux64_1.0.0.202410170706/tools/bin/../lib/gcc/arm-none-eabi/13.3.1/../../../../arm-none-eabi/lib/thumb/v7e-m+fp/hard/libc_nano.a(libc_a-sscanf.o)
                0x0800b240                sscanf
                0x0800b240                siscanf
 .text.__sread  0x0800b298       0x22 /mnt/data/gentoo/opt/st/stm32cubeide_1.18.1/plugins/com.st.stm32cube.ide.mcu.externaltools.gnu-tools-for-stm32.13.3.rel1.linux64_1.0.0.202410170706/tools/bin/../lib/gcc/arm-none-eabi/13.3.1/../../../../arm-none-eabi/lib/thumb/v7e-m+fp/hard/libc_nano.a(libc_a-stdio.o)
                0x0800b298                __sread
 .text.__seofread
                0x0800b2ba        0x4 /mnt/data/gentoo/opt/st/stm32cubeide_1.18.1/plugins/com.st.stm32cube.ide.mcu.externaltools.gnu-tools-for-stm32.13.3.rel1.linux64_1.0.0.202410170706/tools/bin/../lib/gcc/arm-none-eabi/13.3.1/../../../../arm-none-eabi/lib/thumb/v7e-m+fp/hard/libc_nano.a(libc_a-stdio.o)
                0x0800b2ba                __seofread
 .text.__swrite
                0x0800b2be       0x38 /mnt/data/gentoo/opt/st/stm32cubeide_1.18.1/plugins/com.st.stm32cube.ide.mcu.externaltools.gnu-tools-for-stm32.13.3.rel1.linux64_1.0.0.202410170706/tools/bin/../lib/gcc/arm-none-eabi/13.3.1/../../../../arm-none-eabi/lib/thumb/v7e-m+fp/hard/libc_nano.a(libc_a-stdio.o)
                0x0800b2be                __swrite
 .text.__sseek  0x0800b2f6       0x24 /mnt/data/gentoo/opt/st/stm32cubeide_1.18.1/plugins/com.st.stm32cube.ide.mcu.externaltools.gnu-tools-for-stm32.13.3.rel1.linux64_1.0.0.202410170706/tools/bin/../lib/gcc/arm-none-eabi/13.3.1/../../../../arm-none-eabi/lib/thumb/v7e-m+fp/hard/libc_nano.a(libc_a-stdio.o)
                0x0800b2f6                __sseek
 .text.__sclose
                0x0800b31a        0x8 /mnt/data/gentoo/opt/st/stm32cubeide_1.18.1/plugins/com.st.stm32cube.ide.mcu.externaltools.gnu-tools-for-stm32.13.3.rel1.linux64_1.0.0.202410170706/tools/bin/../lib/gcc/arm-none-eabi/13.3.1/../../../../arm-none-eabi/lib/thumb/v7e-m+fp/hard/libc_nano.a(libc_a-stdio.o)
                0x0800b31a                __sclose
 .text.__swbuf_r
                0x0800b322       0x7c /mnt/data/gentoo/opt/st/stm32cubeide_1.18.1/plugins/com.st.stm32cube.ide.mcu.externaltools.gnu-tools-for-stm32.13.3.rel1.linux64_1.0.0.202410170706/tools/bin/../lib/gcc/arm-none-eabi/13.3.1/../../../../arm-none-eabi/lib/thumb/v7e-m+fp/hard/libc_nano.a(libc_a-wbuf.o)
                0x0800b322                __swbuf_r
 *fill*         0x0800b39e        0x2 
 .text.__swsetup_r
                0x0800b3a0       0xac /mnt/data/gentoo/opt/st/stm32cubeide_1.18.1/plugins/com.st.stm32cube.ide.mcu.externaltools.gnu-tools-for-stm32.13.3.rel1.linux64_1.0.0.202410170706/tools/bin/../lib/gcc/arm-none-eabi/13.3.1/../../../../arm-none-eabi/lib/thumb/v7e-m+fp/hard/libc_nano.a(libc_a-wsetup.o)
                0x0800b3a0                __swsetup_r
 .text.memset   0x0800b44c       0x10 /mnt/data/gentoo/opt/st/stm32cubeide_1.18.1/plugins/com.st.stm32cube.ide.mcu.externaltools.gnu-tools-for-stm32.13.3.rel1.linux64_1.0.0.202410170706/tools/bin/../lib/gcc/arm-none-eabi/13.3.1/../../../../arm-none-eabi/lib/thumb/v7e-m+fp/hard/libc_nano.a(libc_a-memset.o)
                0x0800b44c                memset
 .text._close_r
                0x0800b45c       0x20 /mnt/data/gentoo/opt/st/stm32cubeide_1.18.1/plugins/com.st.stm32cube.ide.mcu.externaltools.gnu-tools-for-stm32.13.3.rel1.linux64_1.0.0.202410170706/tools/bin/../lib/gcc/arm-none-eabi/13.3.1/../../../../arm-none-eabi/lib/thumb/v7e-m+fp/hard/libc_nano.a(libc_a-closer.o)
                0x0800b45c                _close_r
 .text._lseek_r
                0x0800b47c       0x24 /mnt/data/gentoo/opt/st/stm32cubeide_1.18.1/plugins/com.st.stm32cube.ide.mcu.externaltools.gnu-tools-for-stm32.13.3.rel1.linux64_1.0.0.202410170706/tools/bin/../lib/gcc/arm-none-eabi/13.3.1/../../../../arm-none-eabi/lib/thumb/v7e-m+fp/hard/libc_nano.a(libc_a-lseekr.o)
                0x0800b47c                _lseek_r
 .text._read_r  0x0800b4a0       0x24 /mnt/data/gentoo/opt/st/stm32cubeide_1.18.1/plugins/com.st.stm32cube.ide.mcu.externaltools.gnu-tools-for-stm32.13.3.rel1.linux64_1.0.0.202410170706/tools/bin/../lib/gcc/arm-none-eabi/13.3.1/../../../../arm-none-eabi/lib/thumb/v7e-m+fp/hard/libc_nano.a(libc_a-readr.o)
                0x0800b4a0                _read_r
 .text._write_r
                0x0800b4c4       0x24 /mnt/data/gentoo/opt/st/stm32cubeide_1.18.1/plugins/com.st.stm32cube.ide.mcu.externaltools.gnu-tools-for-stm32.13.3.rel1.linux64_1.0.0.202410170706/tools/bin/../lib/gcc/arm-none-eabi/13.3.1/../../../../arm-none-eabi/lib/thumb/v7e-m+fp/hard/libc_nano.a(libc_a-writer.o)
                0x0800b4c4                _write_r
 .text.__errno  0x0800b4e8        0xc /mnt/data/gentoo/opt/st/stm32cubeide_1.18.1/plugins/com.st.stm32cube.ide.mcu.externaltools.gnu-tools-for-stm32.13.3.rel1.linux64_1.0.0.202410170706/tools/bin/../lib/gcc/arm-none-eabi/13.3.1/../../../../arm-none-eabi/lib/thumb/v7e-m+fp/hard/libc_nano.a(libc_a-errno.o)
                0x0800b4e8                __errno
 .text.__libc_init_array
                0x0800b4f4       0x48 /mnt/data/gentoo/opt/st/stm32cubeide_1.18.1/plugins/com.st.stm32cube.ide.mcu.externaltools.gnu-tools-for-stm32.13.3.rel1.linux64_1.0.0.202410170706/tools/bin/../lib/gcc/arm-none-eabi/13.3.1/../../../../arm-none-eabi/lib/thumb/v7e-m+fp/hard/libc_nano.a(libc_a-init.o)
                0x0800b4f4                __libc_init_array
 .text.__retarget_lock_init_recursive
                0x0800b53c        0x2 /mnt/data/gentoo/opt/st/stm32cubeide_1.18.1/plugins/com.st.stm32cube.ide.mcu.externaltools.gnu-tools-for-stm32.13.3.rel1.linux64_1.0.0.202410170706/tools/bin/../lib/gcc/arm-none-eabi/13.3.1/../../../../arm-none-eabi/lib/thumb/v7e-m+fp/hard/libc_nano.a(libc_a-lock.o)
                0x0800b53c                __retarget_lock_init_recursive
 .text.__retarget_lock_acquire_recursive
                0x0800b53e        0x2 /mnt/data/gentoo/opt/st/stm32cubeide_1.18.1/plugins/com.st.stm32cube.ide.mcu.externaltools.gnu-tools-for-stm32.13.3.rel1.linux64_1.0.0.202410170706/tools/bin/../lib/gcc/arm-none-eabi/13.3.1/../../../../arm-none-eabi/lib/thumb/v7e-m+fp/hard/libc_nano.a(libc_a-lock.o)
                0x0800b53e                __retarget_lock_acquire_recursive
 .text.__retarget_lock_release_recursive
                0x0800b540        0x2 /mnt/data/gentoo/opt/st/stm32cubeide_1.18.1/plugins/com.st.stm32cube.ide.mcu.externaltools.gnu-tools-for-stm32.13.3.rel1.linux64_1.0.0.202410170706/tools/bin/../lib/gcc/arm-none-eabi/13.3.1/../../../../arm-none-eabi/lib/thumb/v7e-m+fp/hard/libc_nano.a(libc_a-lock.o)
                0x0800b540                __retarget_lock_release_recursive
 .text.memcpy   0x0800b542       0x1c /mnt/data/gentoo/opt/st/stm32cubeide_1.18.1/plugins/com.st.stm32cube.ide.mcu.externaltools.gnu-tools-for-stm32.13.3.rel1.linux64_1.0.0.202410170706/tools/bin/../lib/gcc/arm-none-eabi/13.3.1/../../../../arm-none-eabi/lib/thumb/v7e-m+fp/hard/libc_nano.a(libc_a-memcpy-stub.o)
                0x0800b542                memcpy
 *fill*         0x0800b55e        0x2 
 .text._free_r  0x0800b560       0x94 /mnt/data/gentoo/opt/st/stm32cubeide_1.18.1/plugins/com.st.stm32cube.ide.mcu.externaltools.gnu-tools-for-stm32.13.3.rel1.linux64_1.0.0.202410170706/tools/bin/../lib/gcc/arm-none-eabi/13.3.1/../../../../arm-none-eabi/lib/thumb/v7e-m+fp/hard/libc_nano.a(libc_a-freer.o)
                0x0800b560                _free_r
 .text.sbrk_aligned
                0x0800b5f4       0x44 /mnt/data/gentoo/opt/st/stm32cubeide_1.18.1/plugins/com.st.stm32cube.ide.mcu.externaltools.gnu-tools-for-stm32.13.3.rel1.linux64_1.0.0.202410170706/tools/bin/../lib/gcc/arm-none-eabi/13.3.1/../../../../arm-none-eabi/lib/thumb/v7e-m+fp/hard/libc_nano.a(libc_a-mallocr.o)
 .text._malloc_r
                0x0800b638      0x100 /mnt/data/gentoo/opt/st/stm32cubeide_1.18.1/plugins/com.st.stm32cube.ide.mcu.externaltools.gnu-tools-for-stm32.13.3.rel1.linux64_1.0.0.202410170706/tools/bin/../lib/gcc/arm-none-eabi/13.3.1/../../../../arm-none-eabi/lib/thumb/v7e-m+fp/hard/libc_nano.a(libc_a-mallocr.o)
                0x0800b638                _malloc_r
 .text.__malloc_lock
                0x0800b738        0xc /mnt/data/gentoo/opt/st/stm32cubeide_1.18.1/plugins/com.st.stm32cube.ide.mcu.externaltools.gnu-tools-for-stm32.13.3.rel1.linux64_1.0.0.202410170706/tools/bin/../lib/gcc/arm-none-eabi/13.3.1/../../../../arm-none-eabi/lib/thumb/v7e-m+fp/hard/libc_nano.a(libc_a-mlock.o)
                0x0800b738                __malloc_lock
 .text.__malloc_unlock
                0x0800b744        0xc /mnt/data/gentoo/opt/st/stm32cubeide_1.18.1/plugins/com.st.stm32cube.ide.mcu.externaltools.gnu-tools-for-stm32.13.3.rel1.linux64_1.0.0.202410170706/tools/bin/../lib/gcc/arm-none-eabi/13.3.1/../../../../arm-none-eabi/lib/thumb/v7e-m+fp/hard/libc_nano.a(libc_a-mlock.o)
                0x0800b744                __malloc_unlock
 .text.__ssputs_r
                0x0800b750       0xb6 /mnt/data/gentoo/opt/st/stm32cubeide_1.18.1/plugins/com.st.stm32cube.ide.mcu.externaltools.gnu-tools-for-stm32.13.3.rel1.linux64_1.0.0.202410170706/tools/bin/../lib/gcc/arm-none-eabi/13.3.1/../../../../arm-none-eabi/lib/thumb/v7e-m+fp/hard/libc_nano.a(libc_a-nano-svfprintf.o)
                0x0800b750                __ssputs_r
 *fill*         0x0800b806        0x2 
 .text._svfprintf_r
                0x0800b808      0x1f8 /mnt/data/gentoo/opt/st/stm32cubeide_1.18.1/plugins/com.st.stm32cube.ide.mcu.externaltools.gnu-tools-for-stm32.13.3.rel1.linux64_1.0.0.202410170706/tools/bin/../lib/gcc/arm-none-eabi/13.3.1/../../../../arm-none-eabi/lib/thumb/v7e-m+fp/hard/libc_nano.a(libc_a-nano-svfprintf.o)
                0x0800b808                _svfprintf_r
                0x0800b808                _svfiprintf_r
 .text._sungetc_r
                0x0800ba00       0x7a /mnt/data/gentoo/opt/st/stm32cubeide_1.18.1/plugins/com.st.stm32cube.ide.mcu.externaltools.gnu-tools-for-stm32.13.3.rel1.linux64_1.0.0.202410170706/tools/bin/../lib/gcc/arm-none-eabi/13.3.1/../../../../arm-none-eabi/lib/thumb/v7e-m+fp/hard/libc_nano.a(libc_a-nano-svfscanf.o)
                0x0800ba00                _sungetc_r
 .text.__ssrefill_r
                0x0800ba7a       0x3a /mnt/data/gentoo/opt/st/stm32cubeide_1.18.1/plugins/com.st.stm32cube.ide.mcu.externaltools.gnu-tools-for-stm32.13.3.rel1.linux64_1.0.0.202410170706/tools/bin/../lib/gcc/arm-none-eabi/13.3.1/../../../../arm-none-eabi/lib/thumb/v7e-m+fp/hard/libc_nano.a(libc_a-nano-svfscanf.o)
                0x0800ba7a                __ssrefill_r
 .text.__ssvfscanf_r
                0x0800bab4      0x2ec /mnt/data/gentoo/opt/st/stm32cubeide_1.18.1/plugins/com.st.stm32cube.ide.mcu.externaltools.gnu-tools-for-stm32.13.3.rel1.linux64_1.0.0.202410170706/tools/bin/../lib/gcc/arm-none-eabi/13.3.1/../../../../arm-none-eabi/lib/thumb/v7e-m+fp/hard/libc_nano.a(libc_a-nano-svfscanf.o)
                0x0800bab4                __ssvfscanf_r
                0x0800bab4                __ssvfiscanf_r
 .text.__sfputc_r
                0x0800bda0       0x2e /mnt/data/gentoo/opt/st/stm32cubeide_1.18.1/plugins/com.st.stm32cube.ide.mcu.externaltools.gnu-tools-for-stm32.13.3.rel1.linux64_1.0.0.202410170706/tools/bin/../lib/gcc/arm-none-eabi/13.3.1/../../../../arm-none-eabi/lib/thumb/v7e-m+fp/hard/libc_nano.a(libc_a-nano-vfprintf.o)
 .text.__sfputs_r
                0x0800bdce       0x24 /mnt/data/gentoo/opt/st/stm32cubeide_1.18.1/plugins/com.st.stm32cube.ide.mcu.externaltools.gnu-tools-for-stm32.13.3.rel1.linux64_1.0.0.202410170706/tools/bin/../lib/gcc/arm-none-eabi/13.3.1/../../../../arm-none-eabi/lib/thumb/v7e-m+fp/hard/libc_nano.a(libc_a-nano-vfprintf.o)
                0x0800bdce                __sfputs_r
 *fill*         0x0800bdf2        0x2 
 .text._vfprintf_r
                0x0800bdf4      0x230 /mnt/data/gentoo/opt/st/stm32cubeide_1.18.1/plugins/com.st.stm32cube.ide.mcu.externaltools.gnu-tools-for-stm32.13.3.rel1.linux64_1.0.0.202410170706/tools/bin/../lib/gcc/arm-none-eabi/13.3.1/../../../../arm-none-eabi/lib/thumb/v7e-m+fp/hard/libc_nano.a(libc_a-nano-vfprintf.o)
                0x0800bdf4                _vfiprintf_r
                0x0800bdf4                _vfprintf_r
 .text._printf_common
                0x0800c024       0xda /mnt/data/gentoo/opt/st/stm32cubeide_1.18.1/plugins/com.st.stm32cube.ide.mcu.externaltools.gnu-tools-for-stm32.13.3.rel1.linux64_1.0.0.202410170706/tools/bin/../lib/gcc/arm-none-eabi/13.3.1/../../../../arm-none-eabi/lib/thumb/v7e-m+fp/hard/libc_nano.a(libc_a-nano-vfprintf_i.o)
                0x0800c024                _printf_common
 *fill*         0x0800c0fe        0x2 
 .text._printf_i
                0x0800c100      0x23c /mnt/data/gentoo/opt/st/stm32cubeide_1.18.1/plugins/com.st.stm32cube.ide.mcu.externaltools.gnu-tools-for-stm32.13.3.rel1.linux64_1.0.0.202410170706/tools/bin/../lib/gcc/arm-none-eabi/13.3.1/../../../../arm-none-eabi/lib/thumb/v7e-m+fp/hard/libc_nano.a(libc_a-nano-vfprintf_i.o)
                0x0800c100                _printf_i
 .text._scanf_chars
                0x0800c33c       0xb4 /mnt/data/gentoo/opt/st/stm32cubeide_1.18.1/plugins/com.st.stm32cube.ide.mcu.externaltools.gnu-tools-for-stm32.13.3.rel1.linux64_1.0.0.202410170706/tools/bin/../lib/gcc/arm-none-eabi/13.3.1/../../../../arm-none-eabi/lib/thumb/v7e-m+fp/hard/libc_nano.a(libc_a-nano-vfscanf_i.o)
                0x0800c33c                _scanf_chars
 .text._scanf_i
                0x0800c3f0      0x1e8 /mnt/data/gentoo/opt/st/stm32cubeide_1.18.1/plugins/com.st.stm32cube.ide.mcu.externaltools.gnu-tools-for-stm32.13.3.rel1.linux64_1.0.0.202410170706/tools/bin/../lib/gcc/arm-none-eabi/13.3.1/../../../../arm-none-eabi/lib/thumb/v7e-m+fp/hard/libc_nano.a(libc_a-nano-vfscanf_i.o)
                0x0800c3f0                _scanf_i
 .text.__sflush_r
                0x0800c5d8      0x108 /mnt/data/gentoo/opt/st/stm32cubeide_1.18.1/plugins/com.st.stm32cube.ide.mcu.externaltools.gnu-tools-for-stm32.13.3.rel1.linux64_1.0.0.202410170706/tools/bin/../lib/gcc/arm-none-eabi/13.3.1/../../../../arm-none-eabi/lib/thumb/v7e-m+fp/hard/libc_nano.a(libc_a-fflush.o)
                0x0800c5d8                __sflush_r
 .text._fflush_r
                0x0800c6e0       0x50 /mnt/data/gentoo/opt/st/stm32cubeide_1.18.1/plugins/com.st.stm32cube.ide.mcu.externaltools.gnu-tools-for-stm32.13.3.rel1.linux64_1.0.0.202410170706/tools/bin/../lib/gcc/arm-none-eabi/13.3.1/../../../../arm-none-eabi/lib/thumb/v7e-m+fp/hard/libc_nano.a(libc_a-fflush.o)
                0x0800c6e0                _fflush_r
 .text.__swhatbuf_r
                0x0800c730       0x4c /mnt/data/gentoo/opt/st/stm32cubeide_1.18.1/plugins/com.st.stm32cube.ide.mcu.externaltools.gnu-tools-for-stm32.13.3.rel1.linux64_1.0.0.202410170706/tools/bin/../lib/gcc/arm-none-eabi/13.3.1/../../../../arm-none-eabi/lib/thumb/v7e-m+fp/hard/libc_nano.a(libc_a-makebuf.o)
                0x0800c730                __swhatbuf_r
 .text.__smakebuf_r
                0x0800c77c       0x78 /mnt/data/gentoo/opt/st/stm32cubeide_1.18.1/plugins/com.st.stm32cube.ide.mcu.externaltools.gnu-tools-for-stm32.13.3.rel1.linux64_1.0.0.202410170706/tools/bin/../lib/gcc/arm-none-eabi/13.3.1/../../../../arm-none-eabi/lib/thumb/v7e-m+fp/hard/libc_nano.a(libc_a-makebuf.o)
                0x0800c77c                __smakebuf_r
 .text.__sccl   0x0800c7f4       0x72 /mnt/data/gentoo/opt/st/stm32cubeide_1.18.1/plugins/com.st.stm32cube.ide.mcu.externaltools.gnu-tools-for-stm32.13.3.rel1.linux64_1.0.0.202410170706/tools/bin/../lib/gcc/arm-none-eabi/13.3.1/../../../../arm-none-eabi/lib/thumb/v7e-m+fp/hard/libc_nano.a(libc_a-sccl.o)
                0x0800c7f4                __sccl
 .text.__submore
                0x0800c866       0x74 /mnt/data/gentoo/opt/st/stm32cubeide_1.18.1/plugins/com.st.stm32cube.ide.mcu.externaltools.gnu-tools-for-stm32.13.3.rel1.linux64_1.0.0.202410170706/tools/bin/../lib/gcc/arm-none-eabi/13.3.1/../../../../arm-none-eabi/lib/thumb/v7e-m+fp/hard/libc_nano.a(libc_a-ungetc.o)
                0x0800c866                __submore
 .text.memmove  0x0800c8da       0x34 /mnt/data/gentoo/opt/st/stm32cubeide_1.18.1/plugins/com.st.stm32cube.ide.mcu.externaltools.gnu-tools-for-stm32.13.3.rel1.linux64_1.0.0.202410170706/tools/bin/../lib/gcc/arm-none-eabi/13.3.1/../../../../arm-none-eabi/lib/thumb/v7e-m+fp/hard/libc_nano.a(libc_a-memmove.o)
                0x0800c8da                memmove
 *fill*         0x0800c90e        0x2 
 .text._fstat_r
                0x0800c910       0x24 /mnt/data/gentoo/opt/st/stm32cubeide_1.18.1/plugins/com.st.stm32cube.ide.mcu.externaltools.gnu-tools-for-stm32.13.3.rel1.linux64_1.0.0.202410170706/tools/bin/../lib/gcc/arm-none-eabi/13.3.1/../../../../arm-none-eabi/lib/thumb/v7e-m+fp/hard/libc_nano.a(libc_a-fstatr.o)
                0x0800c910                _fstat_r
 .text._isatty_r
                0x0800c934       0x20 /mnt/data/gentoo/opt/st/stm32cubeide_1.18.1/plugins/com.st.stm32cube.ide.mcu.externaltools.gnu-tools-for-stm32.13.3.rel1.linux64_1.0.0.202410170706/tools/bin/../lib/gcc/arm-none-eabi/13.3.1/../../../../arm-none-eabi/lib/thumb/v7e-m+fp/hard/libc_nano.a(libc_a-isattyr.o)
                0x0800c934                _isatty_r
 .text._sbrk_r  0x0800c954       0x20 /mnt/data/gentoo/opt/st/stm32cubeide_1.18.1/plugins/com.st.stm32cube.ide.mcu.externaltools.gnu-tools-for-stm32.13.3.rel1.linux64_1.0.0.202410170706/tools/bin/../lib/gcc/arm-none-eabi/13.3.1/../../../../arm-none-eabi/lib/thumb/v7e-m+fp/hard/libc_nano.a(libc_a-sbrkr.o)
                0x0800c954                _sbrk_r
 .text._realloc_r
                0x0800c974       0x5c /mnt/data/gentoo/opt/st/stm32cubeide_1.18.1/plugins/com.st.stm32cube.ide.mcu.externaltools.gnu-tools-for-stm32.13.3.rel1.linux64_1.0.0.202410170706/tools/bin/../lib/gcc/arm-none-eabi/13.3.1/../../../../arm-none-eabi/lib/thumb/v7e-m+fp/hard/libc_nano.a(libc_a-reallocr.o)
                0x0800c974                _realloc_r
 .text._strtol_l.isra.0
                0x0800c9d0       0xf4 /mnt/data/gentoo/opt/st/stm32cubeide_1.18.1/plugins/com.st.stm32cube.ide.mcu.externaltools.gnu-tools-for-stm32.13.3.rel1.linux64_1.0.0.202410170706/tools/bin/../lib/gcc/arm-none-eabi/13.3.1/../../../../arm-none-eabi/lib/thumb/v7e-m+fp/hard/libc_nano.a(libc_a-strtol.o)
 .text._strtol_r
                0x0800cac4        0x4 /mnt/data/gentoo/opt/st/stm32cubeide_1.18.1/plugins/com.st.stm32cube.ide.mcu.externaltools.gnu-tools-for-stm32.13.3.rel1.linux64_1.0.0.202410170706/tools/bin/../lib/gcc/arm-none-eabi/13.3.1/../../../../arm-none-eabi/lib/thumb/v7e-m+fp/hard/libc_nano.a(libc_a-strtol.o)
                0x0800cac4                _strtol_r
 .text._strtoul_l.isra.0
                0x0800cac8       0xdc /mnt/data/gentoo/opt/st/stm32cubeide_1.18.1/plugins/com.st.stm32cube.ide.mcu.externaltools.gnu-tools-for-stm32.13.3.rel1.linux64_1.0.0.202410170706/tools/bin/../lib/gcc/arm-none-eabi/13.3.1/../../../../arm-none-eabi/lib/thumb/v7e-m+fp/hard/libc_nano.a(libc_a-strtoul.o)
 .text._strtoul_r
                0x0800cba4        0x4 /mnt/data/gentoo/opt/st/stm32cubeide_1.18.1/plugins/com.st.stm32cube.ide.mcu.externaltools.gnu-tools-for-stm32.13.3.rel1.linux64_1.0.0.202410170706/tools/bin/../lib/gcc/arm-none-eabi/13.3.1/../../../../arm-none-eabi/lib/thumb/v7e-m+fp/hard/libc_nano.a(libc_a-strtoul.o)
                0x0800cba4                _strtoul_r
 .text._malloc_usable_size_r
                0x0800cba8       0x10 /mnt/data/gentoo/opt/st/stm32cubeide_1.18.1/plugins/com.st.stm32cube.ide.mcu.externaltools.gnu-tools-for-stm32.13.3.rel1.linux64_1.0.0.202410170706/tools/bin/../lib/gcc/arm-none-eabi/13.3.1/../../../../arm-none-eabi/lib/thumb/v7e-m+fp/hard/libc_nano.a(libc_a-msizer.o)
                0x0800cba8                _malloc_usable_size_r
 *(.glue_7)
 .glue_7        0x0800cbb8        0x0 linker stubs
 *(.glue_7t)
 .glue_7t       0x0800cbb8        0x0 linker stubs
 *(.eh_frame)
 .eh_frame      0x0800cbb8        0x0 /mnt/data/gentoo/opt/st/stm32cubeide_1.18.1/plugins/com.st.stm32cube.ide.mcu.externaltools.gnu-tools-for-stm32.13.3.rel1.linux64_1.0.0.202410170706/tools/bin/../lib/gcc/arm-none-eabi/13.3.1/thumb/v7e-m+fp/hard/crtbegin.o
 *(.init)
 .init          0x0800cbb8        0x4 /mnt/data/gentoo/opt/st/stm32cubeide_1.18.1/plugins/com.st.stm32cube.ide.mcu.externaltools.gnu-tools-for-stm32.13.3.rel1.linux64_1.0.0.202410170706/tools/bin/../lib/gcc/arm-none-eabi/13.3.1/thumb/v7e-m+fp/hard/crti.o
                0x0800cbb8                _init
 .init          0x0800cbbc        0x8 /mnt/data/gentoo/opt/st/stm32cubeide_1.18.1/plugins/com.st.stm32cube.ide.mcu.externaltools.gnu-tools-for-stm32.13.3.rel1.linux64_1.0.0.202410170706/tools/bin/../lib/gcc/arm-none-eabi/13.3.1/thumb/v7e-m+fp/hard/crtn.o
 *(.fini)
 .fini          0x0800cbc4        0x4 /mnt/data/gentoo/opt/st/stm32cubeide_1.18.1/plugins/com.st.stm32cube.ide.mcu.externaltools.gnu-tools-for-stm32.13.3.rel1.linux64_1.0.0.202410170706/tools/bin/../lib/gcc/arm-none-eabi/13.3.1/thumb/v7e-m+fp/hard/crti.o
                0x0800cbc4                _fini
 .fini          0x0800cbc8        0x8 /mnt/data/gentoo/opt/st/stm32cubeide_1.18.1/plugins/com.st.stm32cube.ide.mcu.externaltools.gnu-tools-for-stm32.13.3.rel1.linux64_1.0.0.202410170706/tools/bin/../lib/gcc/arm-none-eabi/13.3.1/thumb/v7e-m+fp/hard/crtn.o
                0x0800cbd0                        . = ALIGN (0x4)
                0x0800cbd0                        _etext = .

.vfp11_veneer   0x0800cbd0        0x0
 .vfp11_veneer  0x0800cbd0        0x0 linker stubs

.v4_bx          0x0800cbd0        0x0
 .v4_bx         0x0800cbd0        0x0 linker stubs

.iplt           0x0800cbd0        0x0
 .iplt          0x0800cbd0        0x0 /mnt/data/gentoo/opt/st/stm32cubeide_1.18.1/plugins/com.st.stm32cube.ide.mcu.externaltools.gnu-tools-for-stm32.13.3.rel1.linux64_1.0.0.202410170706/tools/bin/../lib/gcc/arm-none-eabi/13.3.1/thumb/v7e-m+fp/hard/crtbegin.o

.rodata         0x0800cbd0      0x4bc
                0x0800cbd0                        . = ALIGN (0x4)
 *(.rodata)
 .rodata        0x0800cbd0      0x135 ./Core/Src/console.o
 *fill*         0x0800cd05        0x3 
 .rodata        0x0800cd08       0x1d ./Core/Src/main.o
 *fill*         0x0800cd25        0x3 
 .rodata        0x0800cd28       0xef ./Core/Src/runtime.o
 *fill*         0x0800ce17        0x1 
 .rodata        0x0800ce18        0xc /mnt/data/gentoo/opt/st/stm32cubeide_1.18.1/plugins/com.st.stm32cube.ide.mcu.externaltools.gnu-tools-for-stm32.13.3.rel1.linux64_1.0.0.202410170706/tools/bin/../lib/gcc/arm-none-eabi/13.3.1/../../../../arm-none-eabi/lib/thumb/v7e-m+fp/hard/libc_nano.a(libc_a-nano-vfscanf_i.o)
 *(.rodata*)
 .rodata.steppers_config
                0x0800ce24       0xb4 ./Core/Src/runtime.o
 .rodata.default_rampe_config
                0x0800ced8       0x24 ./Core/Src/runtime.o
 .rodata.AHBPrescTable
                0x0800cefc       0x10 ./Core/Src/system_stm32g4xx.o
                0x0800cefc                AHBPrescTable
 .rodata.APBPrescTable
                0x0800cf0c        0x8 ./Core/Src/system_stm32g4xx.o
                0x0800cf0c                APBPrescTable
 .rodata.UARTPrescTable
                0x0800cf14       0x18 ./Drivers/STM32G4xx_HAL_Driver/Src/stm32g4xx_hal_uart.o
                0x0800cf14                UARTPrescTable
 .rodata.numerator.1
                0x0800cf2c        0x8 ./Drivers/STM32G4xx_HAL_Driver/Src/stm32g4xx_hal_uart_ex.o
 .rodata.denominator.0
                0x0800cf34        0x8 ./Drivers/STM32G4xx_HAL_Driver/Src/stm32g4xx_hal_uart_ex.o
 .rodata._svfprintf_r.str1.1
                0x0800cf3c       0x4e /mnt/data/gentoo/opt/st/stm32cubeide_1.18.1/plugins/com.st.stm32cube.ide.mcu.externaltools.gnu-tools-for-stm32.13.3.rel1.linux64_1.0.0.202410170706/tools/bin/../lib/gcc/arm-none-eabi/13.3.1/../../../../arm-none-eabi/lib/thumb/v7e-m+fp/hard/libc_nano.a(libc_a-nano-svfprintf.o)
                                 0x11 (size before relaxing)
 .rodata.__ssvfscanf_r.str1.1
                0x0800cf8a        0x4 /mnt/data/gentoo/opt/st/stm32cubeide_1.18.1/plugins/com.st.stm32cube.ide.mcu.externaltools.gnu-tools-for-stm32.13.3.rel1.linux64_1.0.0.202410170706/tools/bin/../lib/gcc/arm-none-eabi/13.3.1/../../../../arm-none-eabi/lib/thumb/v7e-m+fp/hard/libc_nano.a(libc_a-nano-svfscanf.o)
 .rodata._vfprintf_r.str1.1
                0x0800cf8a       0x11 /mnt/data/gentoo/opt/st/stm32cubeide_1.18.1/plugins/com.st.stm32cube.ide.mcu.externaltools.gnu-tools-for-stm32.13.3.rel1.linux64_1.0.0.202410170706/tools/bin/../lib/gcc/arm-none-eabi/13.3.1/../../../../arm-none-eabi/lib/thumb/v7e-m+fp/hard/libc_nano.a(libc_a-nano-vfprintf.o)
 .rodata._printf_i.str1.1
                0x0800cf8a       0x22 /mnt/data/gentoo/opt/st/stm32cubeide_1.18.1/plugins/com.st.stm32cube.ide.mcu.externaltools.gnu-tools-for-stm32.13.3.rel1.linux64_1.0.0.202410170706/tools/bin/../lib/gcc/arm-none-eabi/13.3.1/../../../../arm-none-eabi/lib/thumb/v7e-m+fp/hard/libc_nano.a(libc_a-nano-vfprintf_i.o)
 .rodata._scanf_i.str1.1
                0x0800cf8a       0x12 /mnt/data/gentoo/opt/st/stm32cubeide_1.18.1/plugins/com.st.stm32cube.ide.mcu.externaltools.gnu-tools-for-stm32.13.3.rel1.linux64_1.0.0.202410170706/tools/bin/../lib/gcc/arm-none-eabi/13.3.1/../../../../arm-none-eabi/lib/thumb/v7e-m+fp/hard/libc_nano.a(libc_a-nano-vfscanf_i.o)
 .rodata.str1.1
                0x0800cf8a        0x9 /mnt/data/gentoo/opt/st/stm32cubeide_1.18.1/plugins/com.st.stm32cube.ide.mcu.externaltools.gnu-tools-for-stm32.13.3.rel1.linux64_1.0.0.202410170706/tools/bin/../lib/gcc/arm-none-eabi/13.3.1/../../../../arm-none-eabi/lib/thumb/v7e-m+fp/hard/libc_nano.a(libc_a-nano-vfscanf_i.o)
 .rodata._ctype_
                0x0800cf8a      0x101 /mnt/data/gentoo/opt/st/stm32cubeide_1.18.1/plugins/com.st.stm32cube.ide.mcu.externaltools.gnu-tools-for-stm32.13.3.rel1.linux64_1.0.0.202410170706/tools/bin/../lib/gcc/arm-none-eabi/13.3.1/../../../../arm-none-eabi/lib/thumb/v7e-m+fp/hard/libc_nano.a(libc_a-ctype_.o)
                0x0800cf8a                _ctype_
                0x0800d08c                        . = ALIGN (0x4)
 *fill*         0x0800d08b        0x1 

.ARM.extab      0x0800d08c        0x0
                0x0800d08c                        . = ALIGN (0x4)
 *(.ARM.extab* .gnu.linkonce.armextab.*)
                0x0800d08c                        . = ALIGN (0x4)

.ARM            0x0800d08c        0x8
                0x0800d08c                        . = ALIGN (0x4)
                0x0800d08c                        __exidx_start = .
 *(.ARM.exidx*)
 .ARM.exidx     0x0800d08c        0x8 /mnt/data/gentoo/opt/st/stm32cubeide_1.18.1/plugins/com.st.stm32cube.ide.mcu.externaltools.gnu-tools-for-stm32.13.3.rel1.linux64_1.0.0.202410170706/tools/bin/../lib/gcc/arm-none-eabi/13.3.1/../../../../arm-none-eabi/lib/thumb/v7e-m+fp/hard/libc_nano.a(libc_a-strlen.o)
 .ARM.exidx     0x0800d094        0x0 /mnt/data/gentoo/opt/st/stm32cubeide_1.18.1/plugins/com.st.stm32cube.ide.mcu.externaltools.gnu-tools-for-stm32.13.3.rel1.linux64_1.0.0.202410170706/tools/bin/../lib/gcc/arm-none-eabi/13.3.1/../../../../arm-none-eabi/lib/thumb/v7e-m+fp/hard/libc_nano.a(libc_a-memchr.o)
                                  0x8 (size before relaxing)
 .ARM.exidx     0x0800d094        0x0 /mnt/data/gentoo/opt/st/stm32cubeide_1.18.1/plugins/com.st.stm32cube.ide.mcu.externaltools.gnu-tools-for-stm32.13.3.rel1.linux64_1.0.0.202410170706/tools/bin/../lib/gcc/arm-none-eabi/13.3.1/thumb/v7e-m+fp/hard/libgcc.a(_udivmoddi4.o)
                                  0x8 (size before relaxing)
                0x0800d094                        __exidx_end = .
                0x0800d094                        . = ALIGN (0x4)

.preinit_array  0x0800d094        0x0
                0x0800d094                        . = ALIGN (0x4)
                0x0800d094                        PROVIDE (__preinit_array_start = .)
 *(.preinit_array*)
                0x0800d094                        PROVIDE (__preinit_array_end = .)
                0x0800d094                        . = ALIGN (0x4)

.init_array     0x0800d094        0x4
                0x0800d094                        . = ALIGN (0x4)
                0x0800d094                        PROVIDE (__init_array_start = .)
 *(SORT_BY_NAME(.init_array.*))
 *(.init_array*)
 .init_array    0x0800d094        0x4 /mnt/data/gentoo/opt/st/stm32cubeide_1.18.1/plugins/com.st.stm32cube.ide.mcu.externaltools.gnu-tools-for-stm32.13.3.rel1.linux64_1.0.0.202410170706/tools/bin/../lib/gcc/arm-none-eabi/13.3.1/thumb/v7e-m+fp/hard/crtbegin.o
                0x0800d098                        PROVIDE (__init_array_end = .)
                0x0800d098                        . = ALIGN (0x4)

.fini_array     0x0800d098        0x4
                0x0800d098                        . = ALIGN (0x4)
                [!provide]                        PROVIDE (__fini_array_start = .)
 *(SORT_BY_NAME(.fini_array.*))
 *(.fini_array*)
 .fini_array    0x0800d098        0x4 /mnt/data/gentoo/opt/st/stm32cubeide_1.18.1/plugins/com.st.stm32cube.ide.mcu.externaltools.gnu-tools-for-stm32.13.3.rel1.linux64_1.0.0.202410170706/tools/bin/../lib/gcc/arm-none-eabi/13.3.1/thumb/v7e-m+fp/hard/crtbegin.o
                [!provide]                        PROVIDE (__fini_array_end = .)
                0x0800d09c                        . = ALIGN (0x4)
                0x0800d09c                        _sidata = LOADADDR (.data)

.rel.dyn        0x0800d09c        0x0
 .rel.iplt      0x0800d09c        0x0 /mnt/data/gentoo/opt/st/stm32cubeide_1.18.1/plugins/com.st.stm32cube.ide.mcu.externaltools.gnu-tools-for-stm32.13.3.rel1.linux64_1.0.0.202410170706/tools/bin/../lib/gcc/arm-none-eabi/13.3.1/thumb/v7e-m+fp/hard/crtbegin.o

.data           0x20000000      0x1a4 load address 0x0800d09c
                0x20000000                        . = ALIGN (0x4)
                0x20000000                        _sdata = .
 *(.data)
 *(.data*)
 .data.cmd_test
                0x20000000        0xc ./Core/Src/console.o
 .data.commands
                0x2000000c        0x4 ./Core/Src/console.o
 .data.cmd_help
                0x20000010        0xc ./Core/Src/console.o
 .data.cmd_reset
                0x2000001c        0xc ./Core/Src/console.o
 .data.built_in_commands
                0x20000028        0x8 ./Core/Src/console.o
 .data.cons     0x20000030      0x108 ./Core/Src/runtime.o
                0x20000030                cons
 .data.first_time
                0x20000138        0x1 ./Core/Src/runtime.o
 *fill*         0x20000139        0x3 
 .data.SystemCoreClock
                0x2000013c        0x4 ./Core/Src/system_stm32g4xx.o
                0x2000013c                SystemCoreClock
 .data.uwTickPrio
                0x20000140        0x4 ./Drivers/STM32G4xx_HAL_Driver/Src/stm32g4xx_hal.o
                0x20000140                uwTickPrio
 .data.uwTickFreq
                0x20000144        0x4 ./Drivers/STM32G4xx_HAL_Driver/Src/stm32g4xx_hal.o
                0x20000144                uwTickFreq
 .data.__sglue  0x20000148        0xc /mnt/data/gentoo/opt/st/stm32cubeide_1.18.1/plugins/com.st.stm32cube.ide.mcu.externaltools.gnu-tools-for-stm32.13.3.rel1.linux64_1.0.0.202410170706/tools/bin/../lib/gcc/arm-none-eabi/13.3.1/../../../../arm-none-eabi/lib/thumb/v7e-m+fp/hard/libc_nano.a(libc_a-findfp.o)
                0x20000148                __sglue
 .data._impure_ptr
                0x20000154        0x4 /mnt/data/gentoo/opt/st/stm32cubeide_1.18.1/plugins/com.st.stm32cube.ide.mcu.externaltools.gnu-tools-for-stm32.13.3.rel1.linux64_1.0.0.202410170706/tools/bin/../lib/gcc/arm-none-eabi/13.3.1/../../../../arm-none-eabi/lib/thumb/v7e-m+fp/hard/libc_nano.a(libc_a-impure.o)
                0x20000154                _impure_ptr
 .data._impure_data
                0x20000158       0x4c /mnt/data/gentoo/opt/st/stm32cubeide_1.18.1/plugins/com.st.stm32cube.ide.mcu.externaltools.gnu-tools-for-stm32.13.3.rel1.linux64_1.0.0.202410170706/tools/bin/../lib/gcc/arm-none-eabi/13.3.1/../../../../arm-none-eabi/lib/thumb/v7e-m+fp/hard/libc_nano.a(libc_a-impure.o)
                0x20000158                _impure_data
 *(.RamFunc)
 *(.RamFunc*)
                0x200001a4                        . = ALIGN (0x4)
                0x200001a4                        _edata = .

.igot.plt       0x200001a4        0x0 load address 0x0800d240
 .igot.plt      0x200001a4        0x0 /mnt/data/gentoo/opt/st/stm32cubeide_1.18.1/plugins/com.st.stm32cube.ide.mcu.externaltools.gnu-tools-for-stm32.13.3.rel1.linux64_1.0.0.202410170706/tools/bin/../lib/gcc/arm-none-eabi/13.3.1/thumb/v7e-m+fp/hard/crtbegin.o
                0x200001a4                        . = ALIGN (0x4)

.bss            0x200001a4      0x980 load address 0x0800d240
                0x200001a4                        _sbss = .
                0x200001a4                        __bss_start__ = _sbss
 *(.bss)
 .bss           0x200001a4       0x1c /mnt/data/gentoo/opt/st/stm32cubeide_1.18.1/plugins/com.st.stm32cube.ide.mcu.externaltools.gnu-tools-for-stm32.13.3.rel1.linux64_1.0.0.202410170706/tools/bin/../lib/gcc/arm-none-eabi/13.3.1/thumb/v7e-m+fp/hard/crtbegin.o
 *(.bss*)
 .bss.hfdcan2   0x200001c0       0x64 ./Core/Src/main.o
                0x200001c0                hfdcan2
 .bss.hi2c2     0x20000224       0x54 ./Core/Src/main.o
                0x20000224                hi2c2
 .bss.htim1     0x20000278       0x4c ./Core/Src/main.o
                0x20000278                htim1
 .bss.htim2     0x200002c4       0x4c ./Core/Src/main.o
                0x200002c4                htim2
 .bss.htim3     0x20000310       0x4c ./Core/Src/main.o
                0x20000310                htim3
 .bss.htim4     0x2000035c       0x4c ./Core/Src/main.o
                0x2000035c                htim4
 .bss.htim8     0x200003a8       0x4c ./Core/Src/main.o
                0x200003a8                htim8
 .bss.htim20    0x200003f4       0x4c ./Core/Src/main.o
                0x200003f4                htim20
 .bss.huart2    0x20000440       0x94 ./Core/Src/main.o
                0x20000440                huart2
 .bss.hpcd_USB_FS
                0x200004d4      0x2dc ./Core/Src/main.o
                0x200004d4                hpcd_USB_FS
 .bss.steppers  0x200007b0      0x1ec ./Core/Src/runtime.o
 .bss.loop_manager
                0x2000099c        0xc ./Core/Src/runtime.o
                0x2000099c                loop_manager
 .bss.last_time
                0x200009a8        0x4 ./Core/Src/runtime.o
 .bss.uart_current_cmd
                0x200009ac        0x1 ./Core/Src/runtime.o
                0x200009ac                uart_current_cmd
 *fill*         0x200009ad        0x3 
 .bss.uart_receive_buffer
                0x200009b0       0x10 ./Core/Src/runtime.o
                0x200009b0                uart_receive_buffer
 .bss.uart_transmit_buffer
                0x200009c0       0x10 ./Core/Src/runtime.o
                0x200009c0                uart_transmit_buffer
 .bss.__sbrk_heap_end
                0x200009d0        0x4 ./Core/Src/sysmem.o
 .bss.uwTick    0x200009d4        0x4 ./Drivers/STM32G4xx_HAL_Driver/Src/stm32g4xx_hal.o
                0x200009d4                uwTick
 .bss.__sf      0x200009d8      0x138 /mnt/data/gentoo/opt/st/stm32cubeide_1.18.1/plugins/com.st.stm32cube.ide.mcu.externaltools.gnu-tools-for-stm32.13.3.rel1.linux64_1.0.0.202410170706/tools/bin/../lib/gcc/arm-none-eabi/13.3.1/../../../../arm-none-eabi/lib/thumb/v7e-m+fp/hard/libc_nano.a(libc_a-findfp.o)
                0x200009d8                __sf
 .bss.__stdio_exit_handler
                0x20000b10        0x4 /mnt/data/gentoo/opt/st/stm32cubeide_1.18.1/plugins/com.st.stm32cube.ide.mcu.externaltools.gnu-tools-for-stm32.13.3.rel1.linux64_1.0.0.202410170706/tools/bin/../lib/gcc/arm-none-eabi/13.3.1/../../../../arm-none-eabi/lib/thumb/v7e-m+fp/hard/libc_nano.a(libc_a-findfp.o)
                0x20000b10                __stdio_exit_handler
 .bss.errno     0x20000b14        0x4 /mnt/data/gentoo/opt/st/stm32cubeide_1.18.1/plugins/com.st.stm32cube.ide.mcu.externaltools.gnu-tools-for-stm32.13.3.rel1.linux64_1.0.0.202410170706/tools/bin/../lib/gcc/arm-none-eabi/13.3.1/../../../../arm-none-eabi/lib/thumb/v7e-m+fp/hard/libc_nano.a(libc_a-reent.o)
                0x20000b14                errno
 .bss.__lock___malloc_recursive_mutex
                0x20000b18        0x1 /mnt/data/gentoo/opt/st/stm32cubeide_1.18.1/plugins/com.st.stm32cube.ide.mcu.externaltools.gnu-tools-for-stm32.13.3.rel1.linux64_1.0.0.202410170706/tools/bin/../lib/gcc/arm-none-eabi/13.3.1/../../../../arm-none-eabi/lib/thumb/v7e-m+fp/hard/libc_nano.a(libc_a-lock.o)
                0x20000b18                __lock___malloc_recursive_mutex
 .bss.__lock___sfp_recursive_mutex
                0x20000b19        0x1 /mnt/data/gentoo/opt/st/stm32cubeide_1.18.1/plugins/com.st.stm32cube.ide.mcu.externaltools.gnu-tools-for-stm32.13.3.rel1.linux64_1.0.0.202410170706/tools/bin/../lib/gcc/arm-none-eabi/13.3.1/../../../../arm-none-eabi/lib/thumb/v7e-m+fp/hard/libc_nano.a(libc_a-lock.o)
                0x20000b19                __lock___sfp_recursive_mutex
 *fill*         0x20000b1a        0x2 
 .bss.__malloc_sbrk_start
                0x20000b1c        0x4 /mnt/data/gentoo/opt/st/stm32cubeide_1.18.1/plugins/com.st.stm32cube.ide.mcu.externaltools.gnu-tools-for-stm32.13.3.rel1.linux64_1.0.0.202410170706/tools/bin/../lib/gcc/arm-none-eabi/13.3.1/../../../../arm-none-eabi/lib/thumb/v7e-m+fp/hard/libc_nano.a(libc_a-mallocr.o)
                0x20000b1c                __malloc_sbrk_start
 .bss.__malloc_free_list
                0x20000b20        0x4 /mnt/data/gentoo/opt/st/stm32cubeide_1.18.1/plugins/com.st.stm32cube.ide.mcu.externaltools.gnu-tools-for-stm32.13.3.rel1.linux64_1.0.0.202410170706/tools/bin/../lib/gcc/arm-none-eabi/13.3.1/../../../../arm-none-eabi/lib/thumb/v7e-m+fp/hard/libc_nano.a(libc_a-mallocr.o)
                0x20000b20                __malloc_free_list
 *(COMMON)
                0x20000b24                        . = ALIGN (0x4)
                0x20000b24                        _ebss = .
                0x20000b24                        __bss_end__ = _ebss

._user_heap_stack
                0x20000b24      0x604 load address 0x0800d240
                0x20000b28                        . = ALIGN (0x8)
 *fill*         0x20000b24        0x4 