Archive member included to satisfy reference by file (symbol)

/mnt/data/gentoo/opt/st/stm32cubeide_1.18.1/plugins/com.st.stm32cube.ide.mcu.externaltools.gnu-tools-for-stm32.13.3.rel1.linux64_1.0.0.202410170706/tools/bin/../lib/gcc/arm-none-eabi/13.3.1/../../../../arm-none-eabi/lib/thumb/v7e-m+fp/hard/libc_nano.a(libc_a-exit.o)
                              /mnt/data/gentoo/opt/st/stm32cubeide_1.18.1/plugins/com.st.stm32cube.ide.mcu.externaltools.gnu-tools-for-stm32.13.3.rel1.linux64_1.0.0.202410170706/tools/bin/../lib/gcc/arm-none-eabi/13.3.1/../../../../arm-none-eabi/lib/thumb/v7e-m+fp/hard/crt0.o (exit)
/mnt/data/gentoo/opt/st/stm32cubeide_1.18.1/plugins/com.st.stm32cube.ide.mcu.externaltools.gnu-tools-for-stm32.13.3.rel1.linux64_1.0.0.202410170706/tools/bin/../lib/gcc/arm-none-eabi/13.3.1/../../../../arm-none-eabi/lib/thumb/v7e-m+fp/hard/libc_nano.a(libc_a-findfp.o)
                              /mnt/data/gentoo/opt/st/stm32cubeide_1.18.1/plugins/com.st.stm32cube.ide.mcu.externaltools.gnu-tools-for-stm32.13.3.rel1.linux64_1.0.0.202410170706/tools/bin/../lib/gcc/arm-none-eabi/13.3.1/../../../../arm-none-eabi/lib/thumb/v7e-m+fp/hard/libc_nano.a(libc_a-exit.o) (__stdio_exit_handler)
/mnt/data/gentoo/opt/st/stm32cubeide_1.18.1/plugins/com.st.stm32cube.ide.mcu.externaltools.gnu-tools-for-stm32.13.3.rel1.linux64_1.0.0.202410170706/tools/bin/../lib/gcc/arm-none-eabi/13.3.1/../../../../arm-none-eabi/lib/thumb/v7e-m+fp/hard/libc_nano.a(libc_a-fwalk.o)
                              /mnt/data/gentoo/opt/st/stm32cubeide_1.18.1/plugins/com.st.stm32cube.ide.mcu.externaltools.gnu-tools-for-stm32.13.3.rel1.linux64_1.0.0.202410170706/tools/bin/../lib/gcc/arm-none-eabi/13.3.1/../../../../arm-none-eabi/lib/thumb/v7e-m+fp/hard/libc_nano.a(libc_a-findfp.o) (_fwalk_sglue)
/mnt/data/gentoo/opt/st/stm32cubeide_1.18.1/plugins/com.st.stm32cube.ide.mcu.externaltools.gnu-tools-for-stm32.13.3.rel1.linux64_1.0.0.202410170706/tools/bin/../lib/gcc/arm-none-eabi/13.3.1/../../../../arm-none-eabi/lib/thumb/v7e-m+fp/hard/libc_nano.a(libc_a-printf.o)
                              ./Core/Src/console.o (printf)
/mnt/data/gentoo/opt/st/stm32cubeide_1.18.1/plugins/com.st.stm32cube.ide.mcu.externaltools.gnu-tools-for-stm32.13.3.rel1.linux64_1.0.0.202410170706/tools/bin/../lib/gcc/arm-none-eabi/13.3.1/../../../../arm-none-eabi/lib/thumb/v7e-m+fp/hard/libc_nano.a(libc_a-puts.o)
                              ./Core/Src/runtime.o (puts)
/mnt/data/gentoo/opt/st/stm32cubeide_1.18.1/plugins/com.st.stm32cube.ide.mcu.externaltools.gnu-tools-for-stm32.13.3.rel1.linux64_1.0.0.202410170706/tools/bin/../lib/gcc/arm-none-eabi/13.3.1/../../../../arm-none-eabi/lib/thumb/v7e-m+fp/hard/libc_nano.a(libc_a-sprintf.o)
                              ./Core/Src/console.o (sprintf)
/mnt/data/gentoo/opt/st/stm32cubeide_1.18.1/plugins/com.st.stm32cube.ide.mcu.externaltools.gnu-tools-for-stm32.13.3.rel1.linux64_1.0.0.202410170706/tools/bin/../lib/gcc/arm-none-eabi/13.3.1/../../../../arm-none-eabi/lib/thumb/v7e-m+fp/hard/libc_nano.a(libc_a-sscanf.o)
                              ./Core/Src/console.o (sscanf)
/mnt/data/gentoo/opt/st/stm32cubeide_1.18.1/plugins/com.st.stm32cube.ide.mcu.externaltools.gnu-tools-for-stm32.13.3.rel1.linux64_1.0.0.202410170706/tools/bin/../lib/gcc/arm-none-eabi/13.3.1/../../../../arm-none-eabi/lib/thumb/v7e-m+fp/hard/libc_nano.a(libc_a-stdio.o)
                              /mnt/data/gentoo/opt/st/stm32cubeide_1.18.1/plugins/com.st.stm32cube.ide.mcu.externaltools.gnu-tools-for-stm32.13.3.rel1.linux64_1.0.0.202410170706/tools/bin/../lib/gcc/arm-none-eabi/13.3.1/../../../../arm-none-eabi/lib/thumb/v7e-m+fp/hard/libc_nano.a(libc_a-findfp.o) (__sread)
/mnt/data/gentoo/opt/st/stm32cubeide_1.18.1/plugins/com.st.stm32cube.ide.mcu.externaltools.gnu-tools-for-stm32.13.3.rel1.linux64_1.0.0.202410170706/tools/bin/../lib/gcc/arm-none-eabi/13.3.1/../../../../arm-none-eabi/lib/thumb/v7e-m+fp/hard/libc_nano.a(libc_a-wbuf.o)
                              /mnt/data/gentoo/opt/st/stm32cubeide_1.18.1/plugins/com.st.stm32cube.ide.mcu.externaltools.gnu-tools-for-stm32.13.3.rel1.linux64_1.0.0.202410170706/tools/bin/../lib/gcc/arm-none-eabi/13.3.1/../../../../arm-none-eabi/lib/thumb/v7e-m+fp/hard/libc_nano.a(libc_a-puts.o) (__swbuf_r)
/mnt/data/gentoo/opt/st/stm32cubeide_1.18.1/plugins/com.st.stm32cube.ide.mcu.externaltools.gnu-tools-for-stm32.13.3.rel1.linux64_1.0.0.202410170706/tools/bin/../lib/gcc/arm-none-eabi/13.3.1/../../../../arm-none-eabi/lib/thumb/v7e-m+fp/hard/libc_nano.a(libc_a-wsetup.o)
                              /mnt/data/gentoo/opt/st/stm32cubeide_1.18.1/plugins/com.st.stm32cube.ide.mcu.externaltools.gnu-tools-for-stm32.13.3.rel1.linux64_1.0.0.202410170706/tools/bin/../lib/gcc/arm-none-eabi/13.3.1/../../../../arm-none-eabi/lib/thumb/v7e-m+fp/hard/libc_nano.a(libc_a-puts.o) (__swsetup_r)
[...]
Memory Configuration

Name             Origin             Length             Attributes
RAM              0x20000000         0x0001c000         xrw
FLASH            0x08000000         0x00080000         xr
*default*        0x00000000         0xffffffff

Linker script and memory map

LOAD /mnt/data/gentoo/opt/st/stm32cubeide_1.18.1/plugins/com.st.stm32cube.ide.mcu.externaltools.gnu-tools-for-stm32.13.3.rel1.linux64_1.0.0.202410170706/tools/bin/../lib/gcc/arm-none-eabi/13.3.1/thumb/v7e-m+fp/hard/crti.o
LOAD /mnt/data/gentoo/opt/st/stm32cubeide_1.18.1/plugins/com.st.stm32cube.ide.mcu.externaltools.gnu-tools-for-stm32.13.3.rel1.linux64_1.0.0.202410170706/tools/bin/../lib/gcc/arm-none-eabi/13.3.1/thumb/v7e-m+fp/hard/crtbegin.o
LOAD /mnt/data/gentoo/opt/st/stm32cubeide_1.18.1/plugins/com.st.stm32cube.ide.mcu.externaltools.gnu-tools-for-stm32.13.3.rel1.linux64_1.0.0.202410170706/tools/bin/../lib/gcc/arm-none-eabi/13.3.1/../../../../arm-none-eabi/lib/thumb/v7e-m+fp/hard/crt0.o
LOAD ./Core/Src/console.o
LOAD ./Core/Src/loop.o
LOAD ./Core/Src/main.o
LOAD ./Core/Src/misc.o
LOAD ./Core/Src/rampe.o
LOAD ./Core/Src/runtime.o
LOAD ./Core/Src/stepper_control.o
LOAD ./Core/Src/stm32g4xx_hal_msp.o
LOAD ./Core/Src/stm32g4xx_it.o
LOAD ./Core/Src/syscalls.o
LOAD ./Core/Src/sysmem.o
LOAD ./Core/Src/system_stm32g4xx.o
LOAD ./Core/Src/time.o
LOAD ./Core/Startup/startup_stm32g491keux.o
LOAD ./Drivers/STM32G4xx_HAL_Driver/Src/stm32g4xx_hal.o
LOAD ./Drivers/STM32G4xx_HAL_Driver/Src/stm32g4xx_hal_adc.o
LOAD ./Drivers/STM32G4xx_HAL_Driver/Src/stm32g4xx_hal_adc_ex.o
LOAD ./Drivers/STM32G4xx_HAL_Driver/Src/stm32g4xx_hal_cortex.o
LOAD ./Drivers/STM32G4xx_HAL_Driver/Src/stm32g4xx_hal_dma.o
LOAD ./Drivers/STM32G4xx_HAL_Driver/Src/stm32g4xx_hal_dma_ex.o
LOAD ./Drivers/STM32G4xx_HAL_Driver/Src/stm32g4xx_hal_exti.o
LOAD ./Drivers/STM32G4xx_HAL_Driver/Src/stm32g4xx_hal_fdcan.o
LOAD ./Drivers/STM32G4xx_HAL_Driver/Src/stm32g4xx_hal_flash.o
LOAD ./Drivers/STM32G4xx_HAL_Driver/Src/stm32g4xx_hal_flash_ex.o
LOAD ./Drivers/STM32G4xx_HAL_Driver/Src/stm32g4xx_hal_flash_ramfunc.o
LOAD ./Drivers/STM32G4xx_HAL_Driver/Src/stm32g4xx_hal_gpio.o
LOAD ./Drivers/STM32G4xx_HAL_Driver/Src/stm32g4xx_hal_i2c.o
LOAD ./Drivers/STM32G4xx_HAL_Driver/Src/stm32g4xx_hal_i2c_ex.o
LOAD ./Drivers/STM32G4xx_HAL_Driver/Src/stm32g4xx_hal_pcd.o
LOAD ./Drivers/STM32G4xx_HAL_Driver/Src/stm32g4xx_hal_pcd_ex.o
LOAD ./Drivers/STM32G4xx_HAL_Driver/Src/stm32g4xx_hal_pwr.o
LOAD ./Drivers/STM32G4xx_HAL_Driver/Src/stm32g4xx_hal_pwr_ex.o
LOAD ./Drivers/STM32G4xx_HAL_Driver/Src/stm32g4xx_hal_rcc.o
LOAD ./Drivers/STM32G4xx_HAL_Driver/Src/stm32g4xx_hal_rcc_ex.o
LOAD ./Drivers/STM32G4xx_HAL_Driver/Src/stm32g4xx_hal_tim.o
LOAD ./Drivers/STM32G4xx_HAL_Driver/Src/stm32g4xx_hal_tim_ex.o
LOAD ./Drivers/STM32G4xx_HAL_Driver/Src/stm32g4xx_hal_uart.o
LOAD ./Drivers/STM32G4xx_HAL_Driver/Src/stm32g4xx_hal_uart_ex.o
LOAD ./Drivers/STM32G4xx_HAL_Driver/Src/stm32g4xx_ll_adc.o
LOAD ./Drivers/STM32G4xx_HAL_Driver/Src/stm32g4xx_ll_usb.o
START GROUP
LOAD /mnt/data/gentoo/opt/st/stm32cubeide_1.18.1/plugins/com.st.stm32cube.ide.mcu.externaltools.gnu-tools-for-stm32.13.3.rel1.linux64_1.0.0.202410170706/tools/bin/../lib/gcc/arm-none-eabi/13.3.1/../../../../arm-none-eabi/lib/thumb/v7e-m+fp/hard/libc_nano.a
LOAD /mnt/data/gentoo/opt/st/stm32cubeide_1.18.1/plugins/com.st.stm32cube.ide.mcu.externaltools.gnu-tools-for-stm32.13.3.rel1.linux64_1.0.0.202410170706/tools/bin/../lib/gcc/arm-none-eabi/13.3.1/../../../../arm-none-eabi/lib/thumb/v7e-m+fp/hard/libm.a
END GROUP
START GROUP
LOAD /mnt/data/gentoo/opt/st/stm32cubeide_1.18.1/plugins/com.st.stm32cube.ide.mcu.externaltools.gnu-tools-for-stm32.13.3.rel1.linux64_1.0.0.202410170706/tools/bin/../lib/gcc/arm-none-eabi/13.3.1/thumb/v7e-m+fp/hard/libgcc.a
LOAD /mnt/data/gentoo/opt/st/stm32cubeide_1.18.1/plugins/com.st.stm32cube.ide.mcu.externaltools.gnu-tools-for-stm32.13.3.rel1.linux64_1.0.0.202410170706/tools/bin/../lib/gcc/arm-none-eabi/13.3.1/../../../../arm-none-eabi/lib/thumb/v7e-m+fp/hard/libc_nano.a
END GROUP
START GROUP
LOAD /mnt/data/gentoo/opt/st/stm32cubeide_1.18.1/plugins/com.st.stm32cube.ide.mcu.externaltools.gnu-tools-for-stm32.13.3.rel1.linux64_1.0.0.202410170706/tools/bin/../lib/gcc/arm-none-eabi/13.3.1/thumb/v7e-m+fp/hard/libgcc.a
LOAD /mnt/data/gentoo/opt/st/stm32cubeide_1.18.1/plugins/com.st.stm32cube.ide.mcu.externaltools.gnu-tools-for-stm32.13.3.rel1.linux64_1.0.0.202410170706/tools/bin/../lib/gcc/arm-none-eabi/13.3.1/../../../../arm-none-eabi/lib/thumb/v7e-m+fp/hard/libc_nano.a
LOAD /mnt/data/gentoo/opt/st/stm32cubeide_1.18.1/plugins/com.st.stm32cube.ide.mcu.externaltools.gnu-tools-for-stm32.13.3.rel1.linux64_1.0.0.202410170706/tools/bin/../lib/gcc/arm-none-eabi/13.3.1/../../../../arm-none-eabi/lib/thumb/v7e-m+fp/hard/libnosys.a
END GROUP
START GROUP
LOAD /mnt/data/gentoo/opt/st/stm32cubeide_1.18.1/plugins/com.st.stm32cube.ide.mcu.externaltools.gnu-tools-for-stm32.13.3.rel1.linux64_1.0.0.202410170706/tools/bin/../lib/gcc/arm-none-eabi/13.3.1/thumb/v7e-m+fp/hard/libgcc.a
LOAD /mnt/data/gentoo/opt/st/stm32cubeide_1.18.1/plugins/com.st.stm32cube.ide.mcu.externaltools.gnu-tools-for-stm32.13.3.rel1.linux64_1.0.0.202410170706/tools/bin/../lib/gcc/arm-none-eabi/13.3.1/../../../../arm-none-eabi/lib/thumb/v7e-m+fp/hard/libc_nano.a
LOAD /mnt/data/gentoo/opt/st/stm32cubeide_1.18.1/plugins/com.st.stm32cube.ide.mcu.externaltools.gnu-tools-for-stm32.13.3.rel1.linux64_1.0.0.202410170706/tools/bin/../lib/gcc/arm-none-eabi/13.3.1/../../../../arm-none-eabi/lib/thumb/v7e-m+fp/hard/libnosys.a
END GROUP
LOAD /mnt/data/gentoo/opt/st/stm32cubeide_1.18.1/plugins/com.st.stm32cube.ide.mcu.externaltools.gnu-tools-for-stm32.13.3.rel1.linux64_1.0.0.202410170706/tools/bin/../lib/gcc/arm-none-eabi/13.3.1/thumb/v7e-m+fp/hard/crtend.o
LOAD /mnt/data/gentoo/opt/st/stm32cubeide_1.18.1/plugins/com.st.stm32cube.ide.mcu.externaltools.gnu-tools-for-stm32.13.3.rel1.linux64_1.0.0.202410170706/tools/bin/../lib/gcc/arm-none-eabi/13.3.1/thumb/v7e-m+fp/hard/crtn.o
                0x2001c000                        _estack = (ORIGIN (RAM) + LENGTH (RAM))
                0x00000200                        _Min_Heap_Size = 0x200
                0x00000400                        _Min_Stack_Size = 0x400

.isr_vector     0x08000000      0x1d8
                0x08000000                        . = ALIGN (0x4)
 *(.isr_vector)
 .isr_vector    0x08000000      0x1d8 ./Core/Startup/startup_stm32g491keux.o
                0x08000000                g_pfnVectors
                0x080001d8                        . = ALIGN (0x4)

.text           0x080001e0     0xd05c
                0x080001e0                        . = ALIGN (0x4)
 *(.text)
 .text          0x080001e0       0x40 /mnt/data/gentoo/opt/st/stm32cubeide_1.18.1/plugins/com.st.stm32cube.ide.mcu.externaltools.gnu-tools-for-stm32.13.3.rel1.linux64_1.0.0.202410170706/tools/bin/../lib/gcc/arm-none-eabi/13.3.1/thumb/v7e-m+fp/hard/crtbegin.o
 .text          0x08000220       0x10 /mnt/data/gentoo/opt/st/stm32cubeide_1.18.1/plugins/com.st.stm32cube.ide.mcu.externaltools.gnu-tools-for-stm32.13.3.rel1.linux64_1.0.0.202410170706/tools/bin/../lib/gcc/arm-none-eabi/13.3.1/../../../../arm-none-eabi/lib/thumb/v7e-m+fp/hard/libc_nano.a(libc_a-strlen.o)
                0x08000220                strlen
 .text          0x08000230       0xa0 /mnt/data/gentoo/opt/st/stm32cubeide_1.18.1/plugins/com.st.stm32cube.ide.mcu.externaltools.gnu-tools-for-stm32.13.3.rel1.linux64_1.0.0.202410170706/tools/bin/../lib/gcc/arm-none-eabi/13.3.1/../../../../arm-none-eabi/lib/thumb/v7e-m+fp/hard/libc_nano.a(libc_a-memchr.o)
                0x08000230                memchr
 .text          0x080002d0      0x378 /mnt/data/gentoo/opt/st/stm32cubeide_1.18.1/plugins/com.st.stm32cube.ide.mcu.externaltools.gnu-tools-for-stm32.13.3.rel1.linux64_1.0.0.202410170706/tools/bin/../lib/gcc/arm-none-eabi/13.3.1/thumb/v7e-m+fp/hard/libgcc.a(_arm_addsubdf3.o)
                0x080002d0                __aeabi_drsub
                0x080002d8                __aeabi_dsub
                0x080002d8                __subdf3
                0x080002dc                __adddf3
                0x080002dc                __aeabi_dadd
                0x08000554                __aeabi_ui2d
                0x08000554                __floatunsidf
                0x08000574                __floatsidf
                0x08000574                __aeabi_i2d
                0x08000598                __extendsfdf2
                0x08000598                __aeabi_f2d
                0x080005dc                __aeabi_ul2d
                0x080005dc                __floatundidf
                0x080005ec                __floatdidf
                0x080005ec                __aeabi_l2d
 .text          0x08000648      0x424 /mnt/data/gentoo/opt/st/stm32cubeide_1.18.1/plugins/com.st.stm32cube.ide.mcu.externaltools.gnu-tools-for-stm32.13.3.rel1.linux64_1.0.0.202410170706/tools/bin/../lib/gcc/arm-none-eabi/13.3.1/thumb/v7e-m+fp/hard/libgcc.a(_arm_muldivdf3.o)
                0x08000648                __aeabi_dmul
                0x08000648                __muldf3
                0x0800089c                __aeabi_ddiv
                0x0800089c                __divdf3
 .text          0x08000a6c      0x110 /mnt/data/gentoo/opt/st/stm32cubeide_1.18.1/plugins/com.st.stm32cube.ide.mcu.externaltools.gnu-tools-for-stm32.13.3.rel1.linux64_1.0.0.202410170706/tools/bin/../lib/gcc/arm-none-eabi/13.3.1/thumb/v7e-m+fp/hard/libgcc.a(_arm_cmpdf2.o)
                0x08000a6c                __gtdf2
                0x08000a6c                __gedf2
                0x08000a74                __ltdf2
                0x08000a74                __ledf2
                0x08000a7c                __cmpdf2
                0x08000a7c                __eqdf2
                0x08000a7c                __nedf2
                0x08000af8                __aeabi_cdrcmple
                0x08000b08                __aeabi_cdcmple
                0x08000b08                __aeabi_cdcmpeq
                0x08000b18                __aeabi_dcmpeq
                0x08000b2c                __aeabi_dcmplt
                0x08000b40                __aeabi_dcmple
                0x08000b54                __aeabi_dcmpge
                0x08000b68                __aeabi_dcmpgt
 .text          0x08000b7c       0x50 /mnt/data/gentoo/opt/st/stm32cubeide_1.18.1/plugins/com.st.stm32cube.ide.mcu.externaltools.gnu-tools-for-stm32.13.3.rel1.linux64_1.0.0.202410170706/tools/bin/../lib/gcc/arm-none-eabi/13.3.1/thumb/v7e-m+fp/hard/libgcc.a(_arm_fixdfsi.o)
                0x08000b7c                __fixdfsi
                0x08000b7c                __aeabi_d2iz
 .text          0x08000bcc       0xa0 /mnt/data/gentoo/opt/st/stm32cubeide_1.18.1/plugins/com.st.stm32cube.ide.mcu.externaltools.gnu-tools-for-stm32.13.3.rel1.linux64_1.0.0.202410170706/tools/bin/../lib/gcc/arm-none-eabi/13.3.1/thumb/v7e-m+fp/hard/libgcc.a(_arm_truncdfsf2.o)
                0x08000bcc                __aeabi_d2f
                0x08000bcc                __truncdfsf2
 .text          0x08000c6c       0x30 /mnt/data/gentoo/opt/st/stm32cubeide_1.18.1/plugins/com.st.stm32cube.ide.mcu.externaltools.gnu-tools-for-stm32.13.3.rel1.linux64_1.0.0.202410170706/tools/bin/../lib/gcc/arm-none-eabi/13.3.1/thumb/v7e-m+fp/hard/libgcc.a(_aeabi_uldivmod.o)
                0x08000c6c                __aeabi_uldivmod
 .text          0x08000c9c      0x2f8 /mnt/data/gentoo/opt/st/stm32cubeide_1.18.1/plugins/com.st.stm32cube.ide.mcu.externaltools.gnu-tools-for-stm32.13.3.rel1.linux64_1.0.0.202410170706/tools/bin/../lib/gcc/arm-none-eabi/13.3.1/thumb/v7e-m+fp/hard/libgcc.a(_udivmoddi4.o)
                0x08000c9c                __udivmoddi4
 .text          0x08000f94        0x4 /mnt/data/gentoo/opt/st/stm32cubeide_1.18.1/plugins/com.st.stm32cube.ide.mcu.externaltools.gnu-tools-for-stm32.13.3.rel1.linux64_1.0.0.202410170706/tools/bin/../lib/gcc/arm-none-eabi/13.3.1/thumb/v7e-m+fp/hard/libgcc.a(_dvmd_tls.o)
                0x08000f94                __aeabi_ldiv0
                0x08000f94                __aeabi_idiv0
 *(.text*)
 .text._discardWarning
                0x08000f98       0x14 ./Core/Src/console.o
 .text.cmd_callback_test
                0x08000fac       0x30 ./Core/Src/console.o
 .text.cmd_callback_help
                0x08000fdc       0xcc ./Core/Src/console.o
 .text.cmd_callback_reset
                0x080010a8       0x22 ./Core/Src/console.o
 .text._bckspace
                0x080010ca       0xac ./Core/Src/console.o
 .text._compare
                0x08001176       0x52 ./Core/Src/console.o
 .text.autoComplete
                0x080011c8       0x14 ./Core/Src/console.o
 .text.parseArgs
                0x080011dc      0x108 ./Core/Src/console.o
 .text.parse    0x080012e4      0x23c ./Core/Src/console.o
 .text.consoleDataReady
                0x08001520       0xb8 ./Core/Src/console.o
                0x08001520                consoleDataReady
 .text.consoleInit
                0x080015d8       0x3a ./Core/Src/console.o
                0x080015d8                consoleInit
 .text.loop_init
                0x08001612       0x2e ./Core/Src/loop.o
                0x08001612                loop_init
 .text.loop_tick
                0x08001640       0xb8 ./Core/Src/loop.o
                0x08001640                loop_tick
 .text.loop_get_avg_delta_time
                0x080016f8       0x1e ./Core/Src/loop.o
                0x080016f8                loop_get_avg_delta_time
 *fill*         0x08001716        0x2 
 .text._write   0x08001718       0x2c ./Core/Src/main.o
                0x08001718                _write
 .text.main     0x08001744       0x5c ./Core/Src/main.o
                0x08001744                main
 .text.SystemClock_Config
                0x080017a0       0x9a ./Core/Src/main.o
                0x080017a0                SystemClock_Config
 *fill*         0x0800183a        0x2 
 .text.MX_ADC2_Init
                0x0800183c       0xcc ./Core/Src/main.o
 .text.MX_FDCAN2_Init
                0x08001908       0x8c ./Core/Src/main.o
 .text.MX_I2C2_Init
                0x08001994       0x80 ./Core/Src/main.o
 .text.MX_TIM1_Init
                0x08001a14      0x128 ./Core/Src/main.o
 .text.MX_TIM2_Init
                0x08001b3c       0xb4 ./Core/Src/main.o
 .text.MX_TIM3_Init
                0x08001bf0       0xb4 ./Core/Src/main.o
 .text.MX_TIM4_Init
                0x08001ca4       0xa0 ./Core/Src/main.o
 .text.MX_TIM15_Init
                0x08001d44       0xa8 ./Core/Src/main.o
 .text.MX_TIM20_Init
                0x08001dec       0xac ./Core/Src/main.o
 .text.MX_USART2_UART_Init
                0x08001e98       0x98 ./Core/Src/main.o
 .text.MX_USB_PCD_Init
                0x08001f30       0x50 ./Core/Src/main.o
 .text.MX_GPIO_Init
                0x08001f80       0xc4 ./Core/Src/main.o
 .text.Error_Handler
                0x08002044        0xc ./Core/Src/main.o
                0x08002044                Error_Handler
 .text.misc_abs
                0x08002050       0x34 ./Core/Src/rampe.o
 .text.misc_max
                0x08002084       0x38 ./Core/Src/rampe.o
 .text.misc_min
                0x080020bc       0x38 ./Core/Src/rampe.o
 .text.misc_sign
                0x080020f4       0x38 ./Core/Src/rampe.o
 .text.misc_clamp
                0x0800212c       0x3c ./Core/Src/rampe.o
 .text.rampe_init
                0x08002168       0x84 ./Core/Src/rampe.o
                0x08002168                rampe_init
 .text.rampe_set_target_pos
                0x080021ec       0x1e ./Core/Src/rampe.o
                0x080021ec                rampe_set_target_pos
 .text.rampe_get_target_pos
                0x0800220a       0x1e ./Core/Src/rampe.o
                0x0800220a                rampe_get_target_pos
 .text.rampe_set_current_pos
                0x08002228       0x1e ./Core/Src/rampe.o
                0x08002228                rampe_set_current_pos
 .text.rampe_set_real_speed
                0x08002246       0x1e ./Core/Src/rampe.o
                0x08002246                rampe_set_real_speed
 .text.rampe_update_goal
                0x08002264       0x3a ./Core/Src/rampe.o
                0x08002264                rampe_update_goal
 .text.rampe_is_target_reached
                0x0800229e       0x5e ./Core/Src/rampe.o
 *fill*         0x080022fc        0x4 
 .text.rampe_tick
                0x08002300      0x320 ./Core/Src/rampe.o
                0x08002300                rampe_tick
 .text.rampe_get_current_speed
                0x08002620       0x1e ./Core/Src/rampe.o
                0x08002620                rampe_get_current_speed
 *fill*         0x0800263e        0x2 
 .text.enable_steppers
                0x08002640       0x44 ./Core/Src/runtime.o
 .text.disable_steppers
                0x08002684       0x44 ./Core/Src/runtime.o
 .text.on_stepper_home
                0x080026c8       0x48 ./Core/Src/runtime.o
                0x080026c8                on_stepper_home
 .text.on_stepper_go_to
                0x08002710       0x84 ./Core/Src/runtime.o
                0x08002710                on_stepper_go_to
 .text.on_stepper_move_by
                0x08002794       0x90 ./Core/Src/runtime.o
                0x08002794                on_stepper_move_by
 .text.setup    0x08002824       0xd0 ./Core/Src/runtime.o
                0x08002824                setup
 .text.loop     0x080028f4      0x14c ./Core/Src/runtime.o
                0x080028f4                loop
 .text.HAL_UART_RxCpltCallback
                0x08002a40       0x24 ./Core/Src/runtime.o
                0x08002a40                HAL_UART_RxCpltCallback
 .text.HAL_TIM_PeriodElapsedCallback
                0x08002a64       0x58 ./Core/Src/runtime.o
                0x08002a64                HAL_TIM_PeriodElapsedCallback
 .text.HAL_I2C_ListenCpltCallback
                0x08002abc       0x24 ./Core/Src/runtime.o
                0x08002abc                HAL_I2C_ListenCpltCallback
 .text.HAL_I2C_AddrCallback
                0x08002ae0       0x58 ./Core/Src/runtime.o
                0x08002ae0                HAL_I2C_AddrCallback
 .text.HAL_I2C_SlaveTxCpltCallback
                0x08002b38       0x30 ./Core/Src/runtime.o
                0x08002b38                HAL_I2C_SlaveTxCpltCallback
 .text.HAL_I2C_SlaveRxCpltCallback
                0x08002b68      0x154 ./Core/Src/runtime.o
                0x08002b68                HAL_I2C_SlaveRxCpltCallback
 .text.HAL_I2C_ErrorCallback
                0x08002cbc       0x40 ./Core/Src/runtime.o
                0x08002cbc                HAL_I2C_ErrorCallback
 .text.add_int32_with_overflow
                0x08002cfc       0x32 ./Core/Src/stepper_control.o
                0x08002cfc                add_int32_with_overflow
 .text.timerStart
                0x08002d2e       0x24 ./Core/Src/stepper_control.o
 .text.timerStop
                0x08002d52       0x24 ./Core/Src/stepper_control.o
 .text.timerEnableInterrupt
                0x08002d76       0x24 ./Core/Src/stepper_control.o
 .text.stepperTimerRollBack
                0x08002d9a       0x14 ./Core/Src/stepper_control.o
                0x08002d9a                stepperTimerRollBack
 .text.stepperCounterTimerRollBack
                0x08002dae       0x3c ./Core/Src/stepper_control.o
                0x08002dae                stepperCounterTimerRollBack
 .text.stepperSetFrequency
                0x08002dea       0x42 ./Core/Src/stepper_control.o
                0x08002dea                stepperSetFrequency
 .text.stepperInit
                0x08002e2c      0x134 ./Core/Src/stepper_control.o
                0x08002e2c                stepperInit
 .text.stepperHandle
                0x08002f60      0x1d0 ./Core/Src/stepper_control.o
                0x08002f60                stepperHandle
 .text.stepperUpdateGoal
                0x08003130       0x1c ./Core/Src/stepper_control.o
                0x08003130                stepperUpdateGoal
 .text.HAL_MspInit
                0x0800314c       0x48 ./Core/Src/stm32g4xx_hal_msp.o
                0x0800314c                HAL_MspInit
 .text.HAL_ADC_MspInit
                0x08003194       0xac ./Core/Src/stm32g4xx_hal_msp.o
                0x08003194                HAL_ADC_MspInit
 .text.HAL_FDCAN_MspInit
                0x08003240       0xb4 ./Core/Src/stm32g4xx_hal_msp.o
                0x08003240                HAL_FDCAN_MspInit
 .text.HAL_I2C_MspInit
                0x080032f4       0xd0 ./Core/Src/stm32g4xx_hal_msp.o
                0x080032f4                HAL_I2C_MspInit
 .text.HAL_TIM_PWM_MspInit
                0x080033c4       0x98 ./Core/Src/stm32g4xx_hal_msp.o
                0x080033c4                HAL_TIM_PWM_MspInit
 .text.HAL_TIM_Base_MspInit
                0x0800345c       0xcc ./Core/Src/stm32g4xx_hal_msp.o
                0x0800345c                HAL_TIM_Base_MspInit
 .text.HAL_TIM_MspPostInit
                0x08003528      0x100 ./Core/Src/stm32g4xx_hal_msp.o
                0x08003528                HAL_TIM_MspPostInit
 .text.HAL_UART_MspInit
                0x08003628       0xb0 ./Core/Src/stm32g4xx_hal_msp.o
                0x08003628                HAL_UART_MspInit
 .text.HAL_PCD_MspInit
                0x080036d8       0x68 ./Core/Src/stm32g4xx_hal_msp.o
                0x080036d8                HAL_PCD_MspInit
 .text.NMI_Handler
                0x08003740        0x8 ./Core/Src/stm32g4xx_it.o
                0x08003740                NMI_Handler
 .text.HardFault_Handler
                0x08003748        0x8 ./Core/Src/stm32g4xx_it.o
                0x08003748                HardFault_Handler
 .text.MemManage_Handler
                0x08003750        0x8 ./Core/Src/stm32g4xx_it.o
                0x08003750                MemManage_Handler
 .text.BusFault_Handler
                0x08003758        0x8 ./Core/Src/stm32g4xx_it.o
                0x08003758                BusFault_Handler
 .text.UsageFault_Handler
                0x08003760        0x8 ./Core/Src/stm32g4xx_it.o
                0x08003760                UsageFault_Handler
 .text.SVC_Handler
                0x08003768        0xe ./Core/Src/stm32g4xx_it.o
                0x08003768                SVC_Handler
 .text.DebugMon_Handler
                0x08003776        0xe ./Core/Src/stm32g4xx_it.o
                0x08003776                DebugMon_Handler
 .text.PendSV_Handler
                0x08003784        0xe ./Core/Src/stm32g4xx_it.o
                0x08003784                PendSV_Handler
 .text.SysTick_Handler
                0x08003792        0xc ./Core/Src/stm32g4xx_it.o
                0x08003792                SysTick_Handler
 *fill*         0x0800379e        0x2 
 .text.TIM1_BRK_TIM15_IRQHandler
                0x080037a0       0x1c ./Core/Src/stm32g4xx_it.o
                0x080037a0                TIM1_BRK_TIM15_IRQHandler
 .text.TIM4_IRQHandler
                0x080037bc       0x14 ./Core/Src/stm32g4xx_it.o
                0x080037bc                TIM4_IRQHandler
 .text.I2C2_EV_IRQHandler
                0x080037d0       0x14 ./Core/Src/stm32g4xx_it.o
                0x080037d0                I2C2_EV_IRQHandler
 .text.I2C2_ER_IRQHandler
                0x080037e4       0x14 ./Core/Src/stm32g4xx_it.o
                0x080037e4                I2C2_ER_IRQHandler
 .text.TIM20_BRK_IRQHandler
                0x080037f8       0x14 ./Core/Src/stm32g4xx_it.o
                0x080037f8                TIM20_BRK_IRQHandler
 .text.TIM20_UP_IRQHandler
                0x0800380c       0x14 ./Core/Src/stm32g4xx_it.o
                0x0800380c                TIM20_UP_IRQHandler
 .text._read    0x08003820       0x3a ./Core/Src/syscalls.o
                0x08003820                _read
 .text._close   0x0800385a       0x18 ./Core/Src/syscalls.o
                0x0800385a                _close
 .text._fstat   0x08003872       0x20 ./Core/Src/syscalls.o
                0x08003872                _fstat
 .text._isatty  0x08003892       0x16 ./Core/Src/syscalls.o
                0x08003892                _isatty
 .text._lseek   0x080038a8       0x1a ./Core/Src/syscalls.o
                0x080038a8                _lseek
 *fill*         0x080038c2        0x2 
 .text._sbrk    0x080038c4       0x6c ./Core/Src/sysmem.o
                0x080038c4                _sbrk
 .text.SystemInit
                0x08003930       0x24 ./Core/Src/system_stm32g4xx.o
                0x08003930                SystemInit
 .text.get_time_us
                0x08003954       0xc0 ./Core/Src/time.o
                0x08003954                get_time_us
 .text.Reset_Handler
                0x08003a14       0x50 ./Core/Startup/startup_stm32g491keux.o
                0x08003a14                Reset_Handler
 .text.Default_Handler
                0x08003a64        0x2 ./Core/Startup/startup_stm32g491keux.o
                0x08003a64                RTC_Alarm_IRQHandler
                0x08003a64                EXTI2_IRQHandler
                0x08003a64                TIM8_TRG_COM_IRQHandler
                0x08003a64                TIM8_CC_IRQHandler
                0x08003a64                TIM1_CC_IRQHandler
                0x08003a64                USB_HP_IRQHandler
                0x08003a64                CORDIC_IRQHandler
                0x08003a64                DMA2_Channel8_IRQHandler
                0x08003a64                EXTI3_IRQHandler
                0x08003a64                I2C3_ER_IRQHandler
                0x08003a64                EXTI0_IRQHandler
                0x08003a64                FPU_IRQHandler
                0x08003a64                FDCAN1_IT1_IRQHandler
                0x08003a64                TIM1_UP_TIM16_IRQHandler
                0x08003a64                ADC1_2_IRQHandler
                0x08003a64                SPI1_IRQHandler
                0x08003a64                TIM6_DAC_IRQHandler
                0x08003a64                TIM8_UP_IRQHandler
                0x08003a64                DMA2_Channel2_IRQHandler
                0x08003a64                DMA1_Channel4_IRQHandler
                0x08003a64                TIM20_TRG_COM_IRQHandler
                0x08003a64                USART3_IRQHandler
                0x08003a64                DMA1_Channel7_IRQHandler
                0x08003a64                UART5_IRQHandler
                0x08003a64                ADC3_IRQHandler
                0x08003a64                DMA2_Channel1_IRQHandler
                0x08003a64                QUADSPI_IRQHandler
                0x08003a64                I2C1_EV_IRQHandler
                0x08003a64                DMA1_Channel6_IRQHandler
                0x08003a64                UART4_IRQHandler
                0x08003a64                DMA2_Channel4_IRQHandler
                0x08003a64                TIM3_IRQHandler
                0x08003a64                RCC_IRQHandler
                0x08003a64                DMA1_Channel1_IRQHandler
                0x08003a64                Default_Handler
                0x08003a64                DMA2_Channel7_IRQHandler
                0x08003a64                RTC_TAMP_LSECSS_IRQHandler
                0x08003a64                FMAC_IRQHandler
                0x08003a64                EXTI15_10_IRQHandler
                0x08003a64                DMA1_Channel8_IRQHandler
                0x08003a64                TIM7_IRQHandler
                0x08003a64                UCPD1_IRQHandler
                0x08003a64                I2C3_EV_IRQHandler
                0x08003a64                EXTI9_5_IRQHandler
                0x08003a64                RTC_WKUP_IRQHandler
                0x08003a64                PVD_PVM_IRQHandler
                0x08003a64                SPI2_IRQHandler
                0x08003a64                DMA2_Channel5_IRQHandler
                0x08003a64                CRS_IRQHandler
                0x08003a64                DMA1_Channel5_IRQHandler
                0x08003a64                USB_LP_IRQHandler
                0x08003a64                EXTI4_IRQHandler
                0x08003a64                RNG_IRQHandler
                0x08003a64                TIM1_TRG_COM_TIM17_IRQHandler
                0x08003a64                FDCAN2_IT1_IRQHandler
                0x08003a64                DMA1_Channel3_IRQHandler
                0x08003a64                WWDG_IRQHandler
                0x08003a64                FDCAN2_IT0_IRQHandler
                0x08003a64                LPUART1_IRQHandler
                0x08003a64                DMA2_Channel6_IRQHandler
                0x08003a64                FDCAN1_IT0_IRQHandler
                0x08003a64                TIM2_IRQHandler
                0x08003a64                COMP1_2_3_IRQHandler
                0x08003a64                EXTI1_IRQHandler
                0x08003a64                USART2_IRQHandler
                0x08003a64                DMA1_Channel2_IRQHandler
                0x08003a64                TIM8_BRK_IRQHandler
                0x08003a64                FLASH_IRQHandler
                0x08003a64                TIM20_CC_IRQHandler
                0x08003a64                USART1_IRQHandler
                0x08003a64                SPI3_IRQHandler
                0x08003a64                I2C1_ER_IRQHandler
                0x08003a64                LPTIM1_IRQHandler
                0x08003a64                DMAMUX_OVR_IRQHandler
                0x08003a64                USBWakeUp_IRQHandler
                0x08003a64                SAI1_IRQHandler
                0x08003a64                DMA2_Channel3_IRQHandler
                0x08003a64                COMP4_IRQHandler
 .text.HAL_Init
                0x08003a66       0x30 ./Drivers/STM32G4xx_HAL_Driver/Src/stm32g4xx_hal.o
                0x08003a66                HAL_Init
 *fill*         0x08003a96        0x2 
 .text.HAL_InitTick
                0x08003a98       0x74 ./Drivers/STM32G4xx_HAL_Driver/Src/stm32g4xx_hal.o
                0x08003a98                HAL_InitTick
 .text.HAL_IncTick
                0x08003b0c       0x24 ./Drivers/STM32G4xx_HAL_Driver/Src/stm32g4xx_hal.o
                0x08003b0c                HAL_IncTick
 .text.HAL_GetTick
                0x08003b30       0x18 ./Drivers/STM32G4xx_HAL_Driver/Src/stm32g4xx_hal.o
                0x08003b30                HAL_GetTick
 .text.HAL_Delay
                0x08003b48       0x44 ./Drivers/STM32G4xx_HAL_Driver/Src/stm32g4xx_hal.o
                0x08003b48                HAL_Delay
 .text.LL_ADC_SetCommonClock
                0x08003b8c       0x26 ./Drivers/STM32G4xx_HAL_Driver/Src/stm32g4xx_hal_adc.o
 .text.LL_ADC_SetCommonPathInternalCh
                0x08003bb2       0x26 ./Drivers/STM32G4xx_HAL_Driver/Src/stm32g4xx_hal_adc.o
 .text.LL_ADC_GetCommonPathInternalCh
                0x08003bd8       0x1c ./Drivers/STM32G4xx_HAL_Driver/Src/stm32g4xx_hal_adc.o
 .text.LL_ADC_SetOffset
                0x08003bf4       0x48 ./Drivers/STM32G4xx_HAL_Driver/Src/stm32g4xx_hal_adc.o
 .text.LL_ADC_GetOffsetChannel
                0x08003c3c       0x2c ./Drivers/STM32G4xx_HAL_Driver/Src/stm32g4xx_hal_adc.o
 .text.LL_ADC_SetOffsetState
                0x08003c68       0x36 ./Drivers/STM32G4xx_HAL_Driver/Src/stm32g4xx_hal_adc.o
 .text.LL_ADC_SetOffsetSign
                0x08003c9e       0x36 ./Drivers/STM32G4xx_HAL_Driver/Src/stm32g4xx_hal_adc.o
 .text.LL_ADC_SetOffsetSaturation
                0x08003cd4       0x36 ./Drivers/STM32G4xx_HAL_Driver/Src/stm32g4xx_hal_adc.o
 .text.LL_ADC_SetSamplingTimeCommonConfig
                0x08003d0a       0x26 ./Drivers/STM32G4xx_HAL_Driver/Src/stm32g4xx_hal_adc.o
 .text.LL_ADC_REG_SetSequencerRanks
                0x08003d30       0x58 ./Drivers/STM32G4xx_HAL_Driver/Src/stm32g4xx_hal_adc.o
 .text.LL_ADC_SetChannelSamplingTime
                0x08003d88       0x56 ./Drivers/STM32G4xx_HAL_Driver/Src/stm32g4xx_hal_adc.o
 *fill*         0x08003dde        0x2 
 .text.LL_ADC_SetChannelSingleDiff
                0x08003de0       0x48 ./Drivers/STM32G4xx_HAL_Driver/Src/stm32g4xx_hal_adc.o
 .text.LL_ADC_DisableDeepPowerDown
                0x08003e28       0x24 ./Drivers/STM32G4xx_HAL_Driver/Src/stm32g4xx_hal_adc.o
 .text.LL_ADC_IsDeepPowerDownEnabled
                0x08003e4c       0x28 ./Drivers/STM32G4xx_HAL_Driver/Src/stm32g4xx_hal_adc.o
 .text.LL_ADC_EnableInternalRegulator
                0x08003e74       0x28 ./Drivers/STM32G4xx_HAL_Driver/Src/stm32g4xx_hal_adc.o
 .text.LL_ADC_IsInternalRegulatorEnabled
                0x08003e9c       0x28 ./Drivers/STM32G4xx_HAL_Driver/Src/stm32g4xx_hal_adc.o
 .text.LL_ADC_IsEnabled
                0x08003ec4       0x26 ./Drivers/STM32G4xx_HAL_Driver/Src/stm32g4xx_hal_adc.o
 .text.LL_ADC_REG_IsConversionOngoing
                0x08003eea       0x26 ./Drivers/STM32G4xx_HAL_Driver/Src/stm32g4xx_hal_adc.o
 .text.LL_ADC_INJ_IsConversionOngoing
                0x08003f10       0x26 ./Drivers/STM32G4xx_HAL_Driver/Src/stm32g4xx_hal_adc.o
 *fill*         0x08003f36        0x2 
 .text.HAL_ADC_Init
                0x08003f38      0x35c ./Drivers/STM32G4xx_HAL_Driver/Src/stm32g4xx_hal_adc.o
                0x08003f38                HAL_ADC_Init
 .text.HAL_ADC_ConfigChannel
                0x08004294      0x858 ./Drivers/STM32G4xx_HAL_Driver/Src/stm32g4xx_hal_adc.o
                0x08004294                HAL_ADC_ConfigChannel
 .text.__NVIC_SetPriorityGrouping
                0x08004aec       0x48 ./Drivers/STM32G4xx_HAL_Driver/Src/stm32g4xx_hal_cortex.o
 .text.__NVIC_GetPriorityGrouping
                0x08004b34       0x1c ./Drivers/STM32G4xx_HAL_Driver/Src/stm32g4xx_hal_cortex.o
 .text.__NVIC_EnableIRQ
                0x08004b50       0x3c ./Drivers/STM32G4xx_HAL_Driver/Src/stm32g4xx_hal_cortex.o
 .text.__NVIC_SetPriority
                0x08004b8c       0x54 ./Drivers/STM32G4xx_HAL_Driver/Src/stm32g4xx_hal_cortex.o
 .text.NVIC_EncodePriority
                0x08004be0       0x66 ./Drivers/STM32G4xx_HAL_Driver/Src/stm32g4xx_hal_cortex.o
 *fill*         0x08004c46        0x2 
 .text.__NVIC_SystemReset
                0x08004c48       0x2c ./Drivers/STM32G4xx_HAL_Driver/Src/stm32g4xx_hal_cortex.o
 .text.SysTick_Config
                0x08004c74       0x44 ./Drivers/STM32G4xx_HAL_Driver/Src/stm32g4xx_hal_cortex.o
 .text.HAL_NVIC_SetPriorityGrouping
                0x08004cb8       0x16 ./Drivers/STM32G4xx_HAL_Driver/Src/stm32g4xx_hal_cortex.o
                0x08004cb8                HAL_NVIC_SetPriorityGrouping
 .text.HAL_NVIC_SetPriority
                0x08004cce       0x34 ./Drivers/STM32G4xx_HAL_Driver/Src/stm32g4xx_hal_cortex.o
                0x08004cce                HAL_NVIC_SetPriority
 .text.HAL_NVIC_EnableIRQ
                0x08004d02       0x1c ./Drivers/STM32G4xx_HAL_Driver/Src/stm32g4xx_hal_cortex.o
                0x08004d02                HAL_NVIC_EnableIRQ
 .text.HAL_NVIC_SystemReset
                0x08004d1e        0x8 ./Drivers/STM32G4xx_HAL_Driver/Src/stm32g4xx_hal_cortex.o
                0x08004d1e                HAL_NVIC_SystemReset
 .text.HAL_SYSTICK_Config
                0x08004d26       0x18 ./Drivers/STM32G4xx_HAL_Driver/Src/stm32g4xx_hal_cortex.o
                0x08004d26                HAL_SYSTICK_Config
 .text.HAL_DMA_Abort_IT
                0x08004d3e       0xce ./Drivers/STM32G4xx_HAL_Driver/Src/stm32g4xx_hal_dma.o
                0x08004d3e                HAL_DMA_Abort_IT
 .text.HAL_DMA_GetState
                0x08004e0c       0x1c ./Drivers/STM32G4xx_HAL_Driver/Src/stm32g4xx_hal_dma.o
                0x08004e0c                HAL_DMA_GetState
 .text.HAL_FDCAN_Init
                0x08004e28      0x2b4 ./Drivers/STM32G4xx_HAL_Driver/Src/stm32g4xx_hal_fdcan.o
                0x08004e28                HAL_FDCAN_Init
 .text.FDCAN_CalcultateRamBlockAddresses
                0x080050dc       0xc4 ./Drivers/STM32G4xx_HAL_Driver/Src/stm32g4xx_hal_fdcan.o
 .text.HAL_GPIO_Init
                0x080051a0      0x304 ./Drivers/STM32G4xx_HAL_Driver/Src/stm32g4xx_hal_gpio.o
                0x080051a0                HAL_GPIO_Init
 .text.HAL_GPIO_WritePin
                0x080054a4       0x30 ./Drivers/STM32G4xx_HAL_Driver/Src/stm32g4xx_hal_gpio.o
                0x080054a4                HAL_GPIO_WritePin
 .text.HAL_I2C_Init
                0x080054d4      0x136 ./Drivers/STM32G4xx_HAL_Driver/Src/stm32g4xx_hal_i2c.o
                0x080054d4                HAL_I2C_Init
 *fill*         0x0800560a        0x2 
 .text.HAL_I2C_Slave_Seq_Transmit_IT
                0x0800560c      0x164 ./Drivers/STM32G4xx_HAL_Driver/Src/stm32g4xx_hal_i2c.o
                0x0800560c                HAL_I2C_Slave_Seq_Transmit_IT
 .text.HAL_I2C_Slave_Seq_Receive_IT
                0x08005770      0x164 ./Drivers/STM32G4xx_HAL_Driver/Src/stm32g4xx_hal_i2c.o
                0x08005770                HAL_I2C_Slave_Seq_Receive_IT
 .text.HAL_I2C_EnableListen_IT
                0x080058d4       0x40 ./Drivers/STM32G4xx_HAL_Driver/Src/stm32g4xx_hal_i2c.o
                0x080058d4                HAL_I2C_EnableListen_IT
 .text.HAL_I2C_EV_IRQHandler
                0x08005914       0x34 ./Drivers/STM32G4xx_HAL_Driver/Src/stm32g4xx_hal_i2c.o
                0x08005914                HAL_I2C_EV_IRQHandler
 .text.HAL_I2C_ER_IRQHandler
                0x08005948       0xc2 ./Drivers/STM32G4xx_HAL_Driver/Src/stm32g4xx_hal_i2c.o
                0x08005948                HAL_I2C_ER_IRQHandler
 .text.HAL_I2C_MasterTxCpltCallback
                0x08005a0a       0x14 ./Drivers/STM32G4xx_HAL_Driver/Src/stm32g4xx_hal_i2c.o
                0x08005a0a                HAL_I2C_MasterTxCpltCallback
 .text.HAL_I2C_MasterRxCpltCallback
                0x08005a1e       0x14 ./Drivers/STM32G4xx_HAL_Driver/Src/stm32g4xx_hal_i2c.o
                0x08005a1e                HAL_I2C_MasterRxCpltCallback
 .text.HAL_I2C_MemTxCpltCallback
                0x08005a32       0x14 ./Drivers/STM32G4xx_HAL_Driver/Src/stm32g4xx_hal_i2c.o
                0x08005a32                HAL_I2C_MemTxCpltCallback
 .text.HAL_I2C_MemRxCpltCallback
                0x08005a46       0x14 ./Drivers/STM32G4xx_HAL_Driver/Src/stm32g4xx_hal_i2c.o
                0x08005a46                HAL_I2C_MemRxCpltCallback
 .text.HAL_I2C_AbortCpltCallback
                0x08005a5a       0x14 ./Drivers/STM32G4xx_HAL_Driver/Src/stm32g4xx_hal_i2c.o
                0x08005a5a                HAL_I2C_AbortCpltCallback
 .text.HAL_I2C_GetError
                0x08005a6e       0x18 ./Drivers/STM32G4xx_HAL_Driver/Src/stm32g4xx_hal_i2c.o
                0x08005a6e                HAL_I2C_GetError
 .text.I2C_Slave_ISR_IT
                0x08005a86      0x208 ./Drivers/STM32G4xx_HAL_Driver/Src/stm32g4xx_hal_i2c.o
 .text.I2C_Master_ISR_DMA
                0x08005c8e      0x1e6 ./Drivers/STM32G4xx_HAL_Driver/Src/stm32g4xx_hal_i2c.o
 .text.I2C_Mem_ISR_DMA
                0x08005e74      0x260 ./Drivers/STM32G4xx_HAL_Driver/Src/stm32g4xx_hal_i2c.o
 .text.I2C_Slave_ISR_DMA
                0x080060d4      0x1c2 ./Drivers/STM32G4xx_HAL_Driver/Src/stm32g4xx_hal_i2c.o
 .text.I2C_ITAddrCplt
                0x08006296      0x108 ./Drivers/STM32G4xx_HAL_Driver/Src/stm32g4xx_hal_i2c.o
 .text.I2C_ITMasterSeqCplt
                0x0800639e       0x7a ./Drivers/STM32G4xx_HAL_Driver/Src/stm32g4xx_hal_i2c.o
 .text.I2C_ITSlaveSeqCplt
                0x08006418       0xbc ./Drivers/STM32G4xx_HAL_Driver/Src/stm32g4xx_hal_i2c.o
 .text.I2C_ITMasterCplt
                0x080064d4      0x194 ./Drivers/STM32G4xx_HAL_Driver/Src/stm32g4xx_hal_i2c.o
 .text.I2C_ITSlaveCplt
                0x08006668      0x2d4 ./Drivers/STM32G4xx_HAL_Driver/Src/stm32g4xx_hal_i2c.o
 .text.I2C_ITListenCplt
                0x0800693c       0xac ./Drivers/STM32G4xx_HAL_Driver/Src/stm32g4xx_hal_i2c.o
 .text.I2C_ITError
                0x080069e8      0x1e0 ./Drivers/STM32G4xx_HAL_Driver/Src/stm32g4xx_hal_i2c.o
 .text.I2C_TreatErrorCallback
                0x08006bc8       0x4e ./Drivers/STM32G4xx_HAL_Driver/Src/stm32g4xx_hal_i2c.o
 .text.I2C_Flush_TXDR
                0x08006c16       0x48 ./Drivers/STM32G4xx_HAL_Driver/Src/stm32g4xx_hal_i2c.o
 .text.I2C_DMAAbort
                0x08006c5e       0x3c ./Drivers/STM32G4xx_HAL_Driver/Src/stm32g4xx_hal_i2c.o
 *fill*         0x08006c9a        0x2 
 .text.I2C_TransferConfig
                0x08006c9c       0x64 ./Drivers/STM32G4xx_HAL_Driver/Src/stm32g4xx_hal_i2c.o
 .text.I2C_Enable_IRQ
                0x08006d00      0x108 ./Drivers/STM32G4xx_HAL_Driver/Src/stm32g4xx_hal_i2c.o
 .text.I2C_Disable_IRQ
                0x08006e08       0xbc ./Drivers/STM32G4xx_HAL_Driver/Src/stm32g4xx_hal_i2c.o
 .text.HAL_I2CEx_ConfigAnalogFilter
                0x08006ec4       0x96 ./Drivers/STM32G4xx_HAL_Driver/Src/stm32g4xx_hal_i2c_ex.o
                0x08006ec4                HAL_I2CEx_ConfigAnalogFilter
 .text.HAL_I2CEx_ConfigDigitalFilter
                0x08006f5a       0x98 ./Drivers/STM32G4xx_HAL_Driver/Src/stm32g4xx_hal_i2c_ex.o
                0x08006f5a                HAL_I2CEx_ConfigDigitalFilter
 .text.HAL_PCD_Init
                0x08006ff2      0x19c ./Drivers/STM32G4xx_HAL_Driver/Src/stm32g4xx_hal_pcd.o
                0x08006ff2                HAL_PCD_Init
 .text.HAL_PCDEx_ActivateLPM
                0x0800718e       0x54 ./Drivers/STM32G4xx_HAL_Driver/Src/stm32g4xx_hal_pcd_ex.o
                0x0800718e                HAL_PCDEx_ActivateLPM
 *fill*         0x080071e2        0x2 
 .text.HAL_PWREx_ControlVoltageScaling
                0x080071e4      0x148 ./Drivers/STM32G4xx_HAL_Driver/Src/stm32g4xx_hal_pwr_ex.o
                0x080071e4                HAL_PWREx_ControlVoltageScaling
 .text.HAL_PWREx_DisableUCPDDeadBattery
                0x0800732c       0x20 ./Drivers/STM32G4xx_HAL_Driver/Src/stm32g4xx_hal_pwr_ex.o
                0x0800732c                HAL_PWREx_DisableUCPDDeadBattery
 .text.HAL_RCC_OscConfig
                0x0800734c      0x624 ./Drivers/STM32G4xx_HAL_Driver/Src/stm32g4xx_hal_rcc.o
                0x0800734c                HAL_RCC_OscConfig
 .text.HAL_RCC_ClockConfig
                0x08007970      0x278 ./Drivers/STM32G4xx_HAL_Driver/Src/stm32g4xx_hal_rcc.o
                0x08007970                HAL_RCC_ClockConfig
 .text.HAL_RCC_GetSysClockFreq
                0x08007be8       0xc4 ./Drivers/STM32G4xx_HAL_Driver/Src/stm32g4xx_hal_rcc.o
                0x08007be8                HAL_RCC_GetSysClockFreq
 .text.HAL_RCC_GetHCLKFreq
                0x08007cac       0x18 ./Drivers/STM32G4xx_HAL_Driver/Src/stm32g4xx_hal_rcc.o
                0x08007cac                HAL_RCC_GetHCLKFreq
 .text.HAL_RCC_GetPCLK1Freq
                0x08007cc4       0x2c ./Drivers/STM32G4xx_HAL_Driver/Src/stm32g4xx_hal_rcc.o
                0x08007cc4                HAL_RCC_GetPCLK1Freq
 .text.HAL_RCC_GetPCLK2Freq
                0x08007cf0       0x2c ./Drivers/STM32G4xx_HAL_Driver/Src/stm32g4xx_hal_rcc.o
                0x08007cf0                HAL_RCC_GetPCLK2Freq
 .text.RCC_GetSysClockFreqFromPLLSource
                0x08007d1c       0x8c ./Drivers/STM32G4xx_HAL_Driver/Src/stm32g4xx_hal_rcc.o
 .text.HAL_RCCEx_PeriphCLKConfig
                0x08007da8      0x478 ./Drivers/STM32G4xx_HAL_Driver/Src/stm32g4xx_hal_rcc_ex.o
                0x08007da8                HAL_RCCEx_PeriphCLKConfig
 .text.HAL_TIM_Base_Init
                0x08008220       0xae ./Drivers/STM32G4xx_HAL_Driver/Src/stm32g4xx_hal_tim.o
                0x08008220                HAL_TIM_Base_Init
 .text.HAL_TIM_PWM_Init
                0x080082ce       0xae ./Drivers/STM32G4xx_HAL_Driver/Src/stm32g4xx_hal_tim.o
                0x080082ce                HAL_TIM_PWM_Init
 .text.HAL_TIM_PWM_Start
                0x0800837c      0x218 ./Drivers/STM32G4xx_HAL_Driver/Src/stm32g4xx_hal_tim.o
                0x0800837c                HAL_TIM_PWM_Start
 .text.HAL_TIM_IRQHandler
                0x08008594      0x29e ./Drivers/STM32G4xx_HAL_Driver/Src/stm32g4xx_hal_tim.o
                0x08008594                HAL_TIM_IRQHandler
 *fill*         0x08008832        0x2 
 .text.HAL_TIM_PWM_ConfigChannel
                0x08008834      0x228 ./Drivers/STM32G4xx_HAL_Driver/Src/stm32g4xx_hal_tim.o
                0x08008834                HAL_TIM_PWM_ConfigChannel
 .text.HAL_TIM_SlaveConfigSynchro
                0x08008a5c       0x84 ./Drivers/STM32G4xx_HAL_Driver/Src/stm32g4xx_hal_tim.o
                0x08008a5c                HAL_TIM_SlaveConfigSynchro
 .text.HAL_TIM_OC_DelayElapsedCallback
                0x08008ae0       0x14 ./Drivers/STM32G4xx_HAL_Driver/Src/stm32g4xx_hal_tim.o
                0x08008ae0                HAL_TIM_OC_DelayElapsedCallback
 .text.HAL_TIM_IC_CaptureCallback
                0x08008af4       0x14 ./Drivers/STM32G4xx_HAL_Driver/Src/stm32g4xx_hal_tim.o
                0x08008af4                HAL_TIM_IC_CaptureCallback
 .text.HAL_TIM_PWM_PulseFinishedCallback
                0x08008b08       0x14 ./Drivers/STM32G4xx_HAL_Driver/Src/stm32g4xx_hal_tim.o
                0x08008b08                HAL_TIM_PWM_PulseFinishedCallback
 .text.HAL_TIM_TriggerCallback
                0x08008b1c       0x14 ./Drivers/STM32G4xx_HAL_Driver/Src/stm32g4xx_hal_tim.o
                0x08008b1c                HAL_TIM_TriggerCallback
 .text.TIM_Base_SetConfig
                0x08008b30      0x154 ./Drivers/STM32G4xx_HAL_Driver/Src/stm32g4xx_hal_tim.o
                0x08008b30                TIM_Base_SetConfig
 .text.TIM_OC1_SetConfig
                0x08008c84      0x134 ./Drivers/STM32G4xx_HAL_Driver/Src/stm32g4xx_hal_tim.o
 .text.TIM_OC2_SetConfig
                0x08008db8      0x128 ./Drivers/STM32G4xx_HAL_Driver/Src/stm32g4xx_hal_tim.o
                0x08008db8                TIM_OC2_SetConfig
 .text.TIM_OC3_SetConfig
                0x08008ee0      0x124 ./Drivers/STM32G4xx_HAL_Driver/Src/stm32g4xx_hal_tim.o
 .text.TIM_OC4_SetConfig
                0x08009004      0x128 ./Drivers/STM32G4xx_HAL_Driver/Src/stm32g4xx_hal_tim.o
 .text.TIM_OC5_SetConfig
                0x0800912c       0xd4 ./Drivers/STM32G4xx_HAL_Driver/Src/stm32g4xx_hal_tim.o
 .text.TIM_OC6_SetConfig
                0x08009200       0xd8 ./Drivers/STM32G4xx_HAL_Driver/Src/stm32g4xx_hal_tim.o
 .text.TIM_SlaveTimer_SetConfig
                0x080092d8      0x19c ./Drivers/STM32G4xx_HAL_Driver/Src/stm32g4xx_hal_tim.o
 .text.TIM_TI1_ConfigInputStage
                0x08009474       0x5e ./Drivers/STM32G4xx_HAL_Driver/Src/stm32g4xx_hal_tim.o
 .text.TIM_TI2_ConfigInputStage
                0x080094d2       0x60 ./Drivers/STM32G4xx_HAL_Driver/Src/stm32g4xx_hal_tim.o
 .text.TIM_ETR_SetConfig
                0x08009532       0x40 ./Drivers/STM32G4xx_HAL_Driver/Src/stm32g4xx_hal_tim.o
                0x08009532                TIM_ETR_SetConfig
 .text.TIM_CCxChannelCmd
                0x08009572       0x4a ./Drivers/STM32G4xx_HAL_Driver/Src/stm32g4xx_hal_tim.o
                0x08009572                TIM_CCxChannelCmd
 .text.HAL_TIMEx_PWMN_Start
                0x080095bc      0x174 ./Drivers/STM32G4xx_HAL_Driver/Src/stm32g4xx_hal_tim_ex.o
                0x080095bc                HAL_TIMEx_PWMN_Start
 .text.HAL_TIMEx_MasterConfigSynchronization
                0x08009730      0x11c ./Drivers/STM32G4xx_HAL_Driver/Src/stm32g4xx_hal_tim_ex.o
                0x08009730                HAL_TIMEx_MasterConfigSynchronization
 .text.HAL_TIMEx_ConfigBreakDeadTime
                0x0800984c      0x128 ./Drivers/STM32G4xx_HAL_Driver/Src/stm32g4xx_hal_tim_ex.o
                0x0800984c                HAL_TIMEx_ConfigBreakDeadTime
 .text.HAL_TIMEx_CommutCallback
                0x08009974       0x14 ./Drivers/STM32G4xx_HAL_Driver/Src/stm32g4xx_hal_tim_ex.o
                0x08009974                HAL_TIMEx_CommutCallback
 .text.HAL_TIMEx_BreakCallback
                0x08009988       0x14 ./Drivers/STM32G4xx_HAL_Driver/Src/stm32g4xx_hal_tim_ex.o
                0x08009988                HAL_TIMEx_BreakCallback
 .text.HAL_TIMEx_Break2Callback
                0x0800999c       0x14 ./Drivers/STM32G4xx_HAL_Driver/Src/stm32g4xx_hal_tim_ex.o
                0x0800999c                HAL_TIMEx_Break2Callback
 .text.HAL_TIMEx_EncoderIndexCallback
                0x080099b0       0x14 ./Drivers/STM32G4xx_HAL_Driver/Src/stm32g4xx_hal_tim_ex.o
                0x080099b0                HAL_TIMEx_EncoderIndexCallback
 .text.HAL_TIMEx_DirectionChangeCallback
                0x080099c4       0x14 ./Drivers/STM32G4xx_HAL_Driver/Src/stm32g4xx_hal_tim_ex.o
                0x080099c4                HAL_TIMEx_DirectionChangeCallback
 .text.HAL_TIMEx_IndexErrorCallback
                0x080099d8       0x14 ./Drivers/STM32G4xx_HAL_Driver/Src/stm32g4xx_hal_tim_ex.o
                0x080099d8                HAL_TIMEx_IndexErrorCallback
 .text.HAL_TIMEx_TransitionErrorCallback
                0x080099ec       0x14 ./Drivers/STM32G4xx_HAL_Driver/Src/stm32g4xx_hal_tim_ex.o
                0x080099ec                HAL_TIMEx_TransitionErrorCallback
 .text.TIM_CCxNChannelCmd
                0x08009a00       0x4a ./Drivers/STM32G4xx_HAL_Driver/Src/stm32g4xx_hal_tim_ex.o
 .text.HAL_UART_Init
                0x08009a4a       0xa0 ./Drivers/STM32G4xx_HAL_Driver/Src/stm32g4xx_hal_uart.o
                0x08009a4a                HAL_UART_Init
 .text.HAL_UART_Transmit
                0x08009aea      0x11c ./Drivers/STM32G4xx_HAL_Driver/Src/stm32g4xx_hal_uart.o
                0x08009aea                HAL_UART_Transmit
 *fill*         0x08009c06        0x2 
 .text.HAL_UART_Receive_IT
                0x08009c08       0x98 ./Drivers/STM32G4xx_HAL_Driver/Src/stm32g4xx_hal_uart.o
                0x08009c08                HAL_UART_Receive_IT
 .text.HAL_UART_ErrorCallback
                0x08009ca0       0x14 ./Drivers/STM32G4xx_HAL_Driver/Src/stm32g4xx_hal_uart.o
                0x08009ca0                HAL_UART_ErrorCallback
 .text.HAL_UARTEx_RxEventCallback
                0x08009cb4       0x18 ./Drivers/STM32G4xx_HAL_Driver/Src/stm32g4xx_hal_uart.o
                0x08009cb4                HAL_UARTEx_RxEventCallback
 .text.UART_SetConfig
                0x08009ccc      0x5f8 ./Drivers/STM32G4xx_HAL_Driver/Src/stm32g4xx_hal_uart.o
                0x08009ccc                UART_SetConfig
 .text.UART_AdvFeatureConfig
                0x0800a2c4      0x144 ./Drivers/STM32G4xx_HAL_Driver/Src/stm32g4xx_hal_uart.o
                0x0800a2c4                UART_AdvFeatureConfig
 .text.UART_CheckIdleState
                0x0800a408      0x154 ./Drivers/STM32G4xx_HAL_Driver/Src/stm32g4xx_hal_uart.o
                0x0800a408                UART_CheckIdleState
 .text.UART_WaitOnFlagUntilTimeout
                0x0800a55c       0xda ./Drivers/STM32G4xx_HAL_Driver/Src/stm32g4xx_hal_uart.o
                0x0800a55c                UART_WaitOnFlagUntilTimeout
 *fill*         0x0800a636        0x2 
 .text.UART_Start_Receive_IT
                0x0800a638      0x244 ./Drivers/STM32G4xx_HAL_Driver/Src/stm32g4xx_hal_uart.o
                0x0800a638                UART_Start_Receive_IT
 .text.UART_EndRxTransfer
                0x0800a87c       0xcc ./Drivers/STM32G4xx_HAL_Driver/Src/stm32g4xx_hal_uart.o
 .text.UART_RxISR_8BIT
                0x0800a948      0x1b8 ./Drivers/STM32G4xx_HAL_Driver/Src/stm32g4xx_hal_uart.o
 .text.UART_RxISR_16BIT
                0x0800ab00      0x1b8 ./Drivers/STM32G4xx_HAL_Driver/Src/stm32g4xx_hal_uart.o
 .text.UART_RxISR_8BIT_FIFOEN
                0x0800acb8      0x364 ./Drivers/STM32G4xx_HAL_Driver/Src/stm32g4xx_hal_uart.o
 .text.UART_RxISR_16BIT_FIFOEN
                0x0800b01c      0x36c ./Drivers/STM32G4xx_HAL_Driver/Src/stm32g4xx_hal_uart.o
 .text.HAL_UARTEx_DisableFifoMode
                0x0800b388       0x72 ./Drivers/STM32G4xx_HAL_Driver/Src/stm32g4xx_hal_uart_ex.o
                0x0800b388                HAL_UARTEx_DisableFifoMode
 .text.HAL_UARTEx_SetTxFifoThreshold
                0x0800b3fa       0x7c ./Drivers/STM32G4xx_HAL_Driver/Src/stm32g4xx_hal_uart_ex.o
                0x0800b3fa                HAL_UARTEx_SetTxFifoThreshold
 .text.HAL_UARTEx_SetRxFifoThreshold
                0x0800b476       0x7c ./Drivers/STM32G4xx_HAL_Driver/Src/stm32g4xx_hal_uart_ex.o
                0x0800b476                HAL_UARTEx_SetRxFifoThreshold
 *fill*         0x0800b4f2        0x2 
 .text.UARTEx_SetNbDataToProcess
                0x0800b4f4       0x9c ./Drivers/STM32G4xx_HAL_Driver/Src/stm32g4xx_hal_uart_ex.o
 .text.USB_DisableGlobalInt
                0x0800b590       0x36 ./Drivers/STM32G4xx_HAL_Driver/Src/stm32g4xx_ll_usb.o
                0x0800b590                USB_DisableGlobalInt
 .text.USB_DevInit
                0x0800b5c6       0x3c ./Drivers/STM32G4xx_HAL_Driver/Src/stm32g4xx_ll_usb.o
                0x0800b5c6                USB_DevInit
 *fill*         0x0800b602        0x2 
 .text.std      0x0800b604       0x6c /mnt/data/gentoo/opt/st/stm32cubeide_1.18.1/plugins/com.st.stm32cube.ide.mcu.externaltools.gnu-tools-for-stm32.13.3.rel1.linux64_1.0.0.202410170706/tools/bin/../lib/gcc/arm-none-eabi/13.3.1/../../../../arm-none-eabi/lib/thumb/v7e-m+fp/hard/libc_nano.a(libc_a-findfp.o)
 .text.stdio_exit_handler
                0x0800b670       0x18 /mnt/data/gentoo/opt/st/stm32cubeide_1.18.1/plugins/com.st.stm32cube.ide.mcu.externaltools.gnu-tools-for-stm32.13.3.rel1.linux64_1.0.0.202410170706/tools/bin/../lib/gcc/arm-none-eabi/13.3.1/../../../../arm-none-eabi/lib/thumb/v7e-m+fp/hard/libc_nano.a(libc_a-findfp.o)
 .text.cleanup_stdio
                0x0800b688       0x40 /mnt/data/gentoo/opt/st/stm32cubeide_1.18.1/plugins/com.st.stm32cube.ide.mcu.externaltools.gnu-tools-for-stm32.13.3.rel1.linux64_1.0.0.202410170706/tools/bin/../lib/gcc/arm-none-eabi/13.3.1/../../../../arm-none-eabi/lib/thumb/v7e-m+fp/hard/libc_nano.a(libc_a-findfp.o)
 .text.global_stdio_init.part.0
                0x0800b6c8       0x3c /mnt/data/gentoo/opt/st/stm32cubeide_1.18.1/plugins/com.st.stm32cube.ide.mcu.externaltools.gnu-tools-for-stm32.13.3.rel1.linux64_1.0.0.202410170706/tools/bin/../lib/gcc/arm-none-eabi/13.3.1/../../../../arm-none-eabi/lib/thumb/v7e-m+fp/hard/libc_nano.a(libc_a-findfp.o)
 .text.__sfp_lock_acquire
                0x0800b704        0xc /mnt/data/gentoo/opt/st/stm32cubeide_1.18.1/plugins/com.st.stm32cube.ide.mcu.externaltools.gnu-tools-for-stm32.13.3.rel1.linux64_1.0.0.202410170706/tools/bin/../lib/gcc/arm-none-eabi/13.3.1/../../../../arm-none-eabi/lib/thumb/v7e-m+fp/hard/libc_nano.a(libc_a-findfp.o)
                0x0800b704                __sfp_lock_acquire
 .text.__sfp_lock_release
                0x0800b710        0xc /mnt/data/gentoo/opt/st/stm32cubeide_1.18.1/plugins/com.st.stm32cube.ide.mcu.externaltools.gnu-tools-for-stm32.13.3.rel1.linux64_1.0.0.202410170706/tools/bin/../lib/gcc/arm-none-eabi/13.3.1/../../../../arm-none-eabi/lib/thumb/v7e-m+fp/hard/libc_nano.a(libc_a-findfp.o)
                0x0800b710                __sfp_lock_release
 .text.__sinit  0x0800b71c       0x30 /mnt/data/gentoo/opt/st/stm32cubeide_1.18.1/plugins/com.st.stm32cube.ide.mcu.externaltools.gnu-tools-for-stm32.13.3.rel1.linux64_1.0.0.202410170706/tools/bin/../lib/gcc/arm-none-eabi/13.3.1/../../../../arm-none-eabi/lib/thumb/v7e-m+fp/hard/libc_nano.a(libc_a-findfp.o)
                0x0800b71c                __sinit
 .text._fwalk_sglue
                0x0800b74c       0x3c /mnt/data/gentoo/opt/st/stm32cubeide_1.18.1/plugins/com.st.stm32cube.ide.mcu.externaltools.gnu-tools-for-stm32.13.3.rel1.linux64_1.0.0.202410170706/tools/bin/../lib/gcc/arm-none-eabi/13.3.1/../../../../arm-none-eabi/lib/thumb/v7e-m+fp/hard/libc_nano.a(libc_a-fwalk.o)
                0x0800b74c                _fwalk_sglue
 .text.printf   0x0800b788       0x24 /mnt/data/gentoo/opt/st/stm32cubeide_1.18.1/plugins/com.st.stm32cube.ide.mcu.externaltools.gnu-tools-for-stm32.13.3.rel1.linux64_1.0.0.202410170706/tools/bin/../lib/gcc/arm-none-eabi/13.3.1/../../../../arm-none-eabi/lib/thumb/v7e-m+fp/hard/libc_nano.a(libc_a-printf.o)
                0x0800b788                printf
                0x0800b788                iprintf
 .text._puts_r  0x0800b7ac       0xaa /mnt/data/gentoo/opt/st/stm32cubeide_1.18.1/plugins/com.st.stm32cube.ide.mcu.externaltools.gnu-tools-for-stm32.13.3.rel1.linux64_1.0.0.202410170706/tools/bin/../lib/gcc/arm-none-eabi/13.3.1/../../../../arm-none-eabi/lib/thumb/v7e-m+fp/hard/libc_nano.a(libc_a-puts.o)
                0x0800b7ac                _puts_r
 *fill*         0x0800b856        0x2 
 .text.puts     0x0800b858       0x10 /mnt/data/gentoo/opt/st/stm32cubeide_1.18.1/plugins/com.st.stm32cube.ide.mcu.externaltools.gnu-tools-for-stm32.13.3.rel1.linux64_1.0.0.202410170706/tools/bin/../lib/gcc/arm-none-eabi/13.3.1/../../../../arm-none-eabi/lib/thumb/v7e-m+fp/hard/libc_nano.a(libc_a-puts.o)
                0x0800b858                puts
 .text.sprintf  0x0800b868       0x44 /mnt/data/gentoo/opt/st/stm32cubeide_1.18.1/plugins/com.st.stm32cube.ide.mcu.externaltools.gnu-tools-for-stm32.13.3.rel1.linux64_1.0.0.202410170706/tools/bin/../lib/gcc/arm-none-eabi/13.3.1/../../../../arm-none-eabi/lib/thumb/v7e-m+fp/hard/libc_nano.a(libc_a-sprintf.o)
                0x0800b868                sprintf
                0x0800b868                siprintf
 .text.sscanf   0x0800b8ac       0x58 /mnt/data/gentoo/opt/st/stm32cubeide_1.18.1/plugins/com.st.stm32cube.ide.mcu.externaltools.gnu-tools-for-stm32.13.3.rel1.linux64_1.0.0.202410170706/tools/bin/../lib/gcc/arm-none-eabi/13.3.1/../../../../arm-none-eabi/lib/thumb/v7e-m+fp/hard/libc_nano.a(libc_a-sscanf.o)
                0x0800b8ac                sscanf
                0x0800b8ac                siscanf
 .text.__sread  0x0800b904       0x22 /mnt/data/gentoo/opt/st/stm32cubeide_1.18.1/plugins/com.st.stm32cube.ide.mcu.externaltools.gnu-tools-for-stm32.13.3.rel1.linux64_1.0.0.202410170706/tools/bin/../lib/gcc/arm-none-eabi/13.3.1/../../../../arm-none-eabi/lib/thumb/v7e-m+fp/hard/libc_nano.a(libc_a-stdio.o)
                0x0800b904                __sread
 .text.__seofread
                0x0800b926        0x4 /mnt/data/gentoo/opt/st/stm32cubeide_1.18.1/plugins/com.st.stm32cube.ide.mcu.externaltools.gnu-tools-for-stm32.13.3.rel1.linux64_1.0.0.202410170706/tools/bin/../lib/gcc/arm-none-eabi/13.3.1/../../../../arm-none-eabi/lib/thumb/v7e-m+fp/hard/libc_nano.a(libc_a-stdio.o)
                0x0800b926                __seofread
 .text.__swrite
                0x0800b92a       0x38 /mnt/data/gentoo/opt/st/stm32cubeide_1.18.1/plugins/com.st.stm32cube.ide.mcu.externaltools.gnu-tools-for-stm32.13.3.rel1.linux64_1.0.0.202410170706/tools/bin/../lib/gcc/arm-none-eabi/13.3.1/../../../../arm-none-eabi/lib/thumb/v7e-m+fp/hard/libc_nano.a(libc_a-stdio.o)
                0x0800b92a                __swrite
 .text.__sseek  0x0800b962       0x24 /mnt/data/gentoo/opt/st/stm32cubeide_1.18.1/plugins/com.st.stm32cube.ide.mcu.externaltools.gnu-tools-for-stm32.13.3.rel1.linux64_1.0.0.202410170706/tools/bin/../lib/gcc/arm-none-eabi/13.3.1/../../../../arm-none-eabi/lib/thumb/v7e-m+fp/hard/libc_nano.a(libc_a-stdio.o)
                0x0800b962                __sseek
 .text.__sclose
                0x0800b986        0x8 /mnt/data/gentoo/opt/st/stm32cubeide_1.18.1/plugins/com.st.stm32cube.ide.mcu.externaltools.gnu-tools-for-stm32.13.3.rel1.linux64_1.0.0.202410170706/tools/bin/../lib/gcc/arm-none-eabi/13.3.1/../../../../arm-none-eabi/lib/thumb/v7e-m+fp/hard/libc_nano.a(libc_a-stdio.o)
                0x0800b986                __sclose
 .text.__swbuf_r
                0x0800b98e       0x7c /mnt/data/gentoo/opt/st/stm32cubeide_1.18.1/plugins/com.st.stm32cube.ide.mcu.externaltools.gnu-tools-for-stm32.13.3.rel1.linux64_1.0.0.202410170706/tools/bin/../lib/gcc/arm-none-eabi/13.3.1/../../../../arm-none-eabi/lib/thumb/v7e-m+fp/hard/libc_nano.a(libc_a-wbuf.o)
                0x0800b98e                __swbuf_r
 *fill*         0x0800ba0a        0x2 
 .text.__swsetup_r
                0x0800ba0c       0xac /mnt/data/gentoo/opt/st/stm32cubeide_1.18.1/plugins/com.st.stm32cube.ide.mcu.externaltools.gnu-tools-for-stm32.13.3.rel1.linux64_1.0.0.202410170706/tools/bin/../lib/gcc/arm-none-eabi/13.3.1/../../../../arm-none-eabi/lib/thumb/v7e-m+fp/hard/libc_nano.a(libc_a-wsetup.o)
                0x0800ba0c                __swsetup_r
 .text.memset   0x0800bab8       0x10 /mnt/data/gentoo/opt/st/stm32cubeide_1.18.1/plugins/com.st.stm32cube.ide.mcu.externaltools.gnu-tools-for-stm32.13.3.rel1.linux64_1.0.0.202410170706/tools/bin/../lib/gcc/arm-none-eabi/13.3.1/../../../../arm-none-eabi/lib/thumb/v7e-m+fp/hard/libc_nano.a(libc_a-memset.o)
                0x0800bab8                memset
 .text._close_r
                0x0800bac8       0x20 /mnt/data/gentoo/opt/st/stm32cubeide_1.18.1/plugins/com.st.stm32cube.ide.mcu.externaltools.gnu-tools-for-stm32.13.3.rel1.linux64_1.0.0.202410170706/tools/bin/../lib/gcc/arm-none-eabi/13.3.1/../../../../arm-none-eabi/lib/thumb/v7e-m+fp/hard/libc_nano.a(libc_a-closer.o)
                0x0800bac8                _close_r
 .text._lseek_r
                0x0800bae8       0x24 /mnt/data/gentoo/opt/st/stm32cubeide_1.18.1/plugins/com.st.stm32cube.ide.mcu.externaltools.gnu-tools-for-stm32.13.3.rel1.linux64_1.0.0.202410170706/tools/bin/../lib/gcc/arm-none-eabi/13.3.1/../../../../arm-none-eabi/lib/thumb/v7e-m+fp/hard/libc_nano.a(libc_a-lseekr.o)
                0x0800bae8                _lseek_r
 .text._read_r  0x0800bb0c       0x24 /mnt/data/gentoo/opt/st/stm32cubeide_1.18.1/plugins/com.st.stm32cube.ide.mcu.externaltools.gnu-tools-for-stm32.13.3.rel1.linux64_1.0.0.202410170706/tools/bin/../lib/gcc/arm-none-eabi/13.3.1/../../../../arm-none-eabi/lib/thumb/v7e-m+fp/hard/libc_nano.a(libc_a-readr.o)
                0x0800bb0c                _read_r
 .text._write_r
                0x0800bb30       0x24 /mnt/data/gentoo/opt/st/stm32cubeide_1.18.1/plugins/com.st.stm32cube.ide.mcu.externaltools.gnu-tools-for-stm32.13.3.rel1.linux64_1.0.0.202410170706/tools/bin/../lib/gcc/arm-none-eabi/13.3.1/../../../../arm-none-eabi/lib/thumb/v7e-m+fp/hard/libc_nano.a(libc_a-writer.o)
                0x0800bb30                _write_r
 .text.__errno  0x0800bb54        0xc /mnt/data/gentoo/opt/st/stm32cubeide_1.18.1/plugins/com.st.stm32cube.ide.mcu.externaltools.gnu-tools-for-stm32.13.3.rel1.linux64_1.0.0.202410170706/tools/bin/../lib/gcc/arm-none-eabi/13.3.1/../../../../arm-none-eabi/lib/thumb/v7e-m+fp/hard/libc_nano.a(libc_a-errno.o)
                0x0800bb54                __errno
 .text.__libc_init_array
                0x0800bb60       0x48 /mnt/data/gentoo/opt/st/stm32cubeide_1.18.1/plugins/com.st.stm32cube.ide.mcu.externaltools.gnu-tools-for-stm32.13.3.rel1.linux64_1.0.0.202410170706/tools/bin/../lib/gcc/arm-none-eabi/13.3.1/../../../../arm-none-eabi/lib/thumb/v7e-m+fp/hard/libc_nano.a(libc_a-init.o)
                0x0800bb60                __libc_init_array
 .text.__retarget_lock_init_recursive
                0x0800bba8        0x2 /mnt/data/gentoo/opt/st/stm32cubeide_1.18.1/plugins/com.st.stm32cube.ide.mcu.externaltools.gnu-tools-for-stm32.13.3.rel1.linux64_1.0.0.202410170706/tools/bin/../lib/gcc/arm-none-eabi/13.3.1/../../../../arm-none-eabi/lib/thumb/v7e-m+fp/hard/libc_nano.a(libc_a-lock.o)
                0x0800bba8                __retarget_lock_init_recursive
 .text.__retarget_lock_acquire_recursive
                0x0800bbaa        0x2 /mnt/data/gentoo/opt/st/stm32cubeide_1.18.1/plugins/com.st.stm32cube.ide.mcu.externaltools.gnu-tools-for-stm32.13.3.rel1.linux64_1.0.0.202410170706/tools/bin/../lib/gcc/arm-none-eabi/13.3.1/../../../../arm-none-eabi/lib/thumb/v7e-m+fp/hard/libc_nano.a(libc_a-lock.o)
                0x0800bbaa                __retarget_lock_acquire_recursive
 .text.__retarget_lock_release_recursive
                0x0800bbac        0x2 /mnt/data/gentoo/opt/st/stm32cubeide_1.18.1/plugins/com.st.stm32cube.ide.mcu.externaltools.gnu-tools-for-stm32.13.3.rel1.linux64_1.0.0.202410170706/tools/bin/../lib/gcc/arm-none-eabi/13.3.1/../../../../arm-none-eabi/lib/thumb/v7e-m+fp/hard/libc_nano.a(libc_a-lock.o)
                0x0800bbac                __retarget_lock_release_recursive
 .text.memcpy   0x0800bbae       0x1c /mnt/data/gentoo/opt/st/stm32cubeide_1.18.1/plugins/com.st.stm32cube.ide.mcu.externaltools.gnu-tools-for-stm32.13.3.rel1.linux64_1.0.0.202410170706/tools/bin/../lib/gcc/arm-none-eabi/13.3.1/../../../../arm-none-eabi/lib/thumb/v7e-m+fp/hard/libc_nano.a(libc_a-memcpy-stub.o)
                0x0800bbae                memcpy
 *fill*         0x0800bbca        0x2 
 .text._free_r  0x0800bbcc       0x94 /mnt/data/gentoo/opt/st/stm32cubeide_1.18.1/plugins/com.st.stm32cube.ide.mcu.externaltools.gnu-tools-for-stm32.13.3.rel1.linux64_1.0.0.202410170706/tools/bin/../lib/gcc/arm-none-eabi/13.3.1/../../../../arm-none-eabi/lib/thumb/v7e-m+fp/hard/libc_nano.a(libc_a-freer.o)
                0x0800bbcc                _free_r
 .text.sbrk_aligned
                0x0800bc60       0x44 /mnt/data/gentoo/opt/st/stm32cubeide_1.18.1/plugins/com.st.stm32cube.ide.mcu.externaltools.gnu-tools-for-stm32.13.3.rel1.linux64_1.0.0.202410170706/tools/bin/../lib/gcc/arm-none-eabi/13.3.1/../../../../arm-none-eabi/lib/thumb/v7e-m+fp/hard/libc_nano.a(libc_a-mallocr.o)
 .text._malloc_r
                0x0800bca4      0x100 /mnt/data/gentoo/opt/st/stm32cubeide_1.18.1/plugins/com.st.stm32cube.ide.mcu.externaltools.gnu-tools-for-stm32.13.3.rel1.linux64_1.0.0.202410170706/tools/bin/../lib/gcc/arm-none-eabi/13.3.1/../../../../arm-none-eabi/lib/thumb/v7e-m+fp/hard/libc_nano.a(libc_a-mallocr.o)
                0x0800bca4                _malloc_r
 .text.__malloc_lock
                0x0800bda4        0xc /mnt/data/gentoo/opt/st/stm32cubeide_1.18.1/plugins/com.st.stm32cube.ide.mcu.externaltools.gnu-tools-for-stm32.13.3.rel1.linux64_1.0.0.202410170706/tools/bin/../lib/gcc/arm-none-eabi/13.3.1/../../../../arm-none-eabi/lib/thumb/v7e-m+fp/hard/libc_nano.a(libc_a-mlock.o)
                0x0800bda4                __malloc_lock
 .text.__malloc_unlock
                0x0800bdb0        0xc /mnt/data/gentoo/opt/st/stm32cubeide_1.18.1/plugins/com.st.stm32cube.ide.mcu.externaltools.gnu-tools-for-stm32.13.3.rel1.linux64_1.0.0.202410170706/tools/bin/../lib/gcc/arm-none-eabi/13.3.1/../../../../arm-none-eabi/lib/thumb/v7e-m+fp/hard/libc_nano.a(libc_a-mlock.o)
                0x0800bdb0                __malloc_unlock
 .text.__ssputs_r
                0x0800bdbc       0xb6 /mnt/data/gentoo/opt/st/stm32cubeide_1.18.1/plugins/com.st.stm32cube.ide.mcu.externaltools.gnu-tools-for-stm32.13.3.rel1.linux64_1.0.0.202410170706/tools/bin/../lib/gcc/arm-none-eabi/13.3.1/../../../../arm-none-eabi/lib/thumb/v7e-m+fp/hard/libc_nano.a(libc_a-nano-svfprintf.o)
                0x0800bdbc                __ssputs_r
 *fill*         0x0800be72        0x2 
 .text._svfprintf_r
                0x0800be74      0x1f8 /mnt/data/gentoo/opt/st/stm32cubeide_1.18.1/plugins/com.st.stm32cube.ide.mcu.externaltools.gnu-tools-for-stm32.13.3.rel1.linux64_1.0.0.202410170706/tools/bin/../lib/gcc/arm-none-eabi/13.3.1/../../../../arm-none-eabi/lib/thumb/v7e-m+fp/hard/libc_nano.a(libc_a-nano-svfprintf.o)
                0x0800be74                _svfprintf_r
                0x0800be74                _svfiprintf_r
 .text._sungetc_r
                0x0800c06c       0x7a /mnt/data/gentoo/opt/st/stm32cubeide_1.18.1/plugins/com.st.stm32cube.ide.mcu.externaltools.gnu-tools-for-stm32.13.3.rel1.linux64_1.0.0.202410170706/tools/bin/../lib/gcc/arm-none-eabi/13.3.1/../../../../arm-none-eabi/lib/thumb/v7e-m+fp/hard/libc_nano.a(libc_a-nano-svfscanf.o)
                0x0800c06c                _sungetc_r
 .text.__ssrefill_r
                0x0800c0e6       0x3a /mnt/data/gentoo/opt/st/stm32cubeide_1.18.1/plugins/com.st.stm32cube.ide.mcu.externaltools.gnu-tools-for-stm32.13.3.rel1.linux64_1.0.0.202410170706/tools/bin/../lib/gcc/arm-none-eabi/13.3.1/../../../../arm-none-eabi/lib/thumb/v7e-m+fp/hard/libc_nano.a(libc_a-nano-svfscanf.o)
                0x0800c0e6                __ssrefill_r
 .text.__ssvfscanf_r
                0x0800c120      0x2ec /mnt/data/gentoo/opt/st/stm32cubeide_1.18.1/plugins/com.st.stm32cube.ide.mcu.externaltools.gnu-tools-for-stm32.13.3.rel1.linux64_1.0.0.202410170706/tools/bin/../lib/gcc/arm-none-eabi/13.3.1/../../../../arm-none-eabi/lib/thumb/v7e-m+fp/hard/libc_nano.a(libc_a-nano-svfscanf.o)
                0x0800c120                __ssvfscanf_r
                0x0800c120                __ssvfiscanf_r
 .text.__sfputc_r
                0x0800c40c       0x2e /mnt/data/gentoo/opt/st/stm32cubeide_1.18.1/plugins/com.st.stm32cube.ide.mcu.externaltools.gnu-tools-for-stm32.13.3.rel1.linux64_1.0.0.202410170706/tools/bin/../lib/gcc/arm-none-eabi/13.3.1/../../../../arm-none-eabi/lib/thumb/v7e-m+fp/hard/libc_nano.a(libc_a-nano-vfprintf.o)
 .text.__sfputs_r
                0x0800c43a       0x24 /mnt/data/gentoo/opt/st/stm32cubeide_1.18.1/plugins/com.st.stm32cube.ide.mcu.externaltools.gnu-tools-for-stm32.13.3.rel1.linux64_1.0.0.202410170706/tools/bin/../lib/gcc/arm-none-eabi/13.3.1/../../../../arm-none-eabi/lib/thumb/v7e-m+fp/hard/libc_nano.a(libc_a-nano-vfprintf.o)
                0x0800c43a                __sfputs_r
 *fill*         0x0800c45e        0x2 
 .text._vfprintf_r
                0x0800c460      0x230 /mnt/data/gentoo/opt/st/stm32cubeide_1.18.1/plugins/com.st.stm32cube.ide.mcu.externaltools.gnu-tools-for-stm32.13.3.rel1.linux64_1.0.0.202410170706/tools/bin/../lib/gcc/arm-none-eabi/13.3.1/../../../../arm-none-eabi/lib/thumb/v7e-m+fp/hard/libc_nano.a(libc_a-nano-vfprintf.o)
                0x0800c460                _vfiprintf_r
                0x0800c460                _vfprintf_r
 .text._printf_common
                0x0800c690       0xda /mnt/data/gentoo/opt/st/stm32cubeide_1.18.1/plugins/com.st.stm32cube.ide.mcu.externaltools.gnu-tools-for-stm32.13.3.rel1.linux64_1.0.0.202410170706/tools/bin/../lib/gcc/arm-none-eabi/13.3.1/../../../../arm-none-eabi/lib/thumb/v7e-m+fp/hard/libc_nano.a(libc_a-nano-vfprintf_i.o)
                0x0800c690                _printf_common
 *fill*         0x0800c76a        0x2 
 .text._printf_i
                0x0800c76c      0x23c /mnt/data/gentoo/opt/st/stm32cubeide_1.18.1/plugins/com.st.stm32cube.ide.mcu.externaltools.gnu-tools-for-stm32.13.3.rel1.linux64_1.0.0.202410170706/tools/bin/../lib/gcc/arm-none-eabi/13.3.1/../../../../arm-none-eabi/lib/thumb/v7e-m+fp/hard/libc_nano.a(libc_a-nano-vfprintf_i.o)
                0x0800c76c                _printf_i
 .text._scanf_chars
                0x0800c9a8       0xb4 /mnt/data/gentoo/opt/st/stm32cubeide_1.18.1/plugins/com.st.stm32cube.ide.mcu.externaltools.gnu-tools-for-stm32.13.3.rel1.linux64_1.0.0.202410170706/tools/bin/../lib/gcc/arm-none-eabi/13.3.1/../../../../arm-none-eabi/lib/thumb/v7e-m+fp/hard/libc_nano.a(libc_a-nano-vfscanf_i.o)
                0x0800c9a8                _scanf_chars
 .text._scanf_i
                0x0800ca5c      0x1e8 /mnt/data/gentoo/opt/st/stm32cubeide_1.18.1/plugins/com.st.stm32cube.ide.mcu.externaltools.gnu-tools-for-stm32.13.3.rel1.linux64_1.0.0.202410170706/tools/bin/../lib/gcc/arm-none-eabi/13.3.1/../../../../arm-none-eabi/lib/thumb/v7e-m+fp/hard/libc_nano.a(libc_a-nano-vfscanf_i.o)
                0x0800ca5c                _scanf_i
 .text.__sflush_r
                0x0800cc44      0x108 /mnt/data/gentoo/opt/st/stm32cubeide_1.18.1/plugins/com.st.stm32cube.ide.mcu.externaltools.gnu-tools-for-stm32.13.3.rel1.linux64_1.0.0.202410170706/tools/bin/../lib/gcc/arm-none-eabi/13.3.1/../../../../arm-none-eabi/lib/thumb/v7e-m+fp/hard/libc_nano.a(libc_a-fflush.o)
                0x0800cc44                __sflush_r
 .text._fflush_r
                0x0800cd4c       0x50 /mnt/data/gentoo/opt/st/stm32cubeide_1.18.1/plugins/com.st.stm32cube.ide.mcu.externaltools.gnu-tools-for-stm32.13.3.rel1.linux64_1.0.0.202410170706/tools/bin/../lib/gcc/arm-none-eabi/13.3.1/../../../../arm-none-eabi/lib/thumb/v7e-m+fp/hard/libc_nano.a(libc_a-fflush.o)
                0x0800cd4c                _fflush_r
 .text.__swhatbuf_r
                0x0800cd9c       0x4c /mnt/data/gentoo/opt/st/stm32cubeide_1.18.1/plugins/com.st.stm32cube.ide.mcu.externaltools.gnu-tools-for-stm32.13.3.rel1.linux64_1.0.0.202410170706/tools/bin/../lib/gcc/arm-none-eabi/13.3.1/../../../../arm-none-eabi/lib/thumb/v7e-m+fp/hard/libc_nano.a(libc_a-makebuf.o)
                0x0800cd9c                __swhatbuf_r
 .text.__smakebuf_r
                0x0800cde8       0x78 /mnt/data/gentoo/opt/st/stm32cubeide_1.18.1/plugins/com.st.stm32cube.ide.mcu.externaltools.gnu-tools-for-stm32.13.3.rel1.linux64_1.0.0.202410170706/tools/bin/../lib/gcc/arm-none-eabi/13.3.1/../../../../arm-none-eabi/lib/thumb/v7e-m+fp/hard/libc_nano.a(libc_a-makebuf.o)
                0x0800cde8                __smakebuf_r
 .text.__sccl   0x0800ce60       0x72 /mnt/data/gentoo/opt/st/stm32cubeide_1.18.1/plugins/com.st.stm32cube.ide.mcu.externaltools.gnu-tools-for-stm32.13.3.rel1.linux64_1.0.0.202410170706/tools/bin/../lib/gcc/arm-none-eabi/13.3.1/../../../../arm-none-eabi/lib/thumb/v7e-m+fp/hard/libc_nano.a(libc_a-sccl.o)
                0x0800ce60                __sccl
 .text.__submore
                0x0800ced2       0x74 /mnt/data/gentoo/opt/st/stm32cubeide_1.18.1/plugins/com.st.stm32cube.ide.mcu.externaltools.gnu-tools-for-stm32.13.3.rel1.linux64_1.0.0.202410170706/tools/bin/../lib/gcc/arm-none-eabi/13.3.1/../../../../arm-none-eabi/lib/thumb/v7e-m+fp/hard/libc_nano.a(libc_a-ungetc.o)
                0x0800ced2                __submore
 .text.memmove  0x0800cf46       0x34 /mnt/data/gentoo/opt/st/stm32cubeide_1.18.1/plugins/com.st.stm32cube.ide.mcu.externaltools.gnu-tools-for-stm32.13.3.rel1.linux64_1.0.0.202410170706/tools/bin/../lib/gcc/arm-none-eabi/13.3.1/../../../../arm-none-eabi/lib/thumb/v7e-m+fp/hard/libc_nano.a(libc_a-memmove.o)
                0x0800cf46                memmove
 *fill*         0x0800cf7a        0x2 
 .text._fstat_r
                0x0800cf7c       0x24 /mnt/data/gentoo/opt/st/stm32cubeide_1.18.1/plugins/com.st.stm32cube.ide.mcu.externaltools.gnu-tools-for-stm32.13.3.rel1.linux64_1.0.0.202410170706/tools/bin/../lib/gcc/arm-none-eabi/13.3.1/../../../../arm-none-eabi/lib/thumb/v7e-m+fp/hard/libc_nano.a(libc_a-fstatr.o)
                0x0800cf7c                _fstat_r
 .text._isatty_r
                0x0800cfa0       0x20 /mnt/data/gentoo/opt/st/stm32cubeide_1.18.1/plugins/com.st.stm32cube.ide.mcu.externaltools.gnu-tools-for-stm32.13.3.rel1.linux64_1.0.0.202410170706/tools/bin/../lib/gcc/arm-none-eabi/13.3.1/../../../../arm-none-eabi/lib/thumb/v7e-m+fp/hard/libc_nano.a(libc_a-isattyr.o)
                0x0800cfa0                _isatty_r
 .text._sbrk_r  0x0800cfc0       0x20 /mnt/data/gentoo/opt/st/stm32cubeide_1.18.1/plugins/com.st.stm32cube.ide.mcu.externaltools.gnu-tools-for-stm32.13.3.rel1.linux64_1.0.0.202410170706/tools/bin/../lib/gcc/arm-none-eabi/13.3.1/../../../../arm-none-eabi/lib/thumb/v7e-m+fp/hard/libc_nano.a(libc_a-sbrkr.o)
                0x0800cfc0                _sbrk_r
 .text._realloc_r
                0x0800cfe0       0x5c /mnt/data/gentoo/opt/st/stm32cubeide_1.18.1/plugins/com.st.stm32cube.ide.mcu.externaltools.gnu-tools-for-stm32.13.3.rel1.linux64_1.0.0.202410170706/tools/bin/../lib/gcc/arm-none-eabi/13.3.1/../../../../arm-none-eabi/lib/thumb/v7e-m+fp/hard/libc_nano.a(libc_a-reallocr.o)
                0x0800cfe0                _realloc_r
 .text._strtol_l.isra.0
                0x0800d03c       0xf4 /mnt/data/gentoo/opt/st/stm32cubeide_1.18.1/plugins/com.st.stm32cube.ide.mcu.externaltools.gnu-tools-for-stm32.13.3.rel1.linux64_1.0.0.202410170706/tools/bin/../lib/gcc/arm-none-eabi/13.3.1/../../../../arm-none-eabi/lib/thumb/v7e-m+fp/hard/libc_nano.a(libc_a-strtol.o)
 .text._strtol_r
                0x0800d130        0x4 /mnt/data/gentoo/opt/st/stm32cubeide_1.18.1/plugins/com.st.stm32cube.ide.mcu.externaltools.gnu-tools-for-stm32.13.3.rel1.linux64_1.0.0.202410170706/tools/bin/../lib/gcc/arm-none-eabi/13.3.1/../../../../arm-none-eabi/lib/thumb/v7e-m+fp/hard/libc_nano.a(libc_a-strtol.o)
                0x0800d130                _strtol_r
 .text._strtoul_l.isra.0
                0x0800d134       0xdc /mnt/data/gentoo/opt/st/stm32cubeide_1.18.1/plugins/com.st.stm32cube.ide.mcu.externaltools.gnu-tools-for-stm32.13.3.rel1.linux64_1.0.0.202410170706/tools/bin/../lib/gcc/arm-none-eabi/13.3.1/../../../../arm-none-eabi/lib/thumb/v7e-m+fp/hard/libc_nano.a(libc_a-strtoul.o)
 .text._strtoul_r
                0x0800d210        0x4 /mnt/data/gentoo/opt/st/stm32cubeide_1.18.1/plugins/com.st.stm32cube.ide.mcu.externaltools.gnu-tools-for-stm32.13.3.rel1.linux64_1.0.0.202410170706/tools/bin/../lib/gcc/arm-none-eabi/13.3.1/../../../../arm-none-eabi/lib/thumb/v7e-m+fp/hard/libc_nano.a(libc_a-strtoul.o)
                0x0800d210                _strtoul_r
 .text._malloc_usable_size_r
                0x0800d214       0x10 /mnt/data/gentoo/opt/st/stm32cubeide_1.18.1/plugins/com.st.stm32cube.ide.mcu.externaltools.gnu-tools-for-stm32.13.3.rel1.linux64_1.0.0.202410170706/tools/bin/../lib/gcc/arm-none-eabi/13.3.1/../../../../arm-none-eabi/lib/thumb/v7e-m+fp/hard/libc_nano.a(libc_a-msizer.o)
                0x0800d214                _malloc_usable_size_r
 *(.glue_7)
 .glue_7        0x0800d224        0x0 linker stubs
 *(.glue_7t)
 .glue_7t       0x0800d224        0x0 linker stubs
 *(.eh_frame)
 .eh_frame      0x0800d224        0x0 /mnt/data/gentoo/opt/st/stm32cubeide_1.18.1/plugins/com.st.stm32cube.ide.mcu.externaltools.gnu-tools-for-stm32.13.3.rel1.linux64_1.0.0.202410170706/tools/bin/../lib/gcc/arm-none-eabi/13.3.1/thumb/v7e-m+fp/hard/crtbegin.o
 *(.init)
 .init          0x0800d224        0x4 /mnt/data/gentoo/opt/st/stm32cubeide_1.18.1/plugins/com.st.stm32cube.ide.mcu.externaltools.gnu-tools-for-stm32.13.3.rel1.linux64_1.0.0.202410170706/tools/bin/../lib/gcc/arm-none-eabi/13.3.1/thumb/v7e-m+fp/hard/crti.o
                0x0800d224                _init
 .init          0x0800d228        0x8 /mnt/data/gentoo/opt/st/stm32cubeide_1.18.1/plugins/com.st.stm32cube.ide.mcu.externaltools.gnu-tools-for-stm32.13.3.rel1.linux64_1.0.0.202410170706/tools/bin/../lib/gcc/arm-none-eabi/13.3.1/thumb/v7e-m+fp/hard/crtn.o
 *(.fini)
 .fini          0x0800d230        0x4 /mnt/data/gentoo/opt/st/stm32cubeide_1.18.1/plugins/com.st.stm32cube.ide.mcu.externaltools.gnu-tools-for-stm32.13.3.rel1.linux64_1.0.0.202410170706/tools/bin/../lib/gcc/arm-none-eabi/13.3.1/thumb/v7e-m+fp/hard/crti.o
                0x0800d230                _fini
 .fini          0x0800d234        0x8 /mnt/data/gentoo/opt/st/stm32cubeide_1.18.1/plugins/com.st.stm32cube.ide.mcu.externaltools.gnu-tools-for-stm32.13.3.rel1.linux64_1.0.0.202410170706/tools/bin/../lib/gcc/arm-none-eabi/13.3.1/thumb/v7e-m+fp/hard/crtn.o
                0x0800d23c                        . = ALIGN (0x4)
                0x0800d23c                        _etext = .

.vfp11_veneer   0x0800d23c        0x0
 .vfp11_veneer  0x0800d23c        0x0 linker stubs

.v4_bx          0x0800d23c        0x0
 .v4_bx         0x0800d23c        0x0 linker stubs

.iplt           0x0800d23c        0x0
 .iplt          0x0800d23c        0x0 /mnt/data/gentoo/opt/st/stm32cubeide_1.18.1/plugins/com.st.stm32cube.ide.mcu.externaltools.gnu-tools-for-stm32.13.3.rel1.linux64_1.0.0.202410170706/tools/bin/../lib/gcc/arm-none-eabi/13.3.1/thumb/v7e-m+fp/hard/crtbegin.o

.rodata         0x0800d23c      0x438
                0x0800d23c                        . = ALIGN (0x4)
 *(.rodata)
 .rodata        0x0800d23c      0x135 ./Core/Src/console.o
 *fill*         0x0800d371        0x3 
 .rodata        0x0800d374       0x1d ./Core/Src/main.o
 *fill*         0x0800d391        0x3 
 .rodata        0x0800d394       0x77 ./Core/Src/runtime.o
 *fill*         0x0800d40b        0x1 
 .rodata        0x0800d40c        0xc /mnt/data/gentoo/opt/st/stm32cubeide_1.18.1/plugins/com.st.stm32cube.ide.mcu.externaltools.gnu-tools-for-stm32.13.3.rel1.linux64_1.0.0.202410170706/tools/bin/../lib/gcc/arm-none-eabi/13.3.1/../../../../arm-none-eabi/lib/thumb/v7e-m+fp/hard/libc_nano.a(libc_a-nano-vfscanf_i.o)
 *(.rodata*)
 .rodata.steppers_config
                0x0800d418       0xb4 ./Core/Src/runtime.o
 .rodata.default_rampe_config
                0x0800d4cc       0x18 ./Core/Src/runtime.o
 .rodata.AHBPrescTable
                0x0800d4e4       0x10 ./Core/Src/system_stm32g4xx.o
                0x0800d4e4                AHBPrescTable
 .rodata.APBPrescTable
                0x0800d4f4        0x8 ./Core/Src/system_stm32g4xx.o
                0x0800d4f4                APBPrescTable
 .rodata.UARTPrescTable
                0x0800d4fc       0x18 ./Drivers/STM32G4xx_HAL_Driver/Src/stm32g4xx_hal_uart.o
                0x0800d4fc                UARTPrescTable
 .rodata.numerator.1
                0x0800d514        0x8 ./Drivers/STM32G4xx_HAL_Driver/Src/stm32g4xx_hal_uart_ex.o
 .rodata.denominator.0
                0x0800d51c        0x8 ./Drivers/STM32G4xx_HAL_Driver/Src/stm32g4xx_hal_uart_ex.o
 .rodata._svfprintf_r.str1.1
                0x0800d524       0x4e /mnt/data/gentoo/opt/st/stm32cubeide_1.18.1/plugins/com.st.stm32cube.ide.mcu.externaltools.gnu-tools-for-stm32.13.3.rel1.linux64_1.0.0.202410170706/tools/bin/../lib/gcc/arm-none-eabi/13.3.1/../../../../arm-none-eabi/lib/thumb/v7e-m+fp/hard/libc_nano.a(libc_a-nano-svfprintf.o)
                                 0x11 (size before relaxing)
 .rodata.__ssvfscanf_r.str1.1
                0x0800d572        0x4 /mnt/data/gentoo/opt/st/stm32cubeide_1.18.1/plugins/com.st.stm32cube.ide.mcu.externaltools.gnu-tools-for-stm32.13.3.rel1.linux64_1.0.0.202410170706/tools/bin/../lib/gcc/arm-none-eabi/13.3.1/../../../../arm-none-eabi/lib/thumb/v7e-m+fp/hard/libc_nano.a(libc_a-nano-svfscanf.o)
 .rodata._vfprintf_r.str1.1
                0x0800d572       0x11 /mnt/data/gentoo/opt/st/stm32cubeide_1.18.1/plugins/com.st.stm32cube.ide.mcu.externaltools.gnu-tools-for-stm32.13.3.rel1.linux64_1.0.0.202410170706/tools/bin/../lib/gcc/arm-none-eabi/13.3.1/../../../../arm-none-eabi/lib/thumb/v7e-m+fp/hard/libc_nano.a(libc_a-nano-vfprintf.o)
 .rodata._printf_i.str1.1
                0x0800d572       0x22 /mnt/data/gentoo/opt/st/stm32cubeide_1.18.1/plugins/com.st.stm32cube.ide.mcu.externaltools.gnu-tools-for-stm32.13.3.rel1.linux64_1.0.0.202410170706/tools/bin/../lib/gcc/arm-none-eabi/13.3.1/../../../../arm-none-eabi/lib/thumb/v7e-m+fp/hard/libc_nano.a(libc_a-nano-vfprintf_i.o)
 .rodata._scanf_i.str1.1
                0x0800d572       0x12 /mnt/data/gentoo/opt/st/stm32cubeide_1.18.1/plugins/com.st.stm32cube.ide.mcu.externaltools.gnu-tools-for-stm32.13.3.rel1.linux64_1.0.0.202410170706/tools/bin/../lib/gcc/arm-none-eabi/13.3.1/../../../../arm-none-eabi/lib/thumb/v7e-m+fp/hard/libc_nano.a(libc_a-nano-vfscanf_i.o)
 .rodata.str1.1
                0x0800d572        0x9 /mnt/data/gentoo/opt/st/stm32cubeide_1.18.1/plugins/com.st.stm32cube.ide.mcu.externaltools.gnu-tools-for-stm32.13.3.rel1.linux64_1.0.0.202410170706/tools/bin/../lib/gcc/arm-none-eabi/13.3.1/../../../../arm-none-eabi/lib/thumb/v7e-m+fp/hard/libc_nano.a(libc_a-nano-vfscanf_i.o)
 .rodata._ctype_
                0x0800d572      0x101 /mnt/data/gentoo/opt/st/stm32cubeide_1.18.1/plugins/com.st.stm32cube.ide.mcu.externaltools.gnu-tools-for-stm32.13.3.rel1.linux64_1.0.0.202410170706/tools/bin/../lib/gcc/arm-none-eabi/13.3.1/../../../../arm-none-eabi/lib/thumb/v7e-m+fp/hard/libc_nano.a(libc_a-ctype_.o)
                0x0800d572                _ctype_
                0x0800d674                        . = ALIGN (0x4)
 *fill*         0x0800d673        0x1 

.ARM.extab      0x0800d674        0x0
                0x0800d674                        . = ALIGN (0x4)
 *(.ARM.extab* .gnu.linkonce.armextab.*)
                0x0800d674                        . = ALIGN (0x4)

.ARM            0x0800d674        0x8
                0x0800d674                        . = ALIGN (0x4)
                0x0800d674                        __exidx_start = .
 *(.ARM.exidx*)
 .ARM.exidx     0x0800d674        0x8 /mnt/data/gentoo/opt/st/stm32cubeide_1.18.1/plugins/com.st.stm32cube.ide.mcu.externaltools.gnu-tools-for-stm32.13.3.rel1.linux64_1.0.0.202410170706/tools/bin/../lib/gcc/arm-none-eabi/13.3.1/../../../../arm-none-eabi/lib/thumb/v7e-m+fp/hard/libc_nano.a(libc_a-strlen.o)
 .ARM.exidx     0x0800d67c        0x0 /mnt/data/gentoo/opt/st/stm32cubeide_1.18.1/plugins/com.st.stm32cube.ide.mcu.externaltools.gnu-tools-for-stm32.13.3.rel1.linux64_1.0.0.202410170706/tools/bin/../lib/gcc/arm-none-eabi/13.3.1/../../../../arm-none-eabi/lib/thumb/v7e-m+fp/hard/libc_nano.a(libc_a-memchr.o)
                                  0x8 (size before relaxing)
 .ARM.exidx     0x0800d67c        0x0 /mnt/data/gentoo/opt/st/stm32cubeide_1.18.1/plugins/com.st.stm32cube.ide.mcu.externaltools.gnu-tools-for-stm32.13.3.rel1.linux64_1.0.0.202410170706/tools/bin/../lib/gcc/arm-none-eabi/13.3.1/thumb/v7e-m+fp/hard/libgcc.a(_udivmoddi4.o)
                                  0x8 (size before relaxing)
                0x0800d67c                        __exidx_end = .
                0x0800d67c                        . = ALIGN (0x4)

.preinit_array  0x0800d67c        0x0
                0x0800d67c                        . = ALIGN (0x4)
                0x0800d67c                        PROVIDE (__preinit_array_start = .)
 *(.preinit_array*)
                0x0800d67c                        PROVIDE (__preinit_array_end = .)
                0x0800d67c                        . = ALIGN (0x4)

.init_array     0x0800d67c        0x4
                0x0800d67c                        . = ALIGN (0x4)
                0x0800d67c                        PROVIDE (__init_array_start = .)
 *(SORT_BY_NAME(.init_array.*))
 *(.init_array*)
 .init_array    0x0800d67c        0x4 /mnt/data/gentoo/opt/st/stm32cubeide_1.18.1/plugins/com.st.stm32cube.ide.mcu.externaltools.gnu-tools-for-stm32.13.3.rel1.linux64_1.0.0.202410170706/tools/bin/../lib/gcc/arm-none-eabi/13.3.1/thumb/v7e-m+fp/hard/crtbegin.o
                0x0800d680                        PROVIDE (__init_array_end = .)
                0x0800d680                        . = ALIGN (0x4)

.fini_array     0x0800d680        0x4
                0x0800d680                        . = ALIGN (0x4)
                [!provide]                        PROVIDE (__fini_array_start = .)
 *(SORT_BY_NAME(.fini_array.*))
 *(.fini_array*)
 .fini_array    0x0800d680        0x4 /mnt/data/gentoo/opt/st/stm32cubeide_1.18.1/plugins/com.st.stm32cube.ide.mcu.externaltools.gnu-tools-for-stm32.13.3.rel1.linux64_1.0.0.202410170706/tools/bin/../lib/gcc/arm-none-eabi/13.3.1/thumb/v7e-m+fp/hard/crtbegin.o
                [!provide]                        PROVIDE (__fini_array_end = .)
                0x0800d684                        . = ALIGN (0x4)
                0x0800d684                        _sidata = LOADADDR (.data)

.rel.dyn        0x0800d684        0x0
 .rel.iplt      0x0800d684        0x0 /mnt/data/gentoo/opt/st/stm32cubeide_1.18.1/plugins/com.st.stm32cube.ide.mcu.externaltools.gnu-tools-for-stm32.13.3.rel1.linux64_1.0.0.202410170706/tools/bin/../lib/gcc/arm-none-eabi/13.3.1/thumb/v7e-m+fp/hard/crtbegin.o

.data           0x20000000      0x1a4 load address 0x0800d684
                0x20000000                        . = ALIGN (0x4)
                0x20000000                        _sdata = .
 *(.data)
 *(.data*)
 .data.cmd_test
                0x20000000        0xc ./Core/Src/console.o
 .data.commands
                0x2000000c        0x4 ./Core/Src/console.o
 .data.cmd_help
                0x20000010        0xc ./Core/Src/console.o
 .data.cmd_reset
                0x2000001c        0xc ./Core/Src/console.o
 .data.built_in_commands
                0x20000028        0x8 ./Core/Src/console.o
 .data.cons     0x20000030      0x108 ./Core/Src/runtime.o
                0x20000030                cons
 .data.first_time
                0x20000138        0x1 ./Core/Src/runtime.o
 *fill*         0x20000139        0x3 
 .data.SystemCoreClock
                0x2000013c        0x4 ./Core/Src/system_stm32g4xx.o
                0x2000013c                SystemCoreClock
 .data.uwTickPrio
                0x20000140        0x4 ./Drivers/STM32G4xx_HAL_Driver/Src/stm32g4xx_hal.o
                0x20000140                uwTickPrio
 .data.uwTickFreq
                0x20000144        0x4 ./Drivers/STM32G4xx_HAL_Driver/Src/stm32g4xx_hal.o
                0x20000144                uwTickFreq
 .data.__sglue  0x20000148        0xc /mnt/data/gentoo/opt/st/stm32cubeide_1.18.1/plugins/com.st.stm32cube.ide.mcu.externaltools.gnu-tools-for-stm32.13.3.rel1.linux64_1.0.0.202410170706/tools/bin/../lib/gcc/arm-none-eabi/13.3.1/../../../../arm-none-eabi/lib/thumb/v7e-m+fp/hard/libc_nano.a(libc_a-findfp.o)
                0x20000148                __sglue
 .data._impure_ptr
                0x20000154        0x4 /mnt/data/gentoo/opt/st/stm32cubeide_1.18.1/plugins/com.st.stm32cube.ide.mcu.externaltools.gnu-tools-for-stm32.13.3.rel1.linux64_1.0.0.202410170706/tools/bin/../lib/gcc/arm-none-eabi/13.3.1/../../../../arm-none-eabi/lib/thumb/v7e-m+fp/hard/libc_nano.a(libc_a-impure.o)
                0x20000154                _impure_ptr
 .data._impure_data
                0x20000158       0x4c /mnt/data/gentoo/opt/st/stm32cubeide_1.18.1/plugins/com.st.stm32cube.ide.mcu.externaltools.gnu-tools-for-stm32.13.3.rel1.linux64_1.0.0.202410170706/tools/bin/../lib/gcc/arm-none-eabi/13.3.1/../../../../arm-none-eabi/lib/thumb/v7e-m+fp/hard/libc_nano.a(libc_a-impure.o)
                0x20000158                _impure_data
 *(.RamFunc)
 *(.RamFunc*)
                0x200001a4                        . = ALIGN (0x4)
                0x200001a4                        _edata = .

.igot.plt       0x200001a4        0x0 load address 0x0800d828
 .igot.plt      0x200001a4        0x0 /mnt/data/gentoo/opt/st/stm32cubeide_1.18.1/plugins/com.st.stm32cube.ide.mcu.externaltools.gnu-tools-for-stm32.13.3.rel1.linux64_1.0.0.202410170706/tools/bin/../lib/gcc/arm-none-eabi/13.3.1/thumb/v7e-m+fp/hard/crtbegin.o
                0x200001a4                        . = ALIGN (0x4)

.bss            0x200001a4      0x9f0 load address 0x0800d828
                0x200001a4                        _sbss = .
                0x200001a4                        __bss_start__ = _sbss
 *(.bss)
 .bss           0x200001a4       0x1c /mnt/data/gentoo/opt/st/stm32cubeide_1.18.1/plugins/com.st.stm32cube.ide.mcu.externaltools.gnu-tools-for-stm32.13.3.rel1.linux64_1.0.0.202410170706/tools/bin/../lib/gcc/arm-none-eabi/13.3.1/thumb/v7e-m+fp/hard/crtbegin.o
 *(.bss*)
 .bss.hadc2     0x200001c0       0x6c ./Core/Src/main.o
                0x200001c0                hadc2
 .bss.hfdcan2   0x2000022c       0x64 ./Core/Src/main.o
                0x2000022c                hfdcan2
 .bss.hi2c2     0x20000290       0x54 ./Core/Src/main.o
                0x20000290                hi2c2
 .bss.htim1     0x200002e4       0x4c ./Core/Src/main.o
                0x200002e4                htim1
 .bss.htim2     0x20000330       0x4c ./Core/Src/main.o
                0x20000330                htim2
 .bss.htim3     0x2000037c       0x4c ./Core/Src/main.o
                0x2000037c                htim3
 .bss.htim4     0x200003c8       0x4c ./Core/Src/main.o
                0x200003c8                htim4
 .bss.htim15    0x20000414       0x4c ./Core/Src/main.o
                0x20000414                htim15
 .bss.htim20    0x20000460       0x4c ./Core/Src/main.o
                0x20000460                htim20
 .bss.huart2    0x200004ac       0x94 ./Core/Src/main.o
                0x200004ac                huart2
 .bss.hpcd_USB_FS
                0x20000540      0x2dc ./Core/Src/main.o
                0x20000540                hpcd_USB_FS
 .bss.steppers  0x2000081c      0x1ec ./Core/Src/runtime.o
 .bss.loop_manager
                0x20000a08        0xc ./Core/Src/runtime.o
                0x20000a08                loop_manager
 .bss.last_time
                0x20000a14        0x4 ./Core/Src/runtime.o
 .bss.uart_current_cmd
                0x20000a18        0x1 ./Core/Src/runtime.o
                0x20000a18                uart_current_cmd
 *fill*         0x20000a19        0x3 
 .bss.uart_receive_buffer
                0x20000a1c       0x10 ./Core/Src/runtime.o
                0x20000a1c                uart_receive_buffer
 .bss.uart_transmit_buffer
                0x20000a2c       0x10 ./Core/Src/runtime.o
                0x20000a2c                uart_transmit_buffer
 .bss.freq      0x20000a3c        0x4 ./Core/Src/stepper_control.o
                0x20000a3c                freq
 .bss.__sbrk_heap_end
                0x20000a40        0x4 ./Core/Src/sysmem.o
 .bss.uwTick    0x20000a44        0x4 ./Drivers/STM32G4xx_HAL_Driver/Src/stm32g4xx_hal.o
                0x20000a44                uwTick
 .bss.__sf      0x20000a48      0x138 /mnt/data/gentoo/opt/st/stm32cubeide_1.18.1/plugins/com.st.stm32cube.ide.mcu.externaltools.gnu-tools-for-stm32.13.3.rel1.linux64_1.0.0.202410170706/tools/bin/../lib/gcc/arm-none-eabi/13.3.1/../../../../arm-none-eabi/lib/thumb/v7e-m+fp/hard/libc_nano.a(libc_a-findfp.o)
                0x20000a48                __sf
 .bss.__stdio_exit_handler
                0x20000b80        0x4 /mnt/data/gentoo/opt/st/stm32cubeide_1.18.1/plugins/com.st.stm32cube.ide.mcu.externaltools.gnu-tools-for-stm32.13.3.rel1.linux64_1.0.0.202410170706/tools/bin/../lib/gcc/arm-none-eabi/13.3.1/../../../../arm-none-eabi/lib/thumb/v7e-m+fp/hard/libc_nano.a(libc_a-findfp.o)
                0x20000b80                __stdio_exit_handler
 .bss.errno     0x20000b84        0x4 /mnt/data/gentoo/opt/st/stm32cubeide_1.18.1/plugins/com.st.stm32cube.ide.mcu.externaltools.gnu-tools-for-stm32.13.3.rel1.linux64_1.0.0.202410170706/tools/bin/../lib/gcc/arm-none-eabi/13.3.1/../../../../arm-none-eabi/lib/thumb/v7e-m+fp/hard/libc_nano.a(libc_a-reent.o)
                0x20000b84                errno
 .bss.__lock___malloc_recursive_mutex
                0x20000b88        0x1 /mnt/data/gentoo/opt/st/stm32cubeide_1.18.1/plugins/com.st.stm32cube.ide.mcu.externaltools.gnu-tools-for-stm32.13.3.rel1.linux64_1.0.0.202410170706/tools/bin/../lib/gcc/arm-none-eabi/13.3.1/../../../../arm-none-eabi/lib/thumb/v7e-m+fp/hard/libc_nano.a(libc_a-lock.o)
                0x20000b88                __lock___malloc_recursive_mutex
 .bss.__lock___sfp_recursive_mutex
                0x20000b89        0x1 /mnt/data/gentoo/opt/st/stm32cubeide_1.18.1/plugins/com.st.stm32cube.ide.mcu.externaltools.gnu-tools-for-stm32.13.3.rel1.linux64_1.0.0.202410170706/tools/bin/../lib/gcc/arm-none-eabi/13.3.1/../../../../arm-none-eabi/lib/thumb/v7e-m+fp/hard/libc_nano.a(libc_a-lock.o)
                0x20000b89                __lock___sfp_recursive_mutex
 *fill*         0x20000b8a        0x2 
 .bss.__malloc_sbrk_start
                0x20000b8c        0x4 /mnt/data/gentoo/opt/st/stm32cubeide_1.18.1/plugins/com.st.stm32cube.ide.mcu.externaltools.gnu-tools-for-stm32.13.3.rel1.linux64_1.0.0.202410170706/tools/bin/../lib/gcc/arm-none-eabi/13.3.1/../../../../arm-none-eabi/lib/thumb/v7e-m+fp/hard/libc_nano.a(libc_a-mallocr.o)
                0x20000b8c                __malloc_sbrk_start
 .bss.__malloc_free_list